Archive member included to satisfy reference by file (symbol)

.\CortexM3\ARM_GCC_541\Debug\01_DAC_ADC_DMA_UART_MATLAB_data_transfer.a(CyDmac.o)
                              .\CortexM3\ARM_GCC_541\Debug\Cm3Start.o (CyDmacConfigure)
.\CortexM3\ARM_GCC_541\Debug\01_DAC_ADC_DMA_UART_MATLAB_data_transfer.a(CyLib.o)
                              .\CortexM3\ARM_GCC_541\Debug\Cm3Start.o (CyHalt)
.\CortexM3\ARM_GCC_541\Debug\01_DAC_ADC_DMA_UART_MATLAB_data_transfer.a(cyPm.o)
                              .\CortexM3\ARM_GCC_541\Debug\01_DAC_ADC_DMA_UART_MATLAB_data_transfer.a(CyLib.o) (CyPmReadStatus)
.\CortexM3\ARM_GCC_541\Debug\01_DAC_ADC_DMA_UART_MATLAB_data_transfer.a(UART.o)
                              .\CortexM3\ARM_GCC_541\Debug\main.o (UART_Start)
.\CortexM3\ARM_GCC_541\Debug\01_DAC_ADC_DMA_UART_MATLAB_data_transfer.a(UART_INT.o)
                              .\CortexM3\ARM_GCC_541\Debug\01_DAC_ADC_DMA_UART_MATLAB_data_transfer.a(UART.o) (UART_TXISR)
.\CortexM3\ARM_GCC_541\Debug\01_DAC_ADC_DMA_UART_MATLAB_data_transfer.a(UART_IntClock.o)
                              .\CortexM3\ARM_GCC_541\Debug\01_DAC_ADC_DMA_UART_MATLAB_data_transfer.a(UART.o) (UART_IntClock_Start)
.\CortexM3\ARM_GCC_541\Debug\01_DAC_ADC_DMA_UART_MATLAB_data_transfer.a(ISR_UART_Rx.o)
                              .\CortexM3\ARM_GCC_541\Debug\main.o (ISR_UART_Rx_StartEx)
.\CortexM3\ARM_GCC_541\Debug\01_DAC_ADC_DMA_UART_MATLAB_data_transfer.a(ADC.o)
                              .\CortexM3\ARM_GCC_541\Debug\main.o (ADC_Start)
.\CortexM3\ARM_GCC_541\Debug\01_DAC_ADC_DMA_UART_MATLAB_data_transfer.a(ADC_INT.o)
                              .\CortexM3\ARM_GCC_541\Debug\01_DAC_ADC_DMA_UART_MATLAB_data_transfer.a(ADC.o) (ADC_ISR1)
.\CortexM3\ARM_GCC_541\Debug\01_DAC_ADC_DMA_UART_MATLAB_data_transfer.a(ADC_AMux.o)
                              .\CortexM3\ARM_GCC_541\Debug\01_DAC_ADC_DMA_UART_MATLAB_data_transfer.a(ADC.o) (ADC_AMux_Select)
.\CortexM3\ARM_GCC_541\Debug\01_DAC_ADC_DMA_UART_MATLAB_data_transfer.a(ADC_Ext_CP_Clk.o)
                              .\CortexM3\ARM_GCC_541\Debug\01_DAC_ADC_DMA_UART_MATLAB_data_transfer.a(ADC.o) (ADC_Ext_CP_Clk_SetModeRegister)
.\CortexM3\ARM_GCC_541\Debug\01_DAC_ADC_DMA_UART_MATLAB_data_transfer.a(ADC_theACLK.o)
                              .\CortexM3\ARM_GCC_541\Debug\01_DAC_ADC_DMA_UART_MATLAB_data_transfer.a(ADC.o) (ADC_theACLK_SetModeRegister)
.\CortexM3\ARM_GCC_541\Debug\01_DAC_ADC_DMA_UART_MATLAB_data_transfer.a(WaveDAC.o)
                              .\CortexM3\ARM_GCC_541\Debug\main.o (WaveDAC_Start)
.\CortexM3\ARM_GCC_541\Debug\01_DAC_ADC_DMA_UART_MATLAB_data_transfer.a(WaveDAC_DacClk.o)
                              .\CortexM3\ARM_GCC_541\Debug\01_DAC_ADC_DMA_UART_MATLAB_data_transfer.a(WaveDAC.o) (WaveDAC_DacClk_Start)
.\CortexM3\ARM_GCC_541\Debug\01_DAC_ADC_DMA_UART_MATLAB_data_transfer.a(WaveDAC_Wave1_DMA_dma.o)
                              .\CortexM3\ARM_GCC_541\Debug\01_DAC_ADC_DMA_UART_MATLAB_data_transfer.a(WaveDAC.o) (WaveDAC_Wave1_DMA_DmaInitialize)
.\CortexM3\ARM_GCC_541\Debug\01_DAC_ADC_DMA_UART_MATLAB_data_transfer.a(WaveDAC_Wave2_DMA_dma.o)
                              .\CortexM3\ARM_GCC_541\Debug\01_DAC_ADC_DMA_UART_MATLAB_data_transfer.a(WaveDAC.o) (WaveDAC_Wave2_DMA_DmaInitialize)
.\CortexM3\ARM_GCC_541\Debug\01_DAC_ADC_DMA_UART_MATLAB_data_transfer.a(WaveDAC_VDAC8.o)
                              .\CortexM3\ARM_GCC_541\Debug\01_DAC_ADC_DMA_UART_MATLAB_data_transfer.a(WaveDAC.o) (WaveDAC_VDAC8_Enable)
.\CortexM3\ARM_GCC_541\Debug\01_DAC_ADC_DMA_UART_MATLAB_data_transfer.a(DMA_ADC_dma.o)
                              .\CortexM3\ARM_GCC_541\Debug\main.o (DMA_ADC_DmaInitialize)
.\CortexM3\ARM_GCC_541\Debug\01_DAC_ADC_DMA_UART_MATLAB_data_transfer.a(ISR_DMA_XFER_DONE.o)
                              .\CortexM3\ARM_GCC_541\Debug\main.o (ISR_DMA_XFER_DONE_StartEx)
.\CortexM3\ARM_GCC_541\Debug\01_DAC_ADC_DMA_UART_MATLAB_data_transfer.a(CyBootAsmGnu.o)
                              .\CortexM3\ARM_GCC_541\Debug\cyfitter_cfg.o (CyDelayCycles)
.\CortexM3\ARM_GCC_541\Debug\01_DAC_ADC_DMA_UART_MATLAB_data_transfer.a(CyFlash.o)
                              .\CortexM3\ARM_GCC_541\Debug\01_DAC_ADC_DMA_UART_MATLAB_data_transfer.a(cyPm.o) (CyFlash_SetWaitCycles)
.\CortexM3\ARM_GCC_541\Debug\01_DAC_ADC_DMA_UART_MATLAB_data_transfer.a(CySpc.o)
                              .\CortexM3\ARM_GCC_541\Debug\01_DAC_ADC_DMA_UART_MATLAB_data_transfer.a(CyFlash.o) (CySpcStart)
c:/program files (x86)/cypress/psoc creator/4.2/psoc creator/import/gnu/arm/5.4.1/bin/../lib/gcc/arm-none-eabi/5.4.1/armv7-m\libgcc.a(_arm_addsubdf3.o)
                              .\CortexM3\ARM_GCC_541\Debug\01_DAC_ADC_DMA_UART_MATLAB_data_transfer.a(ADC.o) (__aeabi_f2d)
c:/program files (x86)/cypress/psoc creator/4.2/psoc creator/import/gnu/arm/5.4.1/bin/../lib/gcc/arm-none-eabi/5.4.1/armv7-m\libgcc.a(_arm_cmpdf2.o)
[...]
Memory Configuration

Name             Origin             Length             Attributes
rom              0x00000000         0x00040000         xr
ram              0x1fff8000         0x00010000         xrw
*default*        0x00000000         0xffffffff

Linker script and memory map

LOAD c:/program files (x86)/cypress/psoc creator/4.2/psoc creator/import/gnu/arm/5.4.1/bin/../lib/gcc/arm-none-eabi/5.4.1/armv7-m/crti.o
LOAD c:/program files (x86)/cypress/psoc creator/4.2/psoc creator/import/gnu/arm/5.4.1/bin/../lib/gcc/arm-none-eabi/5.4.1/armv7-m/crtbegin.o
LOAD c:/program files (x86)/cypress/psoc creator/4.2/psoc creator/import/gnu/arm/5.4.1/bin/../lib/gcc/arm-none-eabi/5.4.1/../../../../arm-none-eabi/lib/armv7-m/crt0.o
START GROUP
LOAD .\CortexM3\ARM_GCC_541\Debug\main.o
LOAD .\CortexM3\ARM_GCC_541\Debug\cyfitter_cfg.o
LOAD .\CortexM3\ARM_GCC_541\Debug\cymetadata.o
LOAD .\CortexM3\ARM_GCC_541\Debug\Cm3Start.o
LOAD .\CortexM3\ARM_GCC_541\Debug\01_DAC_ADC_DMA_UART_MATLAB_data_transfer.a
LOAD C:\Program Files (x86)\Cypress\PSoC Creator\4.2\PSoC Creator\psoc\content\cycomponentlibrary\CyComponentLibrary.cylib\CortexM3\ARM_GCC_541\Debug\CyComponentLibrary.a
END GROUP
START GROUP
LOAD c:/program files (x86)/cypress/psoc creator/4.2/psoc creator/import/gnu/arm/5.4.1/bin/../lib/gcc/arm-none-eabi/5.4.1/armv7-m\libgcc.a
LOAD c:/program files (x86)/cypress/psoc creator/4.2/psoc creator/import/gnu/arm/5.4.1/bin/../lib/gcc/arm-none-eabi/5.4.1/../../../../arm-none-eabi/lib/armv7-m\libg_nano.a
LOAD c:/program files (x86)/cypress/psoc creator/4.2/psoc creator/import/gnu/arm/5.4.1/bin/../lib/gcc/arm-none-eabi/5.4.1/../../../../arm-none-eabi/lib/armv7-m\libc_nano.a
END GROUP
START GROUP
LOAD c:/program files (x86)/cypress/psoc creator/4.2/psoc creator/import/gnu/arm/5.4.1/bin/../lib/gcc/arm-none-eabi/5.4.1/armv7-m\libgcc.a
LOAD c:/program files (x86)/cypress/psoc creator/4.2/psoc creator/import/gnu/arm/5.4.1/bin/../lib/gcc/arm-none-eabi/5.4.1/../../../../arm-none-eabi/lib/armv7-m\libc_nano.a
END GROUP
LOAD c:/program files (x86)/cypress/psoc creator/4.2/psoc creator/import/gnu/arm/5.4.1/bin/../lib/gcc/arm-none-eabi/5.4.1/armv7-m/crtend.o
LOAD c:/program files (x86)/cypress/psoc creator/4.2/psoc creator/import/gnu/arm/5.4.1/bin/../lib/gcc/arm-none-eabi/5.4.1/armv7-m/crtn.o
START GROUP
LOAD c:/program files (x86)/cypress/psoc creator/4.2/psoc creator/import/gnu/arm/5.4.1/bin/../lib/gcc/arm-none-eabi/5.4.1/armv7-m\libgcc.a
LOAD c:/program files (x86)/cypress/psoc creator/4.2/psoc creator/import/gnu/arm/5.4.1/bin/../lib/gcc/arm-none-eabi/5.4.1/../../../../arm-none-eabi/lib/armv7-m\libc.a
LOAD c:/program files (x86)/cypress/psoc creator/4.2/psoc creator/import/gnu/arm/5.4.1/bin/../lib/gcc/arm-none-eabi/5.4.1/../../../../arm-none-eabi/lib/armv7-m\libnosys.a
END GROUP
                0x00000000                CY_APPL_ORIGIN = 0x0
                0x00000100                CY_FLASH_ROW_SIZE = 0x100
                0x00000020                CY_ECC_ROW_SIZE = 0x20
                0x00000000                CY_EE_IN_BTLDR = 0x0
                0x00000000                CY_APPL_LOADABLE = 0x0
                0x00000800                CY_EE_SIZE = 0x800
                0x00000001                CY_APPL_NUM = 0x1
                0x00000001                CY_APPL_MAX = 0x1
                0x00000040                CY_METADATA_SIZE = 0x40
                0x00000000                CY_APPL_LOADABLE = 0x0
                0x00000000                CY_CHECKSUM_EXCLUDE_SIZE = ALIGN (0x0, CY_FLASH_ROW_SIZE)
                [!provide]                PROVIDE (__cy_heap_start, _end)
                0x00000001                PROVIDE (__cy_region_num, ((__cy_regions_end - __cy_regions) / 0x10))
                0x20008000                PROVIDE (__cy_stack, (ORIGIN (ram) + LENGTH (ram)))
                [!provide]                PROVIDE (__cy_heap_end, (__cy_stack - 0x800))

.cybootloader   0x00000000        0x0
 *(.cybootloader)
                0x00000000                appl1_start = CY_APPL_ORIGIN?CY_APPL_ORIGIN:ALIGN (CY_FLASH_ROW_SIZE)
                0x0001ff00                appl2_start = (appl1_start + ALIGN ((((LENGTH (rom) - appl1_start) - (0x2 * CY_FLASH_ROW_SIZE)) / 0x2), CY_FLASH_ROW_SIZE))
                0x00000000                appl_start = (CY_APPL_NUM == 0x1)?appl1_start:appl2_start
                0x00000000                ecc_offset = ((appl_start / CY_FLASH_ROW_SIZE) * CY_ECC_ROW_SIZE)
                0x00000000                ee_offset = (CY_APPL_LOADABLE && ! (CY_EE_IN_BTLDR))?((CY_EE_SIZE / CY_APPL_MAX) * (CY_APPL_NUM - 0x1)):0x0
                0x00000800                ee_size = (CY_APPL_LOADABLE && ! (CY_EE_IN_BTLDR))?(CY_EE_SIZE / CY_APPL_MAX):CY_EE_SIZE
                [!provide]                PROVIDE (CY_ECC_OFFSET, ecc_offset)

.text           0x00000000     0x13be
 CREATE_OBJECT_SYMBOLS
                0x00000000                PROVIDE (__cy_interrupt_vector, RomVectors)
 *(.romvectors)
 .romvectors    0x00000000       0x10 .\CortexM3\ARM_GCC_541\Debug\Cm3Start.o
                0x00000000                RomVectors
                0x00000001                ASSERT ((. != __cy_interrupt_vector), No interrupt vector)
                0x00000001                ASSERT (CY_APPL_ORIGIN?(SIZEOF (.cybootloader) <= CY_APPL_ORIGIN):0x1, Wrong image location)
                0x00000010                PROVIDE (__cy_reset, Reset)
 *(.text.Reset)
 .text.Reset    0x00000010       0x18 .\CortexM3\ARM_GCC_541\Debug\Cm3Start.o
                0x00000010                Reset
                0x00000001                ASSERT ((. != __cy_reset), No reset code)
 *(.dma_init)
                0x00000001                ASSERT ((((appl_start + .) <= 0x10000) || 0x1), DMA Init must be within the first 64k of flash)
 *(.text .text.* .gnu.linkonce.t.*)
 .text          0x00000028       0x5c c:/program files (x86)/cypress/psoc creator/4.2/psoc creator/import/gnu/arm/5.4.1/bin/../lib/gcc/arm-none-eabi/5.4.1/armv7-m/crtbegin.o
 .text.ISR_UART_Rx
                0x00000084        0xc .\CortexM3\ARM_GCC_541\Debug\main.o
                0x00000084                ISR_UART_Rx
 .text.ISR_DMA_XFER_DONE
                0x00000090        0xc .\CortexM3\ARM_GCC_541\Debug\main.o
                0x00000090                ISR_DMA_XFER_DONE
 .text.main     0x0000009c       0xf0 .\CortexM3\ARM_GCC_541\Debug\main.o
                0x0000009c                main
 .text.CyClockStartupError
                0x0000018c        0x4 .\CortexM3\ARM_GCC_541\Debug\cyfitter_cfg.o
 .text.cfg_write_bytes32
                0x00000190       0x34 .\CortexM3\ARM_GCC_541\Debug\cyfitter_cfg.o
 .text.AnalogSetDefault
                0x000001c4       0x40 .\CortexM3\ARM_GCC_541\Debug\cyfitter_cfg.o
 .text.CYMEMZERO
                0x00000204        0xc .\CortexM3\ARM_GCC_541\Debug\cyfitter_cfg.o
 .text.CYCONFIGCPY
                0x00000210        0x8 .\CortexM3\ARM_GCC_541\Debug\cyfitter_cfg.o
 .text.ClockSetup
                0x00000218      0x104 .\CortexM3\ARM_GCC_541\Debug\cyfitter_cfg.o
 .text.ADC_AMux_Set
                0x0000031c       0x1c .\CortexM3\ARM_GCC_541\Debug\cyfitter_cfg.o
                0x0000031c                ADC_AMux_Set
 .text.ADC_AMux_Unset
                0x00000338       0x1c .\CortexM3\ARM_GCC_541\Debug\cyfitter_cfg.o
                0x00000338                ADC_AMux_Unset
 .text.cyfitter_cfg
                0x00000354      0x120 .\CortexM3\ARM_GCC_541\Debug\cyfitter_cfg.o
                0x00000354                cyfitter_cfg
 .text.IntDefaultHandler
                0x00000474       0x10 .\CortexM3\ARM_GCC_541\Debug\Cm3Start.o
                0x00000474                IntDefaultHandler
 .text.Start_c  0x00000484       0x4c .\CortexM3\ARM_GCC_541\Debug\Cm3Start.o
                0x00000484                Start_c
 .text.initialize_psoc
                0x000004d0       0x6c .\CortexM3\ARM_GCC_541\Debug\Cm3Start.o
                0x000004d0                initialize_psoc
 .text.CyDmacConfigure
                0x0000053c       0x34 .\CortexM3\ARM_GCC_541\Debug\01_DAC_ADC_DMA_UART_MATLAB_data_transfer.a(CyDmac.o)
                0x0000053c                CyDmacConfigure
 .text.CyDmaChEnable
                0x00000570       0x38 .\CortexM3\ARM_GCC_541\Debug\01_DAC_ADC_DMA_UART_MATLAB_data_transfer.a(CyDmac.o)
                0x00000570                CyDmaChEnable
 .text.CyDmaChPriority
                0x000005a8       0x24 .\CortexM3\ARM_GCC_541\Debug\01_DAC_ADC_DMA_UART_MATLAB_data_transfer.a(CyDmac.o)
                0x000005a8                CyDmaChPriority
 .text.CyDmaChSetExtendedAddress
                0x000005cc       0x34 .\CortexM3\ARM_GCC_541\Debug\01_DAC_ADC_DMA_UART_MATLAB_data_transfer.a(CyDmac.o)
                0x000005cc                CyDmaChSetExtendedAddress
 .text.CyDmaChSetInitialTd
                0x00000600       0x18 .\CortexM3\ARM_GCC_541\Debug\01_DAC_ADC_DMA_UART_MATLAB_data_transfer.a(CyDmac.o)
                0x00000600                CyDmaChSetInitialTd
 .text.CyDmaChSetConfiguration
                0x00000618       0x44 .\CortexM3\ARM_GCC_541\Debug\01_DAC_ADC_DMA_UART_MATLAB_data_transfer.a(CyDmac.o)
                0x00000618                CyDmaChSetConfiguration
 .text.CyDmaTdAllocate
                0x0000065c       0x34 .\CortexM3\ARM_GCC_541\Debug\01_DAC_ADC_DMA_UART_MATLAB_data_transfer.a(CyDmac.o)
                0x0000065c                CyDmaTdAllocate
 .text.CyDmaTdSetConfiguration
                0x00000690       0x28 .\CortexM3\ARM_GCC_541\Debug\01_DAC_ADC_DMA_UART_MATLAB_data_transfer.a(CyDmac.o)
                0x00000690                CyDmaTdSetConfiguration
 .text.CyDmaTdSetAddress
                0x000006b8       0x1c .\CortexM3\ARM_GCC_541\Debug\01_DAC_ADC_DMA_UART_MATLAB_data_transfer.a(CyDmac.o)
                0x000006b8                CyDmaTdSetAddress
 .text.CyHalt   0x000006d4        0x4 .\CortexM3\ARM_GCC_541\Debug\01_DAC_ADC_DMA_UART_MATLAB_data_transfer.a(CyLib.o)
                0x000006d4                CyHalt
 .text.CyDelay  0x000006d8       0x2c .\CortexM3\ARM_GCC_541\Debug\01_DAC_ADC_DMA_UART_MATLAB_data_transfer.a(CyLib.o)
                0x000006d8                CyDelay
 .text.CyDelayUs
                0x00000704       0x14 .\CortexM3\ARM_GCC_541\Debug\01_DAC_ADC_DMA_UART_MATLAB_data_transfer.a(CyLib.o)
                0x00000704                CyDelayUs
 .text.CyIntSetVector
                0x00000718       0x28 .\CortexM3\ARM_GCC_541\Debug\01_DAC_ADC_DMA_UART_MATLAB_data_transfer.a(CyLib.o)
                0x00000718                CyIntSetVector
 .text.CyIntSetPriority
                0x00000740       0x30 .\CortexM3\ARM_GCC_541\Debug\01_DAC_ADC_DMA_UART_MATLAB_data_transfer.a(CyLib.o)
                0x00000740                CyIntSetPriority
 .text.UART_Init
                0x00000770       0x40 .\CortexM3\ARM_GCC_541\Debug\01_DAC_ADC_DMA_UART_MATLAB_data_transfer.a(UART.o)
                0x00000770                UART_Init
 .text.UART_Enable
                0x000007b0       0x48 .\CortexM3\ARM_GCC_541\Debug\01_DAC_ADC_DMA_UART_MATLAB_data_transfer.a(UART.o)
                0x000007b0                UART_Enable
 .text.UART_Start
                0x000007f8       0x1c .\CortexM3\ARM_GCC_541\Debug\01_DAC_ADC_DMA_UART_MATLAB_data_transfer.a(UART.o)
                0x000007f8                UART_Start
 .text.UART_PutChar
                0x00000814       0x7c .\CortexM3\ARM_GCC_541\Debug\01_DAC_ADC_DMA_UART_MATLAB_data_transfer.a(UART.o)
                0x00000814                UART_PutChar
 .text.UART_PutArray
                0x00000890       0x28 .\CortexM3\ARM_GCC_541\Debug\01_DAC_ADC_DMA_UART_MATLAB_data_transfer.a(UART.o)
                0x00000890                UART_PutArray
 .text.UART_TXISR
                0x000008b8       0x5c .\CortexM3\ARM_GCC_541\Debug\01_DAC_ADC_DMA_UART_MATLAB_data_transfer.a(UART_INT.o)
                0x000008b8                UART_TXISR
 .text.UART_IntClock_Start
                0x00000914       0x1c .\CortexM3\ARM_GCC_541\Debug\01_DAC_ADC_DMA_UART_MATLAB_data_transfer.a(UART_IntClock.o)
                0x00000914                UART_IntClock_Start
 .text.ISR_UART_Rx_SetVector
                0x00000930        0xc .\CortexM3\ARM_GCC_541\Debug\01_DAC_ADC_DMA_UART_MATLAB_data_transfer.a(ISR_UART_Rx.o)
                0x00000930                ISR_UART_Rx_SetVector
 .text.ISR_UART_Rx_SetPriority
                0x0000093c       0x10 .\CortexM3\ARM_GCC_541\Debug\01_DAC_ADC_DMA_UART_MATLAB_data_transfer.a(ISR_UART_Rx.o)
                0x0000093c                ISR_UART_Rx_SetPriority
 .text.ISR_UART_Rx_Enable
                0x0000094c        0xc .\CortexM3\ARM_GCC_541\Debug\01_DAC_ADC_DMA_UART_MATLAB_data_transfer.a(ISR_UART_Rx.o)
                0x0000094c                ISR_UART_Rx_Enable
 .text.ISR_UART_Rx_Disable
                0x00000958        0xc .\CortexM3\ARM_GCC_541\Debug\01_DAC_ADC_DMA_UART_MATLAB_data_transfer.a(ISR_UART_Rx.o)
                0x00000958                ISR_UART_Rx_Disable
 .text.ISR_UART_Rx_StartEx
                0x00000964       0x1c .\CortexM3\ARM_GCC_541\Debug\01_DAC_ADC_DMA_UART_MATLAB_data_transfer.a(ISR_UART_Rx.o)
                0x00000964                ISR_UART_Rx_StartEx
 .text.ADC_GainCompensation
                0x00000980       0xdc .\CortexM3\ARM_GCC_541\Debug\01_DAC_ADC_DMA_UART_MATLAB_data_transfer.a(ADC.o)
 .text.ADC_SetDSMRef0Reg
                0x00000a5c       0x4c .\CortexM3\ARM_GCC_541\Debug\01_DAC_ADC_DMA_UART_MATLAB_data_transfer.a(ADC.o)
 .text.ADC_InitConfig
                0x00000aa8       0xe0 .\CortexM3\ARM_GCC_541\Debug\01_DAC_ADC_DMA_UART_MATLAB_data_transfer.a(ADC.o)
 .text.ADC_Init
                0x00000b88       0xc4 .\CortexM3\ARM_GCC_541\Debug\01_DAC_ADC_DMA_UART_MATLAB_data_transfer.a(ADC.o)
                0x00000b88                ADC_Init
 .text.ADC_Enable
                0x00000c4c       0xd8 .\CortexM3\ARM_GCC_541\Debug\01_DAC_ADC_DMA_UART_MATLAB_data_transfer.a(ADC.o)
                0x00000c4c                ADC_Enable
 .text.ADC_Start
                0x00000d24       0x28 .\CortexM3\ARM_GCC_541\Debug\01_DAC_ADC_DMA_UART_MATLAB_data_transfer.a(ADC.o)
                0x00000d24                ADC_Start
 .text.ADC_StartConvert
                0x00000d4c       0x10 .\CortexM3\ARM_GCC_541\Debug\01_DAC_ADC_DMA_UART_MATLAB_data_transfer.a(ADC.o)
                0x00000d4c                ADC_StartConvert
 .text.ADC_IsEndConversion
                0x00000d5c       0x30 .\CortexM3\ARM_GCC_541\Debug\01_DAC_ADC_DMA_UART_MATLAB_data_transfer.a(ADC.o)
                0x00000d5c                ADC_IsEndConversion
 .text.ADC_GetResult32
                0x00000d8c       0x6c .\CortexM3\ARM_GCC_541\Debug\01_DAC_ADC_DMA_UART_MATLAB_data_transfer.a(ADC.o)
                0x00000d8c                ADC_GetResult32
 .text.ADC_ISR1
                0x00000df8        0x4 .\CortexM3\ARM_GCC_541\Debug\01_DAC_ADC_DMA_UART_MATLAB_data_transfer.a(ADC_INT.o)
                0x00000df8                ADC_ISR1
 .text.ADC_AMux_Start
                0x00000dfc       0x20 .\CortexM3\ARM_GCC_541\Debug\01_DAC_ADC_DMA_UART_MATLAB_data_transfer.a(ADC_AMux.o)
                0x00000dfc                ADC_AMux_Start
 .text.ADC_AMux_Select
                0x00000e1c       0x18 .\CortexM3\ARM_GCC_541\Debug\01_DAC_ADC_DMA_UART_MATLAB_data_transfer.a(ADC_AMux.o)
                0x00000e1c                ADC_AMux_Select
 .text.ADC_Ext_CP_Clk_GetDividerRegister
                0x00000e34        0xc .\CortexM3\ARM_GCC_541\Debug\01_DAC_ADC_DMA_UART_MATLAB_data_transfer.a(ADC_Ext_CP_Clk.o)
                0x00000e34                ADC_Ext_CP_Clk_GetDividerRegister
 .text.ADC_Ext_CP_Clk_SetModeRegister
                0x00000e40       0x14 .\CortexM3\ARM_GCC_541\Debug\01_DAC_ADC_DMA_UART_MATLAB_data_transfer.a(ADC_Ext_CP_Clk.o)
                0x00000e40                ADC_Ext_CP_Clk_SetModeRegister
 .text.ADC_Ext_CP_Clk_GetSourceRegister
                0x00000e54       0x10 .\CortexM3\ARM_GCC_541\Debug\01_DAC_ADC_DMA_UART_MATLAB_data_transfer.a(ADC_Ext_CP_Clk.o)
                0x00000e54                ADC_Ext_CP_Clk_GetSourceRegister
 .text.ADC_Ext_CP_Clk_SetDividerRegister
                0x00000e64       0xd8 .\CortexM3\ARM_GCC_541\Debug\01_DAC_ADC_DMA_UART_MATLAB_data_transfer.a(ADC_Ext_CP_Clk.o)
                0x00000e64                ADC_Ext_CP_Clk_SetDividerRegister
 .text.ADC_theACLK_GetDividerRegister
                0x00000f3c        0xc .\CortexM3\ARM_GCC_541\Debug\01_DAC_ADC_DMA_UART_MATLAB_data_transfer.a(ADC_theACLK.o)
                0x00000f3c                ADC_theACLK_GetDividerRegister
 .text.ADC_theACLK_SetModeRegister
                0x00000f48       0x14 .\CortexM3\ARM_GCC_541\Debug\01_DAC_ADC_DMA_UART_MATLAB_data_transfer.a(ADC_theACLK.o)
                0x00000f48                ADC_theACLK_SetModeRegister
 .text.ADC_theACLK_GetSourceRegister
                0x00000f5c       0x10 .\CortexM3\ARM_GCC_541\Debug\01_DAC_ADC_DMA_UART_MATLAB_data_transfer.a(ADC_theACLK.o)
                0x00000f5c                ADC_theACLK_GetSourceRegister
 .text.ADC_theACLK_SetDividerRegister
                0x00000f6c       0xd8 .\CortexM3\ARM_GCC_541\Debug\01_DAC_ADC_DMA_UART_MATLAB_data_transfer.a(ADC_theACLK.o)
                0x00000f6c                ADC_theACLK_SetDividerRegister
 .text.WaveDAC_Enable
                0x00001044       0x28 .\CortexM3\ARM_GCC_541\Debug\01_DAC_ADC_DMA_UART_MATLAB_data_transfer.a(WaveDAC.o)
                0x00001044                WaveDAC_Enable
 .text.WaveDAC_Wave1Setup
                0x0000106c       0x40 .\CortexM3\ARM_GCC_541\Debug\01_DAC_ADC_DMA_UART_MATLAB_data_transfer.a(WaveDAC.o)
                0x0000106c                WaveDAC_Wave1Setup
 .text.WaveDAC_Wave2Setup
                0x000010ac       0x40 .\CortexM3\ARM_GCC_541\Debug\01_DAC_ADC_DMA_UART_MATLAB_data_transfer.a(WaveDAC.o)
                0x000010ac                WaveDAC_Wave2Setup
 .text.WaveDAC_Init
                0x000010ec       0x40 .\CortexM3\ARM_GCC_541\Debug\01_DAC_ADC_DMA_UART_MATLAB_data_transfer.a(WaveDAC.o)
                0x000010ec                WaveDAC_Init
 .text.WaveDAC_Start
                0x0000112c       0x1c .\CortexM3\ARM_GCC_541\Debug\01_DAC_ADC_DMA_UART_MATLAB_data_transfer.a(WaveDAC.o)
                0x0000112c                WaveDAC_Start
 .text.WaveDAC_DacClk_Start
                0x00001148       0x1c .\CortexM3\ARM_GCC_541\Debug\01_DAC_ADC_DMA_UART_MATLAB_data_transfer.a(WaveDAC_DacClk.o)
                0x00001148                WaveDAC_DacClk_Start
 .text.WaveDAC_Wave1_DMA_DmaInitialize
                0x00001164       0x3c .\CortexM3\ARM_GCC_541\Debug\01_DAC_ADC_DMA_UART_MATLAB_data_transfer.a(WaveDAC_Wave1_DMA_dma.o)
                0x00001164                WaveDAC_Wave1_DMA_DmaInitialize
 .text.WaveDAC_Wave2_DMA_DmaInitialize
                0x000011a0       0x3c .\CortexM3\ARM_GCC_541\Debug\01_DAC_ADC_DMA_UART_MATLAB_data_transfer.a(WaveDAC_Wave2_DMA_dma.o)
                0x000011a0                WaveDAC_Wave2_DMA_DmaInitialize
 .text.WaveDAC_VDAC8_Enable
                0x000011dc       0x1c .\CortexM3\ARM_GCC_541\Debug\01_DAC_ADC_DMA_UART_MATLAB_data_transfer.a(WaveDAC_VDAC8.o)
                0x000011dc                WaveDAC_VDAC8_Enable
 .text.WaveDAC_VDAC8_SetSpeed
                0x000011f8       0x1c .\CortexM3\ARM_GCC_541\Debug\01_DAC_ADC_DMA_UART_MATLAB_data_transfer.a(WaveDAC_VDAC8.o)
                0x000011f8                WaveDAC_VDAC8_SetSpeed
 .text.WaveDAC_VDAC8_SetValue
                0x00001214        0xc .\CortexM3\ARM_GCC_541\Debug\01_DAC_ADC_DMA_UART_MATLAB_data_transfer.a(WaveDAC_VDAC8.o)
                0x00001214                WaveDAC_VDAC8_SetValue
 .text.WaveDAC_VDAC8_DacTrim
                0x00001220       0x24 .\CortexM3\ARM_GCC_541\Debug\01_DAC_ADC_DMA_UART_MATLAB_data_transfer.a(WaveDAC_VDAC8.o)
                0x00001220                WaveDAC_VDAC8_DacTrim
 .text.WaveDAC_VDAC8_SetRange
                0x00001244       0x20 .\CortexM3\ARM_GCC_541\Debug\01_DAC_ADC_DMA_UART_MATLAB_data_transfer.a(WaveDAC_VDAC8.o)
                0x00001244                WaveDAC_VDAC8_SetRange
 .text.WaveDAC_VDAC8_Init
                0x00001264       0x2c .\CortexM3\ARM_GCC_541\Debug\01_DAC_ADC_DMA_UART_MATLAB_data_transfer.a(WaveDAC_VDAC8.o)
                0x00001264                WaveDAC_VDAC8_Init
 .text.DMA_ADC_DmaInitialize
                0x00001290       0x3c .\CortexM3\ARM_GCC_541\Debug\01_DAC_ADC_DMA_UART_MATLAB_data_transfer.a(DMA_ADC_dma.o)
                0x00001290                DMA_ADC_DmaInitialize
 .text.ISR_DMA_XFER_DONE_SetVector
                0x000012cc        0xc .\CortexM3\ARM_GCC_541\Debug\01_DAC_ADC_DMA_UART_MATLAB_data_transfer.a(ISR_DMA_XFER_DONE.o)
                0x000012cc                ISR_DMA_XFER_DONE_SetVector
 .text.ISR_DMA_XFER_DONE_SetPriority
                0x000012d8       0x10 .\CortexM3\ARM_GCC_541\Debug\01_DAC_ADC_DMA_UART_MATLAB_data_transfer.a(ISR_DMA_XFER_DONE.o)
                0x000012d8                ISR_DMA_XFER_DONE_SetPriority
 .text.ISR_DMA_XFER_DONE_Enable
                0x000012e8        0xc .\CortexM3\ARM_GCC_541\Debug\01_DAC_ADC_DMA_UART_MATLAB_data_transfer.a(ISR_DMA_XFER_DONE.o)
                0x000012e8                ISR_DMA_XFER_DONE_Enable
 .text.ISR_DMA_XFER_DONE_Disable
                0x000012f4        0xc .\CortexM3\ARM_GCC_541\Debug\01_DAC_ADC_DMA_UART_MATLAB_data_transfer.a(ISR_DMA_XFER_DONE.o)
                0x000012f4                ISR_DMA_XFER_DONE_Disable
 .text.ISR_DMA_XFER_DONE_StartEx
                0x00001300       0x1c .\CortexM3\ARM_GCC_541\Debug\01_DAC_ADC_DMA_UART_MATLAB_data_transfer.a(ISR_DMA_XFER_DONE.o)
                0x00001300                ISR_DMA_XFER_DONE_StartEx
 *fill*         0x0000131c        0x4 
 .text          0x00001320       0x20 .\CortexM3\ARM_GCC_541\Debug\01_DAC_ADC_DMA_UART_MATLAB_data_transfer.a(CyBootAsmGnu.o)
                0x00001320                CyDelayCycles
                0x00001330                CyEnterCriticalSection
                0x00001338                CyExitCriticalSection
 .text.__errno  0x00001340        0xc c:/program files (x86)/cypress/psoc creator/4.2/psoc creator/import/gnu/arm/5.4.1/bin/../lib/gcc/arm-none-eabi/5.4.1/../../../../arm-none-eabi/lib/armv7-m\libg_nano.a(lib_a-errno.o)
                0x00001340                __errno
 .text.__libc_init_array
                0x0000134c       0x4c c:/program files (x86)/cypress/psoc creator/4.2/psoc creator/import/gnu/arm/5.4.1/bin/../lib/gcc/arm-none-eabi/5.4.1/../../../../arm-none-eabi/lib/armv7-m\libg_nano.a(lib_a-init.o)
                0x0000134c                __libc_init_array
 .text.memcpy   0x00001398       0x16 c:/program files (x86)/cypress/psoc creator/4.2/psoc creator/import/gnu/arm/5.4.1/bin/../lib/gcc/arm-none-eabi/5.4.1/../../../../arm-none-eabi/lib/armv7-m\libg_nano.a(lib_a-memcpy-stub.o)
                0x00001398                memcpy
 .text.memset   0x000013ae       0x10 c:/program files (x86)/cypress/psoc creator/4.2/psoc creator/import/gnu/arm/5.4.1/bin/../lib/gcc/arm-none-eabi/5.4.1/../../../../arm-none-eabi/lib/armv7-m\libg_nano.a(lib_a-memset.o)
                0x000013ae                memset
 *(.plt)
 *(.gnu.warning)
 *(.glue_7t)
 .glue_7t       0x000013be        0x0 linker stubs
 *(.glue_7)
 .glue_7        0x000013be        0x0 linker stubs
 *(.vfp11_veneer)
 .vfp11_veneer  0x000013be        0x0 linker stubs
 *(.bootloader)
 *(.ARM.extab* .gnu.linkonce.armextab.*)
 *(.gcc_except_table)

.v4_bx          0x000013c0        0x0
 .v4_bx         0x000013c0        0x0 linker stubs

.iplt           0x000013c0        0x0
 .iplt          0x000013c0        0x0 c:/program files (x86)/cypress/psoc creator/4.2/psoc creator/import/gnu/arm/5.4.1/bin/../lib/gcc/arm-none-eabi/5.4.1/armv7-m/crtbegin.o

.eh_frame_hdr
 *(.eh_frame_hdr)

.eh_frame       0x000013c0        0x4
 *(.eh_frame)
 .eh_frame      0x000013c0        0x0 c:/program files (x86)/cypress/psoc creator/4.2/psoc creator/import/gnu/arm/5.4.1/bin/../lib/gcc/arm-none-eabi/5.4.1/armv7-m/crtbegin.o
 .eh_frame      0x000013c0        0x4 c:/program files (x86)/cypress/psoc creator/4.2/psoc creator/import/gnu/arm/5.4.1/bin/../lib/gcc/arm-none-eabi/5.4.1/armv7-m/crtend.o
                [!provide]                PROVIDE (__exidx_start, .)

.ARM.exidx
 *(.ARM.exidx* .gnu.linkonce.armexidx.*)
                0x000013c4                __exidx_end = .

.rodata         0x000013c4      0x4c4
 *(.rodata .rodata.* .gnu.linkonce.r.*)
 .rodata        0x000013c4       0x3c .\CortexM3\ARM_GCC_541\Debug\cyfitter_cfg.o
                0x000013c4                ADC_AMux__addrTable
                0x000013cc                ADC_AMux__maskTable
 .rodata        0x00001400      0x44c .\CortexM3\ARM_GCC_541\Debug\01_DAC_ADC_DMA_UART_MATLAB_data_transfer.a(WaveDAC.o)
                0x00001400                WaveDAC_wave1
                0x000017e8                WaveDAC_wave2
 .rodata.str1.1
                0x0000184c        0x2 c:/program files (x86)/cypress/psoc creator/4.2/psoc creator/import/gnu/arm/5.4.1/bin/../lib/gcc/arm-none-eabi/5.4.1/../../../../arm-none-eabi/lib/armv7-m\libg_nano.a(lib_a-impure.o)
                0x00001850                . = ALIGN (0x4)
 *fill*         0x0000184e        0x2 
 *(.init)
 .init          0x00001850        0x4 c:/program files (x86)/cypress/psoc creator/4.2/psoc creator/import/gnu/arm/5.4.1/bin/../lib/gcc/arm-none-eabi/5.4.1/armv7-m/crti.o
                0x00001850                _init
 .init          0x00001854        0x8 c:/program files (x86)/cypress/psoc creator/4.2/psoc creator/import/gnu/arm/5.4.1/bin/../lib/gcc/arm-none-eabi/5.4.1/armv7-m/crtn.o
                0x0000185c                . = ALIGN (0x4)
                0x0000185c                __preinit_array_start = .
 *(.preinit_array)
                0x0000185c                __preinit_array_end = .
                0x0000185c                . = ALIGN (0x4)
                0x0000185c                __init_array_start = .
 *(SORT(.init_array.*))
 *(.init_array)
 .init_array    0x0000185c        0x4 c:/program files (x86)/cypress/psoc creator/4.2/psoc creator/import/gnu/arm/5.4.1/bin/../lib/gcc/arm-none-eabi/5.4.1/armv7-m/crtbegin.o
 .init_array    0x00001860        0x4 .\CortexM3\ARM_GCC_541\Debug\Cm3Start.o
                0x00001864                __init_array_end = .
                0x00001864                . = ALIGN (0x4)
 *(.fini)
 .fini          0x00001864        0x4 c:/program files (x86)/cypress/psoc creator/4.2/psoc creator/import/gnu/arm/5.4.1/bin/../lib/gcc/arm-none-eabi/5.4.1/armv7-m/crti.o
                0x00001864                _fini
 .fini          0x00001868        0x8 c:/program files (x86)/cypress/psoc creator/4.2/psoc creator/import/gnu/arm/5.4.1/bin/../lib/gcc/arm-none-eabi/5.4.1/armv7-m/crtn.o
                0x00001870                . = ALIGN (0x4)
                0x00001870                __fini_array_start = .
 *(.fini_array)
 .fini_array    0x00001870        0x4 c:/program files (x86)/cypress/psoc creator/4.2/psoc creator/import/gnu/arm/5.4.1/bin/../lib/gcc/arm-none-eabi/5.4.1/armv7-m/crtbegin.o
 *(SORT(.fini_array.*))
                0x00001874                __fini_array_end = .
                0x00001874                . = ALIGN (0x4)
 *crtbegin.o(.ctors)
 *(EXCLUDE_FILE(*crtend.o) .ctors)
 *(SORT(.ctors.*))
 *crtend.o(.ctors)
                0x00001874                . = ALIGN (0x4)
 *crtbegin.o(.dtors)
 *(EXCLUDE_FILE(*crtend.o) .dtors)
 *(SORT(.dtors.*))
 *crtend.o(.dtors)
                0x00001874                . = ALIGN (0x4)
                0x00001874                __cy_regions = .
                0x00001874        0x4 LONG 0x1888 __cy_region_init_ram
                0x00001878        0x4 LONG 0x1fff80c8 __cy_region_start_data
                0x0000187c        0x4 LONG 0x88 __cy_region_init_size_ram
                0x00001880        0x4 LONG 0x1848 __cy_region_zero_size_ram
                0x00001884                __cy_regions_end = .
                0x00001888                . = ALIGN (0x8)
 *fill*         0x00001884        0x4 
                0x00001888                _etext = .

.cy_checksum_exclude
                0x00001888        0x0
 *(.cy_checksum_exclude)

.ramvectors     0x1fff8000       0xc0
                0x1fff8000                __cy_region_start_ram = .
 *(.ramvectors)
 .ramvectors    0x1fff8000       0xc0 .\CortexM3\ARM_GCC_541\Debug\Cm3Start.o
                0x1fff8000                CyRamVectors

.noinit         0x1fff80c0        0x1
 *(.noinit)
 .noinit        0x1fff80c0        0x1 .\CortexM3\ARM_GCC_541\Debug\01_DAC_ADC_DMA_UART_MATLAB_data_transfer.a(CyLib.o)
                0x1fff80c0                CyResetStatus

.data           0x1fff80c8       0x88 load address 0x00001888
                0x1fff80c8                __cy_region_start_data = .
 *(.jcr)
 .jcr           0x1fff80c8        0x0 c:/program files (x86)/cypress/psoc creator/4.2/psoc creator/import/gnu/arm/5.4.1/bin/../lib/gcc/arm-none-eabi/5.4.1/armv7-m/crtbegin.o
 .jcr           0x1fff80c8        0x4 c:/program files (x86)/cypress/psoc creator/4.2/psoc creator/import/gnu/arm/5.4.1/bin/../lib/gcc/arm-none-eabi/5.4.1/armv7-m/crtend.o
 *(.got.plt)
 *(.got)
 *(.shdata)
 *(.data .data.* .gnu.linkonce.d.*)
 .data          0x1fff80cc        0x8 .\CortexM3\ARM_GCC_541\Debug\01_DAC_ADC_DMA_UART_MATLAB_data_transfer.a(CyDmac.o)
 .data          0x1fff80d4       0x10 .\CortexM3\ARM_GCC_541\Debug\01_DAC_ADC_DMA_UART_MATLAB_data_transfer.a(CyLib.o)
                0x1fff80d4                cydelay_32k_ms
                0x1fff80d8                cydelay_freq_khz
                0x1fff80dc                cydelay_freq_mhz
                0x1fff80e0                cydelay_freq_hz
 .data          0x1fff80e4        0x1 .\CortexM3\ARM_GCC_541\Debug\01_DAC_ADC_DMA_UART_MATLAB_data_transfer.a(ADC.o)
                0x1fff80e4                ADC_Config
 .data          0x1fff80e5        0x1 .\CortexM3\ARM_GCC_541\Debug\01_DAC_ADC_DMA_UART_MATLAB_data_transfer.a(ADC_AMux.o)
 .data          0x1fff80e6        0x1 .\CortexM3\ARM_GCC_541\Debug\01_DAC_ADC_DMA_UART_MATLAB_data_transfer.a(WaveDAC_Wave1_DMA_dma.o)
                0x1fff80e6                WaveDAC_Wave1_DMA_DmaHandle
 .data          0x1fff80e7        0x1 .\CortexM3\ARM_GCC_541\Debug\01_DAC_ADC_DMA_UART_MATLAB_data_transfer.a(WaveDAC_Wave2_DMA_dma.o)
                0x1fff80e7                WaveDAC_Wave2_DMA_DmaHandle
 .data          0x1fff80e8        0x1 .\CortexM3\ARM_GCC_541\Debug\01_DAC_ADC_DMA_UART_MATLAB_data_transfer.a(DMA_ADC_dma.o)
                0x1fff80e8                DMA_ADC_DmaHandle
 *fill*         0x1fff80e9        0x3 
 .data.impure_data
                0x1fff80ec       0x60 c:/program files (x86)/cypress/psoc creator/4.2/psoc creator/import/gnu/arm/5.4.1/bin/../lib/gcc/arm-none-eabi/5.4.1/../../../../arm-none-eabi/lib/armv7-m\libg_nano.a(lib_a-impure.o)
 .data._impure_ptr
                0x1fff814c        0x4 c:/program files (x86)/cypress/psoc creator/4.2/psoc creator/import/gnu/arm/5.4.1/bin/../lib/gcc/arm-none-eabi/5.4.1/../../../../arm-none-eabi/lib/armv7-m\libg_nano.a(lib_a-impure.o)
                0x1fff814c                _impure_ptr
                0x1fff8150                . = ALIGN (0x8)
 *(.ram)
                0x1fff8150                _edata = .

.igot.plt       0x1fff8150        0x0 load address 0x00001910
 .igot.plt      0x1fff8150        0x0 c:/program files (x86)/cypress/psoc creator/4.2/psoc creator/import/gnu/arm/5.4.1/bin/../lib/gcc/arm-none-eabi/5.4.1/armv7-m/crtbegin.o

.bss            0x1fff8150     0x1848 load address 0x00001910
                0x1fff8150                PROVIDE (__bss_start__, .)
 *(.shbss)
 *(.bss .bss.* .gnu.linkonce.b.*)
 .bss           0x1fff8150       0x1c c:/program files (x86)/cypress/psoc creator/4.2/psoc creator/import/gnu/arm/5.4.1/bin/../lib/gcc/arm-none-eabi/5.4.1/armv7-m/crtbegin.o
 .bss           0x1fff816c        0x2 .\CortexM3\ARM_GCC_541\Debug\main.o
                0x1fff816c                rx_buffer_flag
                0x1fff816d                dma_xfer_done_flag
 .bss           0x1fff816e        0x7 .\CortexM3\ARM_GCC_541\Debug\01_DAC_ADC_DMA_UART_MATLAB_data_transfer.a(UART.o)
                0x1fff816e                UART_initVar
                0x1fff8170                UART_txBufferRead
                0x1fff8172                UART_txBufferWrite
 *fill*         0x1fff8175        0x3 
 .bss           0x1fff8178        0xc .\CortexM3\ARM_GCC_541\Debug\01_DAC_ADC_DMA_UART_MATLAB_data_transfer.a(ADC.o)
                0x1fff817c                ADC_stopConversion
                0x1fff817d                ADC_convDone
                0x1fff817e                ADC_initVar
                0x1fff817f                ADC_started
                0x1fff8180                ADC_Offset
 .bss           0x1fff8184        0x5 .\CortexM3\ARM_GCC_541\Debug\01_DAC_ADC_DMA_UART_MATLAB_data_transfer.a(WaveDAC.o)
                0x1fff8188                WaveDAC_initVar
 *(COMMON)
 *fill*         0x1fff8189        0x3 
 COMMON         0x1fff818c     0x1005 .\CortexM3\ARM_GCC_541\Debug\main.o
                0x1fff818c                tx_buffer
                0x1fff898c                DMA_ADC_TD
                0x1fff8990                ADC_buffer
                0x1fff9190                DMA_ADC_Chan
 *fill*         0x1fff9191        0x3 
 COMMON         0x1fff9194      0x800 .\CortexM3\ARM_GCC_541\Debug\01_DAC_ADC_DMA_UART_MATLAB_data_transfer.a(UART.o)
                0x1fff9194                UART_txBuffer
 COMMON         0x1fff9994        0x4 .\CortexM3\ARM_GCC_541\Debug\01_DAC_ADC_DMA_UART_MATLAB_data_transfer.a(ADC.o)
                0x1fff9994                ADC_CountsPerVolt
                0x1fff9998                . = ALIGN (0x8)
 *(.ram.b)
                0x1fff9998                _end = .
                0x1fff9998                __end = .
                0x1fff9998                PROVIDE (end, .)
                0x1fff9998                PROVIDE (__bss_end__, .)
                0x00001888                __cy_region_init_ram = LOADADDR (.data)
                0x00000088                __cy_region_init_size_ram = (_edata - ADDR (.data))
                0x00001848                __cy_region_zero_size_ram = (_end - _edata)

.heap           0x1fff9998       0x80 load address 0x00001910
                0x1fff9998                . = _end
                0x1fff9a18                . = (. + 0x80)
 *fill*         0x1fff9998       0x80 
                0x1fff9a18                __cy_heap_limit = .

.stack          0x20007800      0x800
                0x20007800                __cy_stack_limit = .
                0x20008000                . = (. + 0x800)
 *fill*         0x20007800      0x800 
                0x00000001                ASSERT ((__cy_stack_limit >= __cy_heap_limit), region RAM overflowed with stack)
                0x00000000                cy_checksum_exclude_size = (CY_APPL_LOADABLE == 0x1)?SIZEOF (.cy_checksum_exclude):0x0
                0x00000001                ASSERT ((cy_checksum_exclude_size <= CY_CHECKSUM_EXCLUDE_SIZE), CY_BOOT: Section .cy_checksum_exclude size exceedes specified limit.)

.cyloadermeta
 *(.cyloadermeta)

.cyloadablemeta
 *(.cyloadablemeta)

.cyconfigecc    0x80000000      0x498
 *(.cyconfigecc)
 .cyconfigecc   0x80000000      0x498 .\CortexM3\ARM_GCC_541\Debug\cymetadata.o
                0x80000000                cy_meta_configecc

.cycustnvl      0x90000000        0x4
 *(.cycustnvl)
 .cycustnvl     0x90000000        0x4 .\CortexM3\ARM_GCC_541\Debug\cymetadata.o
                0x90000000                cy_meta_custnvl

.cywolatch      0x90100000        0x4
 *(.cywolatch)
 .cywolatch     0x90100000        0x4 .\CortexM3\ARM_GCC_541\Debug\cymetadata.o
                0x90100000                cy_meta_wonvl

.cyeeprom       0x90200000        0x0
 *(.cyeeprom)
                0x00000001                ASSERT ((. <= ((0x90200000 + ee_offset) + ee_size)), .cyeeprom data will not fit in EEPROM)

.cyflashprotect
                0x90400000      0x100
 *(.cyflashprotect)
 .cyflashprotect
                0x90400000      0x100 .\CortexM3\ARM_GCC_541\Debug\cymetadata.o
                0x90400000                cy_meta_flashprotect

.cymeta         0x90500000        0xc
 *(.cymeta)
 .cymeta        0x90500000        0xc .\CortexM3\ARM_GCC_541\Debug\cymetadata.o
                0x90500000                cy_metadata

.rel.dyn        0x00001910        0x0 load address 0x9050000c
 .rel.iplt      0x00001910        0x0 c:/program files (x86)/cypress/psoc creator/4.2/psoc creator/import/gnu/arm/5.4.1/bin/../lib/gcc/arm-none-eabi/5.4.1/armv7-m/crtbegin.o

.stab
 *(.stab)

.stabstr
 *(.stabstr)

.debug
 *(.debug)

.line
 *(.line)

.debug_srcinfo
 *(.debug_srcinfo)

.debug_sfnames
 *(.debug_sfnames)

.debug_aranges  0x00000000      0xc80
 *(.debug_aranges)
 .debug_aranges
                0x00000000       0x30 .\CortexM3\ARM_GCC_541\Debug\main.o
 .debug_aranges
                0x00000030       0x68 .\CortexM3\ARM_GCC_541\Debug\cyfitter_cfg.o
 .debug_aranges
                0x00000098       0x18 .\CortexM3\ARM_GCC_541\Debug\cymetadata.o
 .debug_aranges
                0x000000b0       0x48 .\CortexM3\ARM_GCC_541\Debug\Cm3Start.o
 .debug_aranges
                0x000000f8       0xd8 .\CortexM3\ARM_GCC_541\Debug\01_DAC_ADC_DMA_UART_MATLAB_data_transfer.a(CyDmac.o)
 .debug_aranges
                0x000001d0      0x2a0 .\CortexM3\ARM_GCC_541\Debug\01_DAC_ADC_DMA_UART_MATLAB_data_transfer.a(CyLib.o)
 .debug_aranges
                0x00000470       0x98 .\CortexM3\ARM_GCC_541\Debug\01_DAC_ADC_DMA_UART_MATLAB_data_transfer.a(cyPm.o)
 .debug_aranges
                0x00000508       0xf0 .\CortexM3\ARM_GCC_541\Debug\01_DAC_ADC_DMA_UART_MATLAB_data_transfer.a(UART.o)
 .debug_aranges
                0x000005f8       0x20 .\CortexM3\ARM_GCC_541\Debug\01_DAC_ADC_DMA_UART_MATLAB_data_transfer.a(UART_INT.o)
 .debug_aranges
                0x00000618       0x70 .\CortexM3\ARM_GCC_541\Debug\01_DAC_ADC_DMA_UART_MATLAB_data_transfer.a(UART_IntClock.o)
 .debug_aranges
                0x00000688       0x80 .\CortexM3\ARM_GCC_541\Debug\01_DAC_ADC_DMA_UART_MATLAB_data_transfer.a(ISR_UART_Rx.o)
 .debug_aranges
                0x00000708       0xe8 .\CortexM3\ARM_GCC_541\Debug\01_DAC_ADC_DMA_UART_MATLAB_data_transfer.a(ADC.o)
 .debug_aranges
                0x000007f0       0x38 .\CortexM3\ARM_GCC_541\Debug\01_DAC_ADC_DMA_UART_MATLAB_data_transfer.a(ADC_INT.o)
 .debug_aranges
                0x00000828       0x30 .\CortexM3\ARM_GCC_541\Debug\01_DAC_ADC_DMA_UART_MATLAB_data_transfer.a(ADC_AMux.o)
 .debug_aranges
                0x00000858       0x70 .\CortexM3\ARM_GCC_541\Debug\01_DAC_ADC_DMA_UART_MATLAB_data_transfer.a(ADC_Ext_CP_Clk.o)
 .debug_aranges
                0x000008c8       0x80 .\CortexM3\ARM_GCC_541\Debug\01_DAC_ADC_DMA_UART_MATLAB_data_transfer.a(ADC_theACLK.o)
 .debug_aranges
                0x00000948       0x50 .\CortexM3\ARM_GCC_541\Debug\01_DAC_ADC_DMA_UART_MATLAB_data_transfer.a(WaveDAC.o)
 .debug_aranges
                0x00000998       0x70 .\CortexM3\ARM_GCC_541\Debug\01_DAC_ADC_DMA_UART_MATLAB_data_transfer.a(WaveDAC_DacClk.o)
 .debug_aranges
                0x00000a08       0x28 .\CortexM3\ARM_GCC_541\Debug\01_DAC_ADC_DMA_UART_MATLAB_data_transfer.a(WaveDAC_Wave1_DMA_dma.o)
 .debug_aranges
                0x00000a30       0x28 .\CortexM3\ARM_GCC_541\Debug\01_DAC_ADC_DMA_UART_MATLAB_data_transfer.a(WaveDAC_Wave2_DMA_dma.o)
 .debug_aranges
                0x00000a58       0x58 .\CortexM3\ARM_GCC_541\Debug\01_DAC_ADC_DMA_UART_MATLAB_data_transfer.a(WaveDAC_VDAC8.o)
 .debug_aranges
                0x00000ab0       0x28 .\CortexM3\ARM_GCC_541\Debug\01_DAC_ADC_DMA_UART_MATLAB_data_transfer.a(DMA_ADC_dma.o)
 .debug_aranges
                0x00000ad8       0x80 .\CortexM3\ARM_GCC_541\Debug\01_DAC_ADC_DMA_UART_MATLAB_data_transfer.a(ISR_DMA_XFER_DONE.o)
 .debug_aranges
                0x00000b58       0x20 .\CortexM3\ARM_GCC_541\Debug\01_DAC_ADC_DMA_UART_MATLAB_data_transfer.a(CyBootAsmGnu.o)
 .debug_aranges
                0x00000b78       0x88 .\CortexM3\ARM_GCC_541\Debug\01_DAC_ADC_DMA_UART_MATLAB_data_transfer.a(CyFlash.o)
 .debug_aranges
                0x00000c00       0x80 .\CortexM3\ARM_GCC_541\Debug\01_DAC_ADC_DMA_UART_MATLAB_data_transfer.a(CySpc.o)

.debug_pubnames
 *(.debug_pubnames)

.debug_info     0x00000000     0x7250
 *(.debug_info .gnu.linkonce.wi.*)
 .debug_info    0x00000000      0x3f0 .\CortexM3\ARM_GCC_541\Debug\main.o
 .debug_info    0x000003f0      0x5f9 .\CortexM3\ARM_GCC_541\Debug\cyfitter_cfg.o
 .debug_info    0x000009e9      0x136 .\CortexM3\ARM_GCC_541\Debug\cymetadata.o
 .debug_info    0x00000b1f      0x3cf .\CortexM3\ARM_GCC_541\Debug\Cm3Start.o
 .debug_info    0x00000eee      0x94e .\CortexM3\ARM_GCC_541\Debug\01_DAC_ADC_DMA_UART_MATLAB_data_transfer.a(CyDmac.o)
 .debug_info    0x0000183c     0x1374 .\CortexM3\ARM_GCC_541\Debug\01_DAC_ADC_DMA_UART_MATLAB_data_transfer.a(CyLib.o)
 .debug_info    0x00002bb0      0xa2a .\CortexM3\ARM_GCC_541\Debug\01_DAC_ADC_DMA_UART_MATLAB_data_transfer.a(cyPm.o)
 .debug_info    0x000035da      0x6d7 .\CortexM3\ARM_GCC_541\Debug\01_DAC_ADC_DMA_UART_MATLAB_data_transfer.a(UART.o)
 .debug_info    0x00003cb1      0x108 .\CortexM3\ARM_GCC_541\Debug\01_DAC_ADC_DMA_UART_MATLAB_data_transfer.a(UART_INT.o)
 .debug_info    0x00003db9      0x283 .\CortexM3\ARM_GCC_541\Debug\01_DAC_ADC_DMA_UART_MATLAB_data_transfer.a(UART_IntClock.o)
 .debug_info    0x0000403c      0x2d2 .\CortexM3\ARM_GCC_541\Debug\01_DAC_ADC_DMA_UART_MATLAB_data_transfer.a(ISR_UART_Rx.o)
 .debug_info    0x0000430e      0xa19 .\CortexM3\ARM_GCC_541\Debug\01_DAC_ADC_DMA_UART_MATLAB_data_transfer.a(ADC.o)
 .debug_info    0x00004d27       0xd3 .\CortexM3\ARM_GCC_541\Debug\01_DAC_ADC_DMA_UART_MATLAB_data_transfer.a(ADC_INT.o)
 .debug_info    0x00004dfa      0x165 .\CortexM3\ARM_GCC_541\Debug\01_DAC_ADC_DMA_UART_MATLAB_data_transfer.a(ADC_AMux.o)
 .debug_info    0x00004f5f      0x283 .\CortexM3\ARM_GCC_541\Debug\01_DAC_ADC_DMA_UART_MATLAB_data_transfer.a(ADC_Ext_CP_Clk.o)
 .debug_info    0x000051e2      0x2c4 .\CortexM3\ARM_GCC_541\Debug\01_DAC_ADC_DMA_UART_MATLAB_data_transfer.a(ADC_theACLK.o)
 .debug_info    0x000054a6      0x519 .\CortexM3\ARM_GCC_541\Debug\01_DAC_ADC_DMA_UART_MATLAB_data_transfer.a(WaveDAC.o)
 .debug_info    0x000059bf      0x283 .\CortexM3\ARM_GCC_541\Debug\01_DAC_ADC_DMA_UART_MATLAB_data_transfer.a(WaveDAC_DacClk.o)
 .debug_info    0x00005c42      0x1aa .\CortexM3\ARM_GCC_541\Debug\01_DAC_ADC_DMA_UART_MATLAB_data_transfer.a(WaveDAC_Wave1_DMA_dma.o)
 .debug_info    0x00005dec      0x1a7 .\CortexM3\ARM_GCC_541\Debug\01_DAC_ADC_DMA_UART_MATLAB_data_transfer.a(WaveDAC_Wave2_DMA_dma.o)
 .debug_info    0x00005f93      0x1de .\CortexM3\ARM_GCC_541\Debug\01_DAC_ADC_DMA_UART_MATLAB_data_transfer.a(WaveDAC_VDAC8.o)
 .debug_info    0x00006171      0x1a8 .\CortexM3\ARM_GCC_541\Debug\01_DAC_ADC_DMA_UART_MATLAB_data_transfer.a(DMA_ADC_dma.o)
 .debug_info    0x00006319      0x2d2 .\CortexM3\ARM_GCC_541\Debug\01_DAC_ADC_DMA_UART_MATLAB_data_transfer.a(ISR_DMA_XFER_DONE.o)
 .debug_info    0x000065eb       0xc8 .\CortexM3\ARM_GCC_541\Debug\01_DAC_ADC_DMA_UART_MATLAB_data_transfer.a(CyBootAsmGnu.o)
 .debug_info    0x000066b3      0x64d .\CortexM3\ARM_GCC_541\Debug\01_DAC_ADC_DMA_UART_MATLAB_data_transfer.a(CyFlash.o)
 .debug_info    0x00006d00      0x550 .\CortexM3\ARM_GCC_541\Debug\01_DAC_ADC_DMA_UART_MATLAB_data_transfer.a(CySpc.o)

.debug_abbrev   0x00000000     0x1f9a
 *(.debug_abbrev)
 .debug_abbrev  0x00000000      0x133 .\CortexM3\ARM_GCC_541\Debug\main.o
 .debug_abbrev  0x00000133      0x21e .\CortexM3\ARM_GCC_541\Debug\cyfitter_cfg.o
 .debug_abbrev  0x00000351       0x77 .\CortexM3\ARM_GCC_541\Debug\cymetadata.o
 .debug_abbrev  0x000003c8      0x1e8 .\CortexM3\ARM_GCC_541\Debug\Cm3Start.o
 .debug_abbrev  0x000005b0      0x1b2 .\CortexM3\ARM_GCC_541\Debug\01_DAC_ADC_DMA_UART_MATLAB_data_transfer.a(CyDmac.o)
 .debug_abbrev  0x00000762      0x254 .\CortexM3\ARM_GCC_541\Debug\01_DAC_ADC_DMA_UART_MATLAB_data_transfer.a(CyLib.o)
 .debug_abbrev  0x000009b6      0x1ab .\CortexM3\ARM_GCC_541\Debug\01_DAC_ADC_DMA_UART_MATLAB_data_transfer.a(cyPm.o)
 .debug_abbrev  0x00000b61      0x16f .\CortexM3\ARM_GCC_541\Debug\01_DAC_ADC_DMA_UART_MATLAB_data_transfer.a(UART.o)
 .debug_abbrev  0x00000cd0       0x79 .\CortexM3\ARM_GCC_541\Debug\01_DAC_ADC_DMA_UART_MATLAB_data_transfer.a(UART_INT.o)
 .debug_abbrev  0x00000d49      0x139 .\CortexM3\ARM_GCC_541\Debug\01_DAC_ADC_DMA_UART_MATLAB_data_transfer.a(UART_IntClock.o)
 .debug_abbrev  0x00000e82      0x173 .\CortexM3\ARM_GCC_541\Debug\01_DAC_ADC_DMA_UART_MATLAB_data_transfer.a(ISR_UART_Rx.o)
 .debug_abbrev  0x00000ff5      0x1eb .\CortexM3\ARM_GCC_541\Debug\01_DAC_ADC_DMA_UART_MATLAB_data_transfer.a(ADC.o)
 .debug_abbrev  0x000011e0       0x42 .\CortexM3\ARM_GCC_541\Debug\01_DAC_ADC_DMA_UART_MATLAB_data_transfer.a(ADC_INT.o)
 .debug_abbrev  0x00001222       0xb1 .\CortexM3\ARM_GCC_541\Debug\01_DAC_ADC_DMA_UART_MATLAB_data_transfer.a(ADC_AMux.o)
 .debug_abbrev  0x000012d3      0x139 .\CortexM3\ARM_GCC_541\Debug\01_DAC_ADC_DMA_UART_MATLAB_data_transfer.a(ADC_Ext_CP_Clk.o)
 .debug_abbrev  0x0000140c      0x121 .\CortexM3\ARM_GCC_541\Debug\01_DAC_ADC_DMA_UART_MATLAB_data_transfer.a(ADC_theACLK.o)
 .debug_abbrev  0x0000152d      0x114 .\CortexM3\ARM_GCC_541\Debug\01_DAC_ADC_DMA_UART_MATLAB_data_transfer.a(WaveDAC.o)
 .debug_abbrev  0x00001641      0x139 .\CortexM3\ARM_GCC_541\Debug\01_DAC_ADC_DMA_UART_MATLAB_data_transfer.a(WaveDAC_DacClk.o)
 .debug_abbrev  0x0000177a       0xcd .\CortexM3\ARM_GCC_541\Debug\01_DAC_ADC_DMA_UART_MATLAB_data_transfer.a(WaveDAC_Wave1_DMA_dma.o)
 .debug_abbrev  0x00001847       0xcd .\CortexM3\ARM_GCC_541\Debug\01_DAC_ADC_DMA_UART_MATLAB_data_transfer.a(WaveDAC_Wave2_DMA_dma.o)
 .debug_abbrev  0x00001914       0xf7 .\CortexM3\ARM_GCC_541\Debug\01_DAC_ADC_DMA_UART_MATLAB_data_transfer.a(WaveDAC_VDAC8.o)
 .debug_abbrev  0x00001a0b       0xcd .\CortexM3\ARM_GCC_541\Debug\01_DAC_ADC_DMA_UART_MATLAB_data_transfer.a(DMA_ADC_dma.o)
 .debug_abbrev  0x00001ad8      0x173 .\CortexM3\ARM_GCC_541\Debug\01_DAC_ADC_DMA_UART_MATLAB_data_transfer.a(ISR_DMA_XFER_DONE.o)
 .debug_abbrev  0x00001c4b       0x14 .\CortexM3\ARM_GCC_541\Debug\01_DAC_ADC_DMA_UART_MATLAB_data_transfer.a(CyBootAsmGnu.o)
 .debug_abbrev  0x00001c5f      0x1a7 .\CortexM3\ARM_GCC_541\Debug\01_DAC_ADC_DMA_UART_MATLAB_data_transfer.a(CyFlash.o)
 .debug_abbrev  0x00001e06      0x194 .\CortexM3\ARM_GCC_541\Debug\01_DAC_ADC_DMA_UART_MATLAB_data_transfer.a(CySpc.o)

.debug_line     0x00000000     0x2f56
 *(.debug_line)
 .debug_line    0x00000000      0x234 .\CortexM3\ARM_GCC_541\Debug\main.o
 .debug_line    0x00000234      0x20a .\CortexM3\ARM_GCC_541\Debug\cyfitter_cfg.o
 .debug_line    0x0000043e      0x141 .\CortexM3\ARM_GCC_541\Debug\cymetadata.o
 .debug_line    0x0000057f      0x241 .\CortexM3\ARM_GCC_541\Debug\Cm3Start.o
 .debug_line    0x000007c0      0x2e4 .\CortexM3\ARM_GCC_541\Debug\01_DAC_ADC_DMA_UART_MATLAB_data_transfer.a(CyDmac.o)
 .debug_line    0x00000aa4      0x816 .\CortexM3\ARM_GCC_541\Debug\01_DAC_ADC_DMA_UART_MATLAB_data_transfer.a(CyLib.o)
 .debug_line    0x000012ba      0x367 .\CortexM3\ARM_GCC_541\Debug\01_DAC_ADC_DMA_UART_MATLAB_data_transfer.a(cyPm.o)
 .debug_line    0x00001621      0x2f9 .\CortexM3\ARM_GCC_541\Debug\01_DAC_ADC_DMA_UART_MATLAB_data_transfer.a(UART.o)
 .debug_line    0x0000191a       0x7d .\CortexM3\ARM_GCC_541\Debug\01_DAC_ADC_DMA_UART_MATLAB_data_transfer.a(UART_INT.o)
 .debug_line    0x00001997      0x17c .\CortexM3\ARM_GCC_541\Debug\01_DAC_ADC_DMA_UART_MATLAB_data_transfer.a(UART_IntClock.o)
 .debug_line    0x00001b13      0x138 .\CortexM3\ARM_GCC_541\Debug\01_DAC_ADC_DMA_UART_MATLAB_data_transfer.a(ISR_UART_Rx.o)
 .debug_line    0x00001c4b      0x350 .\CortexM3\ARM_GCC_541\Debug\01_DAC_ADC_DMA_UART_MATLAB_data_transfer.a(ADC.o)
 .debug_line    0x00001f9b       0x80 .\CortexM3\ARM_GCC_541\Debug\01_DAC_ADC_DMA_UART_MATLAB_data_transfer.a(ADC_INT.o)
 .debug_line    0x0000201b       0xac .\CortexM3\ARM_GCC_541\Debug\01_DAC_ADC_DMA_UART_MATLAB_data_transfer.a(ADC_AMux.o)
 .debug_line    0x000020c7      0x17d .\CortexM3\ARM_GCC_541\Debug\01_DAC_ADC_DMA_UART_MATLAB_data_transfer.a(ADC_Ext_CP_Clk.o)
 .debug_line    0x00002244      0x19d .\CortexM3\ARM_GCC_541\Debug\01_DAC_ADC_DMA_UART_MATLAB_data_transfer.a(ADC_theACLK.o)
 .debug_line    0x000023e1      0x151 .\CortexM3\ARM_GCC_541\Debug\01_DAC_ADC_DMA_UART_MATLAB_data_transfer.a(WaveDAC.o)
 .debug_line    0x00002532      0x17d .\CortexM3\ARM_GCC_541\Debug\01_DAC_ADC_DMA_UART_MATLAB_data_transfer.a(WaveDAC_DacClk.o)
 .debug_line    0x000026af       0x8e .\CortexM3\ARM_GCC_541\Debug\01_DAC_ADC_DMA_UART_MATLAB_data_transfer.a(WaveDAC_Wave1_DMA_dma.o)
 .debug_line    0x0000273d       0x8e .\CortexM3\ARM_GCC_541\Debug\01_DAC_ADC_DMA_UART_MATLAB_data_transfer.a(WaveDAC_Wave2_DMA_dma.o)
 .debug_line    0x000027cb       0xe9 .\CortexM3\ARM_GCC_541\Debug\01_DAC_ADC_DMA_UART_MATLAB_data_transfer.a(WaveDAC_VDAC8.o)
 .debug_line    0x000028b4       0x84 .\CortexM3\ARM_GCC_541\Debug\01_DAC_ADC_DMA_UART_MATLAB_data_transfer.a(DMA_ADC_dma.o)
 .debug_line    0x00002938      0x13e .\CortexM3\ARM_GCC_541\Debug\01_DAC_ADC_DMA_UART_MATLAB_data_transfer.a(ISR_DMA_XFER_DONE.o)
 .debug_line    0x00002a76       0x66 .\CortexM3\ARM_GCC_541\Debug\01_DAC_ADC_DMA_UART_MATLAB_data_transfer.a(CyBootAsmGnu.o)
 .debug_line    0x00002adc      0x21a .\CortexM3\ARM_GCC_541\Debug\01_DAC_ADC_DMA_UART_MATLAB_data_transfer.a(CyFlash.o)
 .debug_line    0x00002cf6      0x260 .\CortexM3\ARM_GCC_541\Debug\01_DAC_ADC_DMA_UART_MATLAB_data_transfer.a(CySpc.o)

.debug_frame    0x00000000     0x1efc
 *(.debug_frame)
 .debug_frame   0x00000000       0x50 .\CortexM3\ARM_GCC_541\Debug\main.o
 .debug_frame   0x00000050      0x104 .\CortexM3\ARM_GCC_541\Debug\cyfitter_cfg.o
 .debug_frame   0x00000154       0xb8 .\CortexM3\ARM_GCC_541\Debug\Cm3Start.o
 .debug_frame   0x0000020c      0x1f8 .\CortexM3\ARM_GCC_541\Debug\01_DAC_ADC_DMA_UART_MATLAB_data_transfer.a(CyDmac.o)
 .debug_frame   0x00000404      0x738 .\CortexM3\ARM_GCC_541\Debug\01_DAC_ADC_DMA_UART_MATLAB_data_transfer.a(CyLib.o)
 .debug_frame   0x00000b3c      0x1f8 .\CortexM3\ARM_GCC_541\Debug\01_DAC_ADC_DMA_UART_MATLAB_data_transfer.a(cyPm.o)
 .debug_frame   0x00000d34      0x268 .\CortexM3\ARM_GCC_541\Debug\01_DAC_ADC_DMA_UART_MATLAB_data_transfer.a(UART.o)
 .debug_frame   0x00000f9c       0x20 .\CortexM3\ARM_GCC_541\Debug\01_DAC_ADC_DMA_UART_MATLAB_data_transfer.a(UART_INT.o)
 .debug_frame   0x00000fbc       0xe0 .\CortexM3\ARM_GCC_541\Debug\01_DAC_ADC_DMA_UART_MATLAB_data_transfer.a(UART_IntClock.o)
 .debug_frame   0x0000109c      0x104 .\CortexM3\ARM_GCC_541\Debug\01_DAC_ADC_DMA_UART_MATLAB_data_transfer.a(ISR_UART_Rx.o)
 .debug_frame   0x000011a0      0x284 .\CortexM3\ARM_GCC_541\Debug\01_DAC_ADC_DMA_UART_MATLAB_data_transfer.a(ADC.o)
 .debug_frame   0x00001424       0x50 .\CortexM3\ARM_GCC_541\Debug\01_DAC_ADC_DMA_UART_MATLAB_data_transfer.a(ADC_INT.o)
 .debug_frame   0x00001474       0x64 .\CortexM3\ARM_GCC_541\Debug\01_DAC_ADC_DMA_UART_MATLAB_data_transfer.a(ADC_AMux.o)
 .debug_frame   0x000014d8       0xe0 .\CortexM3\ARM_GCC_541\Debug\01_DAC_ADC_DMA_UART_MATLAB_data_transfer.a(ADC_Ext_CP_Clk.o)
 .debug_frame   0x000015b8      0x100 .\CortexM3\ARM_GCC_541\Debug\01_DAC_ADC_DMA_UART_MATLAB_data_transfer.a(ADC_theACLK.o)
 .debug_frame   0x000016b8       0xe0 .\CortexM3\ARM_GCC_541\Debug\01_DAC_ADC_DMA_UART_MATLAB_data_transfer.a(WaveDAC.o)
 .debug_frame   0x00001798       0xe0 .\CortexM3\ARM_GCC_541\Debug\01_DAC_ADC_DMA_UART_MATLAB_data_transfer.a(WaveDAC_DacClk.o)
 .debug_frame   0x00001878       0x54 .\CortexM3\ARM_GCC_541\Debug\01_DAC_ADC_DMA_UART_MATLAB_data_transfer.a(WaveDAC_Wave1_DMA_dma.o)
 .debug_frame   0x000018cc       0x54 .\CortexM3\ARM_GCC_541\Debug\01_DAC_ADC_DMA_UART_MATLAB_data_transfer.a(WaveDAC_Wave2_DMA_dma.o)
 .debug_frame   0x00001920       0xb4 .\CortexM3\ARM_GCC_541\Debug\01_DAC_ADC_DMA_UART_MATLAB_data_transfer.a(WaveDAC_VDAC8.o)
 .debug_frame   0x000019d4       0x54 .\CortexM3\ARM_GCC_541\Debug\01_DAC_ADC_DMA_UART_MATLAB_data_transfer.a(DMA_ADC_dma.o)
 .debug_frame   0x00001a28      0x104 .\CortexM3\ARM_GCC_541\Debug\01_DAC_ADC_DMA_UART_MATLAB_data_transfer.a(ISR_DMA_XFER_DONE.o)
 .debug_frame   0x00001b2c      0x194 .\CortexM3\ARM_GCC_541\Debug\01_DAC_ADC_DMA_UART_MATLAB_data_transfer.a(CyFlash.o)
 .debug_frame   0x00001cc0      0x180 .\CortexM3\ARM_GCC_541\Debug\01_DAC_ADC_DMA_UART_MATLAB_data_transfer.a(CySpc.o)
 .debug_frame   0x00001e40       0x20 c:/program files (x86)/cypress/psoc creator/4.2/psoc creator/import/gnu/arm/5.4.1/bin/../lib/gcc/arm-none-eabi/5.4.1/../../../../arm-none-eabi/lib/armv7-m\libg_nano.a(lib_a-errno.o)
 .debug_frame   0x00001e60       0x28 c:/program files (x86)/cypress/psoc creator/4.2/psoc creator/import/gnu/arm/5.4.1/bin/../lib/gcc/arm-none-eabi/5.4.1/../../../../arm-none-eabi/lib/armv7-m\libg_nano.a(lib_a-exit.o)
 .debug_frame   0x00001e88       0x2c c:/program files (x86)/cypress/psoc creator/4.2/psoc creator/import/gnu/arm/5.4.1/bin/../lib/gcc/arm-none-eabi/5.4.1/../../../../arm-none-eabi/lib/armv7-m\libg_nano.a(lib_a-init.o)
 .debug_frame   0x00001eb4       0x28 c:/program files (x86)/cypress/psoc creator/4.2/psoc creator/import/gnu/arm/5.4.1/bin/../lib/gcc/arm-none-eabi/5.4.1/../../../../arm-none-eabi/lib/armv7-m\libg_nano.a(lib_a-memcpy-stub.o)
 .debug_frame   0x00001edc       0x20 c:/program files (x86)/cypress/psoc creator/4.2/psoc creator/import/gnu/arm/5.4.1/bin/../lib/gcc/arm-none-eabi/5.4.1/../../../../arm-none-eabi/lib/armv7-m\libg_nano.a(lib_a-memset.o)

.debug_str      0x00000000     0x2a4b
 *(.debug_str)
 .debug_str     0x00000000      0x35c .\CortexM3\ARM_GCC_541\Debug\main.o
                                0x3ac (size before relaxing)
 .debug_str     0x0000035c      0x1ba .\CortexM3\ARM_GCC_541\Debug\cyfitter_cfg.o
                                0x393 (size before relaxing)
 .debug_str     0x00000516       0x75 .\CortexM3\ARM_GCC_541\Debug\cymetadata.o
                                0x21c (size before relaxing)
 .debug_str     0x0000058b      0x154 .\CortexM3\ARM_GCC_541\Debug\Cm3Start.o
                                0x352 (size before relaxing)
 .debug_str     0x000006df      0x32e .\CortexM3\ARM_GCC_541\Debug\01_DAC_ADC_DMA_UART_MATLAB_data_transfer.a(CyDmac.o)
                                0x582 (size before relaxing)
 .debug_str     0x00000a0d      0x7f1 .\CortexM3\ARM_GCC_541\Debug\01_DAC_ADC_DMA_UART_MATLAB_data_transfer.a(CyLib.o)
                                0xa7f (size before relaxing)
 .debug_str     0x000011fe      0x365 .\CortexM3\ARM_GCC_541\Debug\01_DAC_ADC_DMA_UART_MATLAB_data_transfer.a(cyPm.o)
                                0x76b (size before relaxing)
 .debug_str     0x00001563      0x2e2 .\CortexM3\ARM_GCC_541\Debug\01_DAC_ADC_DMA_UART_MATLAB_data_transfer.a(UART.o)
                                0x52e (size before relaxing)
 .debug_str     0x00001845       0x2d .\CortexM3\ARM_GCC_541\Debug\01_DAC_ADC_DMA_UART_MATLAB_data_transfer.a(UART_INT.o)
                                0x225 (size before relaxing)
 .debug_str     0x00001872      0x183 .\CortexM3\ARM_GCC_541\Debug\01_DAC_ADC_DMA_UART_MATLAB_data_transfer.a(UART_IntClock.o)
                                0x36e (size before relaxing)
 .debug_str     0x000019f5      0x126 .\CortexM3\ARM_GCC_541\Debug\01_DAC_ADC_DMA_UART_MATLAB_data_transfer.a(ISR_UART_Rx.o)
                                0x332 (size before relaxing)
 .debug_str     0x00001b1b      0x31f .\CortexM3\ARM_GCC_541\Debug\01_DAC_ADC_DMA_UART_MATLAB_data_transfer.a(ADC.o)
                                0x601 (size before relaxing)
 .debug_str     0x00001e3a       0x45 .\CortexM3\ARM_GCC_541\Debug\01_DAC_ADC_DMA_UART_MATLAB_data_transfer.a(ADC_INT.o)
                                0x1f8 (size before relaxing)
 .debug_str     0x00001e7f       0x5f .\CortexM3\ARM_GCC_541\Debug\01_DAC_ADC_DMA_UART_MATLAB_data_transfer.a(ADC_AMux.o)
                                0x237 (size before relaxing)
 .debug_str     0x00001ede      0x12a .\CortexM3\ARM_GCC_541\Debug\01_DAC_ADC_DMA_UART_MATLAB_data_transfer.a(ADC_Ext_CP_Clk.o)
                                0x37a (size before relaxing)
 .debug_str     0x00002008      0x14f .\CortexM3\ARM_GCC_541\Debug\01_DAC_ADC_DMA_UART_MATLAB_data_transfer.a(ADC_theACLK.o)
                                0x399 (size before relaxing)
 .debug_str     0x00002157      0x216 .\CortexM3\ARM_GCC_541\Debug\01_DAC_ADC_DMA_UART_MATLAB_data_transfer.a(WaveDAC.o)
                                0x456 (size before relaxing)
 .debug_str     0x0000236d      0x142 .\CortexM3\ARM_GCC_541\Debug\01_DAC_ADC_DMA_UART_MATLAB_data_transfer.a(WaveDAC_DacClk.o)
                                0x37a (size before relaxing)
 .debug_str     0x000024af       0xa3 .\CortexM3\ARM_GCC_541\Debug\01_DAC_ADC_DMA_UART_MATLAB_data_transfer.a(WaveDAC_Wave1_DMA_dma.o)
                                0x2d4 (size before relaxing)
 .debug_str     0x00002552       0x68 .\CortexM3\ARM_GCC_541\Debug\01_DAC_ADC_DMA_UART_MATLAB_data_transfer.a(WaveDAC_Wave2_DMA_dma.o)
                                0x2d4 (size before relaxing)
 .debug_str     0x000025ba       0x73 .\CortexM3\ARM_GCC_541\Debug\01_DAC_ADC_DMA_UART_MATLAB_data_transfer.a(WaveDAC_VDAC8.o)
                                0x2a7 (size before relaxing)
 .debug_str     0x0000262d       0x4a .\CortexM3\ARM_GCC_541\Debug\01_DAC_ADC_DMA_UART_MATLAB_data_transfer.a(DMA_ADC_dma.o)
                                0x2ac (size before relaxing)
 .debug_str     0x00002677      0x174 .\CortexM3\ARM_GCC_541\Debug\01_DAC_ADC_DMA_UART_MATLAB_data_transfer.a(ISR_DMA_XFER_DONE.o)
                                0x386 (size before relaxing)
 .debug_str     0x000027eb      0x1b4 .\CortexM3\ARM_GCC_541\Debug\01_DAC_ADC_DMA_UART_MATLAB_data_transfer.a(CyFlash.o)
                                0x3f8 (size before relaxing)
 .debug_str     0x0000299f       0xac .\CortexM3\ARM_GCC_541\Debug\01_DAC_ADC_DMA_UART_MATLAB_data_transfer.a(CySpc.o)
                                0x370 (size before relaxing)

.debug_loc      0x00000000     0x3805
 *(.debug_loc)
 .debug_loc     0x00000000       0x6b .\CortexM3\ARM_GCC_541\Debug\main.o
 .debug_loc     0x0000006b      0x219 .\CortexM3\ARM_GCC_541\Debug\cyfitter_cfg.o
 .debug_loc     0x00000284      0x144 .\CortexM3\ARM_GCC_541\Debug\Cm3Start.o
 .debug_loc     0x000003c8      0xb8e .\CortexM3\ARM_GCC_541\Debug\01_DAC_ADC_DMA_UART_MATLAB_data_transfer.a(CyDmac.o)
 .debug_loc     0x00000f56      0xa11 .\CortexM3\ARM_GCC_541\Debug\01_DAC_ADC_DMA_UART_MATLAB_data_transfer.a(CyLib.o)
 .debug_loc     0x00001967      0x1e4 .\CortexM3\ARM_GCC_541\Debug\01_DAC_ADC_DMA_UART_MATLAB_data_transfer.a(cyPm.o)
 .debug_loc     0x00001b4b      0x276 .\CortexM3\ARM_GCC_541\Debug\01_DAC_ADC_DMA_UART_MATLAB_data_transfer.a(UART.o)
 .debug_loc     0x00001dc1      0x128 .\CortexM3\ARM_GCC_541\Debug\01_DAC_ADC_DMA_UART_MATLAB_data_transfer.a(UART_IntClock.o)
 .debug_loc     0x00001ee9       0x56 .\CortexM3\ARM_GCC_541\Debug\01_DAC_ADC_DMA_UART_MATLAB_data_transfer.a(ISR_UART_Rx.o)
 .debug_loc     0x00001f3f      0x68c .\CortexM3\ARM_GCC_541\Debug\01_DAC_ADC_DMA_UART_MATLAB_data_transfer.a(ADC.o)
 .debug_loc     0x000025cb       0x6c .\CortexM3\ARM_GCC_541\Debug\01_DAC_ADC_DMA_UART_MATLAB_data_transfer.a(ADC_AMux.o)
 .debug_loc     0x00002637      0x12c .\CortexM3\ARM_GCC_541\Debug\01_DAC_ADC_DMA_UART_MATLAB_data_transfer.a(ADC_Ext_CP_Clk.o)
 .debug_loc     0x00002763      0x14d .\CortexM3\ARM_GCC_541\Debug\01_DAC_ADC_DMA_UART_MATLAB_data_transfer.a(ADC_theACLK.o)
 .debug_loc     0x000028b0      0x11b .\CortexM3\ARM_GCC_541\Debug\01_DAC_ADC_DMA_UART_MATLAB_data_transfer.a(WaveDAC.o)
 .debug_loc     0x000029cb      0x128 .\CortexM3\ARM_GCC_541\Debug\01_DAC_ADC_DMA_UART_MATLAB_data_transfer.a(WaveDAC_DacClk.o)
 .debug_loc     0x00002af3       0x84 .\CortexM3\ARM_GCC_541\Debug\01_DAC_ADC_DMA_UART_MATLAB_data_transfer.a(WaveDAC_Wave1_DMA_dma.o)
 .debug_loc     0x00002b77       0x84 .\CortexM3\ARM_GCC_541\Debug\01_DAC_ADC_DMA_UART_MATLAB_data_transfer.a(WaveDAC_Wave2_DMA_dma.o)
 .debug_loc     0x00002bfb       0x79 .\CortexM3\ARM_GCC_541\Debug\01_DAC_ADC_DMA_UART_MATLAB_data_transfer.a(WaveDAC_VDAC8.o)
 .debug_loc     0x00002c74       0x84 .\CortexM3\ARM_GCC_541\Debug\01_DAC_ADC_DMA_UART_MATLAB_data_transfer.a(DMA_ADC_dma.o)
 .debug_loc     0x00002cf8       0x56 .\CortexM3\ARM_GCC_541\Debug\01_DAC_ADC_DMA_UART_MATLAB_data_transfer.a(ISR_DMA_XFER_DONE.o)
 .debug_loc     0x00002d4e      0x3b2 .\CortexM3\ARM_GCC_541\Debug\01_DAC_ADC_DMA_UART_MATLAB_data_transfer.a(CyFlash.o)
 .debug_loc     0x00003100      0x705 .\CortexM3\ARM_GCC_541\Debug\01_DAC_ADC_DMA_UART_MATLAB_data_transfer.a(CySpc.o)

.debug_macinfo
 *(.debug_macinfo)

.debug_ranges   0x00000000      0xae0
 *(.debug_ranges)
 .debug_ranges  0x00000000       0x38 .\CortexM3\ARM_GCC_541\Debug\main.o
 .debug_ranges  0x00000038       0x58 .\CortexM3\ARM_GCC_541\Debug\cyfitter_cfg.o
 .debug_ranges  0x00000090       0x38 .\CortexM3\ARM_GCC_541\Debug\Cm3Start.o
 .debug_ranges  0x000000c8       0xc8 .\CortexM3\ARM_GCC_541\Debug\01_DAC_ADC_DMA_UART_MATLAB_data_transfer.a(CyDmac.o)
 .debug_ranges  0x00000190      0x290 .\CortexM3\ARM_GCC_541\Debug\01_DAC_ADC_DMA_UART_MATLAB_data_transfer.a(CyLib.o)
 .debug_ranges  0x00000420       0x88 .\CortexM3\ARM_GCC_541\Debug\01_DAC_ADC_DMA_UART_MATLAB_data_transfer.a(cyPm.o)
 .debug_ranges  0x000004a8       0xe0 .\CortexM3\ARM_GCC_541\Debug\01_DAC_ADC_DMA_UART_MATLAB_data_transfer.a(UART.o)
 .debug_ranges  0x00000588       0x10 .\CortexM3\ARM_GCC_541\Debug\01_DAC_ADC_DMA_UART_MATLAB_data_transfer.a(UART_INT.o)
 .debug_ranges  0x00000598       0x60 .\CortexM3\ARM_GCC_541\Debug\01_DAC_ADC_DMA_UART_MATLAB_data_transfer.a(UART_IntClock.o)
 .debug_ranges  0x000005f8       0x70 .\CortexM3\ARM_GCC_541\Debug\01_DAC_ADC_DMA_UART_MATLAB_data_transfer.a(ISR_UART_Rx.o)
 .debug_ranges  0x00000668       0xd8 .\CortexM3\ARM_GCC_541\Debug\01_DAC_ADC_DMA_UART_MATLAB_data_transfer.a(ADC.o)
 .debug_ranges  0x00000740       0x28 .\CortexM3\ARM_GCC_541\Debug\01_DAC_ADC_DMA_UART_MATLAB_data_transfer.a(ADC_INT.o)
 .debug_ranges  0x00000768       0x20 .\CortexM3\ARM_GCC_541\Debug\01_DAC_ADC_DMA_UART_MATLAB_data_transfer.a(ADC_AMux.o)
 .debug_ranges  0x00000788       0x60 .\CortexM3\ARM_GCC_541\Debug\01_DAC_ADC_DMA_UART_MATLAB_data_transfer.a(ADC_Ext_CP_Clk.o)
 .debug_ranges  0x000007e8       0x70 .\CortexM3\ARM_GCC_541\Debug\01_DAC_ADC_DMA_UART_MATLAB_data_transfer.a(ADC_theACLK.o)
 .debug_ranges  0x00000858       0x40 .\CortexM3\ARM_GCC_541\Debug\01_DAC_ADC_DMA_UART_MATLAB_data_transfer.a(WaveDAC.o)
 .debug_ranges  0x00000898       0x60 .\CortexM3\ARM_GCC_541\Debug\01_DAC_ADC_DMA_UART_MATLAB_data_transfer.a(WaveDAC_DacClk.o)
 .debug_ranges  0x000008f8       0x18 .\CortexM3\ARM_GCC_541\Debug\01_DAC_ADC_DMA_UART_MATLAB_data_transfer.a(WaveDAC_Wave1_DMA_dma.o)
 .debug_ranges  0x00000910       0x18 .\CortexM3\ARM_GCC_541\Debug\01_DAC_ADC_DMA_UART_MATLAB_data_transfer.a(WaveDAC_Wave2_DMA_dma.o)
 .debug_ranges  0x00000928       0x48 .\CortexM3\ARM_GCC_541\Debug\01_DAC_ADC_DMA_UART_MATLAB_data_transfer.a(WaveDAC_VDAC8.o)
 .debug_ranges  0x00000970       0x18 .\CortexM3\ARM_GCC_541\Debug\01_DAC_ADC_DMA_UART_MATLAB_data_transfer.a(DMA_ADC_dma.o)
 .debug_ranges  0x00000988       0x70 .\CortexM3\ARM_GCC_541\Debug\01_DAC_ADC_DMA_UART_MATLAB_data_transfer.a(ISR_DMA_XFER_DONE.o)
 .debug_ranges  0x000009f8       0x78 .\CortexM3\ARM_GCC_541\Debug\01_DAC_ADC_DMA_UART_MATLAB_data_transfer.a(CyFlash.o)
 .debug_ranges  0x00000a70       0x70 .\CortexM3\ARM_GCC_541\Debug\01_DAC_ADC_DMA_UART_MATLAB_data_transfer.a(CySpc.o)

.comment        0x00000000       0x6e
 .comment       0x00000000       0x6e .\CortexM3\ARM_GCC_541\Debug\main.o
                                 0x6f (size before relaxing)
 .comment       0x0000006e       0x6f .\CortexM3\ARM_GCC_541\Debug\cyfitter_cfg.o
 .comment       0x0000006e       0x6f .\CortexM3\ARM_GCC_541\Debug\cymetadata.o
 .comment       0x0000006e       0x6f .\CortexM3\ARM_GCC_541\Debug\Cm3Start.o
 .comment       0x0000006e       0x6f .\CortexM3\ARM_GCC_541\Debug\01_DAC_ADC_DMA_UART_MATLAB_data_transfer.a(CyDmac.o)
 .comment       0x0000006e       0x6f .\CortexM3\ARM_GCC_541\Debug\01_DAC_ADC_DMA_UART_MATLAB_data_transfer.a(CyLib.o)
 .comment       0x0000006e       0x6f .\CortexM3\ARM_GCC_541\Debug\01_DAC_ADC_DMA_UART_MATLAB_data_transfer.a(cyPm.o)
 .comment       0x0000006e       0x6f .\CortexM3\ARM_GCC_541\Debug\01_DAC_ADC_DMA_UART_MATLAB_data_transfer.a(UART.o)
 .comment       0x0000006e       0x6f .\CortexM3\ARM_GCC_541\Debug\01_DAC_ADC_DMA_UART_MATLAB_data_transfer.a(UART_INT.o)
 .comment       0x0000006e       0x6f .\CortexM3\ARM_GCC_541\Debug\01_DAC_ADC_DMA_UART_MATLAB_data_transfer.a(UART_IntClock.o)
 .comment       0x0000006e       0x6f .\CortexM3\ARM_GCC_541\Debug\01_DAC_ADC_DMA_UART_MATLAB_data_transfer.a(ISR_UART_Rx.o)
 .comment       0x0000006e       0x6f .\CortexM3\ARM_GCC_541\Debug\01_DAC_ADC_DMA_UART_MATLAB_data_transfer.a(ADC.o)
 .comment       0x0000006e       0x6f .\CortexM3\ARM_GCC_541\Debug\01_DAC_ADC_DMA_UART_MATLAB_data_transfer.a(ADC_INT.o)
 .comment       0x0000006e       0x6f .\CortexM3\ARM_GCC_541\Debug\01_DAC_ADC_DMA_UART_MATLAB_data_transfer.a(ADC_AMux.o)
 .comment       0x0000006e       0x6f .\CortexM3\ARM_GCC_541\Debug\01_DAC_ADC_DMA_UART_MATLAB_data_transfer.a(ADC_Ext_CP_Clk.o)
 .comment       0x0000006e       0x6f .\CortexM3\ARM_GCC_541\Debug\01_DAC_ADC_DMA_UART_MATLAB_data_transfer.a(ADC_theACLK.o)
 .comment       0x0000006e       0x6f .\CortexM3\ARM_GCC_541\Debug\01_DAC_ADC_DMA_UART_MATLAB_data_transfer.a(WaveDAC.o)
 .comment       0x0000006e       0x6f .\CortexM3\ARM_GCC_541\Debug\01_DAC_ADC_DMA_UART_MATLAB_data_transfer.a(WaveDAC_DacClk.o)
 .comment       0x0000006e       0x6f .\CortexM3\ARM_GCC_541\Debug\01_DAC_ADC_DMA_UART_MATLAB_data_transfer.a(WaveDAC_Wave1_DMA_dma.o)
 .comment       0x0000006e       0x6f .\CortexM3\ARM_GCC_541\Debug\01_DAC_ADC_DMA_UART_MATLAB_data_transfer.a(WaveDAC_Wave2_DMA_dma.o)
 .comment       0x0000006e       0x6f .\CortexM3\ARM_GCC_541\Debug\01_DAC_ADC_DMA_UART_MATLAB_data_transfer.a(WaveDAC_VDAC8.o)
 .comment       0x0000006e       0x6f .\CortexM3\ARM_GCC_541\Debug\01_DAC_ADC_DMA_UART_MATLAB_data_transfer.a(DMA_ADC_dma.o)
 .comment       0x0000006e       0x6f .\CortexM3\ARM_GCC_541\Debug\01_DAC_ADC_DMA_UART_MATLAB_data_transfer.a(ISR_DMA_XFER_DONE.o)
 .comment       0x0000006e       0x6f .\CortexM3\ARM_GCC_541\Debug\01_DAC_ADC_DMA_UART_MATLAB_data_transfer.a(CyFlash.o)
 .comment       0x0000006e       0x6f .\CortexM3\ARM_GCC_541\Debug\01_DAC_ADC_DMA_UART_MATLAB_data_transfer.a(CySpc.o)

.debug_weaknames
 *(.debug_weaknames)

.debug_funcnames
 *(.debug_funcnames)

.debug_typenames
 *(.debug_typenames)

.debug_varnames
 *(.debug_varnames)

.note.gnu.arm.ident
 *(.note.gnu.arm.ident)

.ARM.attributes
                0x00000000       0x29
 *(.ARM.attributes)
 .ARM.attributes
                0x00000000       0x1d c:/program files (x86)/cypress/psoc creator/4.2/psoc creator/import/gnu/arm/5.4.1/bin/../lib/gcc/arm-none-eabi/5.4.1/armv7-m/crti.o
 .ARM.attributes
                0x0000001d       0x2d c:/program files (x86)/cypress/psoc creator/4.2/psoc creator/import/gnu/arm/5.4.1/bin/../lib/gcc/arm-none-eabi/5.4.1/armv7-m/crtbegin.o
 .ARM.attributes
                0x0000004a       0x1b c:/program files (x86)/cypress/psoc creator/4.2/psoc creator/import/gnu/arm/5.4.1/bin/../lib/gcc/arm-none-eabi/5.4.1/../../../../arm-none-eabi/lib/armv7-m/crt0.o
 .ARM.attributes
                0x00000065       0x33 .\CortexM3\ARM_GCC_541\Debug\main.o
 .ARM.attributes
                0x00000098       0x33 .\CortexM3\ARM_GCC_541\Debug\cyfitter_cfg.o
 .ARM.attributes
                0x000000cb       0x33 .\CortexM3\ARM_GCC_541\Debug\cymetadata.o
 .ARM.attributes
                0x000000fe       0x33 .\CortexM3\ARM_GCC_541\Debug\Cm3Start.o
 .ARM.attributes
                0x00000131       0x33 .\CortexM3\ARM_GCC_541\Debug\01_DAC_ADC_DMA_UART_MATLAB_data_transfer.a(CyDmac.o)
 .ARM.attributes
                0x00000164       0x33 .\CortexM3\ARM_GCC_541\Debug\01_DAC_ADC_DMA_UART_MATLAB_data_transfer.a(CyLib.o)
 .ARM.attributes
                0x00000197       0x33 .\CortexM3\ARM_GCC_541\Debug\01_DAC_ADC_DMA_UART_MATLAB_data_transfer.a(cyPm.o)
 .ARM.attributes
                0x000001ca       0x33 .\CortexM3\ARM_GCC_541\Debug\01_DAC_ADC_DMA_UART_MATLAB_data_transfer.a(UART.o)
 .ARM.attributes
                0x000001fd       0x33 .\CortexM3\ARM_GCC_541\Debug\01_DAC_ADC_DMA_UART_MATLAB_data_transfer.a(UART_INT.o)
 .ARM.attributes
                0x00000230       0x33 .\CortexM3\ARM_GCC_541\Debug\01_DAC_ADC_DMA_UART_MATLAB_data_transfer.a(UART_IntClock.o)
 .ARM.attributes
                0x00000263       0x33 .\CortexM3\ARM_GCC_541\Debug\01_DAC_ADC_DMA_UART_MATLAB_data_transfer.a(ISR_UART_Rx.o)
 .ARM.attributes
                0x00000296       0x33 .\CortexM3\ARM_GCC_541\Debug\01_DAC_ADC_DMA_UART_MATLAB_data_transfer.a(ADC.o)
 .ARM.attributes
                0x000002c9       0x33 .\CortexM3\ARM_GCC_541\Debug\01_DAC_ADC_DMA_UART_MATLAB_data_transfer.a(ADC_INT.o)
 .ARM.attributes
                0x000002fc       0x33 .\CortexM3\ARM_GCC_541\Debug\01_DAC_ADC_DMA_UART_MATLAB_data_transfer.a(ADC_AMux.o)
 .ARM.attributes
                0x0000032f       0x33 .\CortexM3\ARM_GCC_541\Debug\01_DAC_ADC_DMA_UART_MATLAB_data_transfer.a(ADC_Ext_CP_Clk.o)
 .ARM.attributes
                0x00000362       0x33 .\CortexM3\ARM_GCC_541\Debug\01_DAC_ADC_DMA_UART_MATLAB_data_transfer.a(ADC_theACLK.o)
 .ARM.attributes
                0x00000395       0x33 .\CortexM3\ARM_GCC_541\Debug\01_DAC_ADC_DMA_UART_MATLAB_data_transfer.a(WaveDAC.o)
 .ARM.attributes
                0x000003c8       0x33 .\CortexM3\ARM_GCC_541\Debug\01_DAC_ADC_DMA_UART_MATLAB_data_transfer.a(WaveDAC_DacClk.o)
 .ARM.attributes
                0x000003fb       0x33 .\CortexM3\ARM_GCC_541\Debug\01_DAC_ADC_DMA_UART_MATLAB_data_transfer.a(WaveDAC_Wave1_DMA_dma.o)
 .ARM.attributes
                0x0000042e       0x33 .\CortexM3\ARM_GCC_541\Debug\01_DAC_ADC_DMA_UART_MATLAB_data_transfer.a(WaveDAC_Wave2_DMA_dma.o)
 .ARM.attributes
                0x00000461       0x33 .\CortexM3\ARM_GCC_541\Debug\01_DAC_ADC_DMA_UART_MATLAB_data_transfer.a(WaveDAC_VDAC8.o)
 .ARM.attributes
                0x00000494       0x33 .\CortexM3\ARM_GCC_541\Debug\01_DAC_ADC_DMA_UART_MATLAB_data_transfer.a(DMA_ADC_dma.o)
 .ARM.attributes
                0x000004c7       0x33 .\CortexM3\ARM_GCC_541\Debug\01_DAC_ADC_DMA_UART_MATLAB_data_transfer.a(ISR_DMA_XFER_DONE.o)
 .ARM.attributes
                0x000004fa       0x21 .\CortexM3\ARM_GCC_541\Debug\01_DAC_ADC_DMA_UART_MATLAB_data_transfer.a(CyBootAsmGnu.o)
 .ARM.attributes
                0x0000051b       0x33 .\CortexM3\ARM_GCC_541\Debug\01_DAC_ADC_DMA_UART_MATLAB_data_transfer.a(CyFlash.o)
 .ARM.attributes
                0x0000054e       0x33 .\CortexM3\ARM_GCC_541\Debug\01_DAC_ADC_DMA_UART_MATLAB_data_transfer.a(CySpc.o)
 .ARM.attributes
                0x00000581       0x1d c:/program files (x86)/cypress/psoc creator/4.2/psoc creator/import/gnu/arm/5.4.1/bin/../lib/gcc/arm-none-eabi/5.4.1/armv7-m\libgcc.a(_arm_addsubdf3.o)
 .ARM.attributes
                0x0000059e       0x1d c:/program files (x86)/cypress/psoc creator/4.2/psoc creator/import/gnu/arm/5.4.1/bin/../lib/gcc/arm-none-eabi/5.4.1/armv7-m\libgcc.a(_arm_cmpdf2.o)
 .ARM.attributes
                0x000005bb       0x1d c:/program files (x86)/cypress/psoc creator/4.2/psoc creator/import/gnu/arm/5.4.1/bin/../lib/gcc/arm-none-eabi/5.4.1/armv7-m\libgcc.a(_arm_addsubsf3.o)
 .ARM.attributes
                0x000005d8       0x1d c:/program files (x86)/cypress/psoc creator/4.2/psoc creator/import/gnu/arm/5.4.1/bin/../lib/gcc/arm-none-eabi/5.4.1/armv7-m\libgcc.a(_arm_muldivsf3.o)
 .ARM.attributes
                0x000005f5       0x1d c:/program files (x86)/cypress/psoc creator/4.2/psoc creator/import/gnu/arm/5.4.1/bin/../lib/gcc/arm-none-eabi/5.4.1/armv7-m\libgcc.a(_arm_fixunssfsi.o)
 .ARM.attributes
                0x00000612       0x2d c:/program files (x86)/cypress/psoc creator/4.2/psoc creator/import/gnu/arm/5.4.1/bin/../lib/gcc/arm-none-eabi/5.4.1/../../../../arm-none-eabi/lib/armv7-m\libg_nano.a(lib_a-errno.o)
 .ARM.attributes
                0x0000063f       0x2d c:/program files (x86)/cypress/psoc creator/4.2/psoc creator/import/gnu/arm/5.4.1/bin/../lib/gcc/arm-none-eabi/5.4.1/../../../../arm-none-eabi/lib/armv7-m\libg_nano.a(lib_a-exit.o)
 .ARM.attributes
                0x0000066c       0x2d c:/program files (x86)/cypress/psoc creator/4.2/psoc creator/import/gnu/arm/5.4.1/bin/../lib/gcc/arm-none-eabi/5.4.1/../../../../arm-none-eabi/lib/armv7-m\libg_nano.a(lib_a-impure.o)
 .ARM.attributes
                0x00000699       0x2d c:/program files (x86)/cypress/psoc creator/4.2/psoc creator/import/gnu/arm/5.4.1/bin/../lib/gcc/arm-none-eabi/5.4.1/../../../../arm-none-eabi/lib/armv7-m\libg_nano.a(lib_a-init.o)
 .ARM.attributes
                0x000006c6       0x2d c:/program files (x86)/cypress/psoc creator/4.2/psoc creator/import/gnu/arm/5.4.1/bin/../lib/gcc/arm-none-eabi/5.4.1/../../../../arm-none-eabi/lib/armv7-m\libg_nano.a(lib_a-memcpy-stub.o)
 .ARM.attributes
                0x000006f3       0x2d c:/program files (x86)/cypress/psoc creator/4.2/psoc creator/import/gnu/arm/5.4.1/bin/../lib/gcc/arm-none-eabi/5.4.1/../../../../arm-none-eabi/lib/armv7-m\libg_nano.a(lib_a-memset.o)
 .ARM.attributes
                0x00000720       0x2d c:/program files (x86)/cypress/psoc creator/4.2/psoc creator/import/gnu/arm/5.4.1/bin/../lib/gcc/arm-none-eabi/5.4.1/armv7-m/crtend.o
 .ARM.attributes
                0x0000074d       0x1d c:/program files (x86)/cypress/psoc creator/4.2/psoc creator/import/gnu/arm/5.4.1/bin/../lib/gcc/arm-none-eabi/5.4.1/armv7-m/crtn.o

/DISCARD/
 *(.note.GNU-stack)
OUTPUT(D:\h_da\Lecturs\SS-20-Systytem Driven Hardware Design\freeSoC2\Workspace01\01_DAC_ADC_DMA_UART_MATLAB_data_transfer.cydsn\CortexM3\ARM_GCC_541\Debug\01_DAC_ADC_DMA_UART_MATLAB_data_transfer.elf elf32-littlearm)
