Archive member included to satisfy reference by file (symbol)

.\CortexM3\ARM_GCC_541\Debug\01_DAC_ADC_DMA_UART_MATLAB_data_transfer.a(CyDmac.o)
                              .\CortexM3\ARM_GCC_541\Debug\Cm3Start.o (CyDmacConfigure)
.\CortexM3\ARM_GCC_541\Debug\01_DAC_ADC_DMA_UART_MATLAB_data_transfer.a(CyLib.o)
                              .\CortexM3\ARM_GCC_541\Debug\Cm3Start.o (CyHalt)
.\CortexM3\ARM_GCC_541\Debug\01_DAC_ADC_DMA_UART_MATLAB_data_transfer.a(cyPm.o)
                              .\CortexM3\ARM_GCC_541\Debug\01_DAC_ADC_DMA_UART_MATLAB_data_transfer.a(CyLib.o) (CyPmReadStatus)
.\CortexM3\ARM_GCC_541\Debug\01_DAC_ADC_DMA_UART_MATLAB_data_transfer.a(UART.o)
                              .\CortexM3\ARM_GCC_541\Debug\main.o (UART_Start)
.\CortexM3\ARM_GCC_541\Debug\01_DAC_ADC_DMA_UART_MATLAB_data_transfer.a(UART_INT.o)
                              .\CortexM3\ARM_GCC_541\Debug\01_DAC_ADC_DMA_UART_MATLAB_data_transfer.a(UART.o) (UART_TXISR)
.\CortexM3\ARM_GCC_541\Debug\01_DAC_ADC_DMA_UART_MATLAB_data_transfer.a(UART_IntClock.o)
                              .\CortexM3\ARM_GCC_541\Debug\01_DAC_ADC_DMA_UART_MATLAB_data_transfer.a(UART.o) (UART_IntClock_Start)
.\CortexM3\ARM_GCC_541\Debug\01_DAC_ADC_DMA_UART_MATLAB_data_transfer.a(isr_button.o)
                              .\CortexM3\ARM_GCC_541\Debug\main.o (isr_button_StartEx)
.\CortexM3\ARM_GCC_541\Debug\01_DAC_ADC_DMA_UART_MATLAB_data_transfer.a(led_red.o)
                              .\CortexM3\ARM_GCC_541\Debug\main.o (led_red_Write)
.\CortexM3\ARM_GCC_541\Debug\01_DAC_ADC_DMA_UART_MATLAB_data_transfer.a(led_green.o)
                              .\CortexM3\ARM_GCC_541\Debug\main.o (led_green_Write)
.\CortexM3\ARM_GCC_541\Debug\01_DAC_ADC_DMA_UART_MATLAB_data_transfer.a(ISR_UART_Rx.o)
                              .\CortexM3\ARM_GCC_541\Debug\main.o (ISR_UART_Rx_StartEx)
.\CortexM3\ARM_GCC_541\Debug\01_DAC_ADC_DMA_UART_MATLAB_data_transfer.a(ADC.o)
                              .\CortexM3\ARM_GCC_541\Debug\main.o (ADC_Start)
.\CortexM3\ARM_GCC_541\Debug\01_DAC_ADC_DMA_UART_MATLAB_data_transfer.a(ADC_INT.o)
                              .\CortexM3\ARM_GCC_541\Debug\01_DAC_ADC_DMA_UART_MATLAB_data_transfer.a(ADC.o) (ADC_ISR1)
.\CortexM3\ARM_GCC_541\Debug\01_DAC_ADC_DMA_UART_MATLAB_data_transfer.a(ADC_AMux.o)
                              .\CortexM3\ARM_GCC_541\Debug\01_DAC_ADC_DMA_UART_MATLAB_data_transfer.a(ADC.o) (ADC_AMux_Select)
.\CortexM3\ARM_GCC_541\Debug\01_DAC_ADC_DMA_UART_MATLAB_data_transfer.a(ADC_Ext_CP_Clk.o)
                              .\CortexM3\ARM_GCC_541\Debug\01_DAC_ADC_DMA_UART_MATLAB_data_transfer.a(ADC.o) (ADC_Ext_CP_Clk_SetModeRegister)
.\CortexM3\ARM_GCC_541\Debug\01_DAC_ADC_DMA_UART_MATLAB_data_transfer.a(ADC_theACLK.o)
                              .\CortexM3\ARM_GCC_541\Debug\01_DAC_ADC_DMA_UART_MATLAB_data_transfer.a(ADC.o) (ADC_theACLK_SetModeRegister)
.\CortexM3\ARM_GCC_541\Debug\01_DAC_ADC_DMA_UART_MATLAB_data_transfer.a(led_yellow.o)
                              .\CortexM3\ARM_GCC_541\Debug\main.o (led_yellow_Write)
.\CortexM3\ARM_GCC_541\Debug\01_DAC_ADC_DMA_UART_MATLAB_data_transfer.a(WaveDAC.o)
                              .\CortexM3\ARM_GCC_541\Debug\main.o (WaveDAC_Start)
.\CortexM3\ARM_GCC_541\Debug\01_DAC_ADC_DMA_UART_MATLAB_data_transfer.a(WaveDAC_DacClk.o)
                              .\CortexM3\ARM_GCC_541\Debug\01_DAC_ADC_DMA_UART_MATLAB_data_transfer.a(WaveDAC.o) (WaveDAC_DacClk_Start)
.\CortexM3\ARM_GCC_541\Debug\01_DAC_ADC_DMA_UART_MATLAB_data_transfer.a(WaveDAC_Wave1_DMA_dma.o)
                              .\CortexM3\ARM_GCC_541\Debug\01_DAC_ADC_DMA_UART_MATLAB_data_transfer.a(WaveDAC.o) (WaveDAC_Wave1_DMA_DmaInitialize)
.\CortexM3\ARM_GCC_541\Debug\01_DAC_ADC_DMA_UART_MATLAB_data_transfer.a(WaveDAC_Wave2_DMA_dma.o)
                              .\CortexM3\ARM_GCC_541\Debug\01_DAC_ADC_DMA_UART_MATLAB_data_transfer.a(WaveDAC.o) (WaveDAC_Wave2_DMA_DmaInitialize)
.\CortexM3\ARM_GCC_541\Debug\01_DAC_ADC_DMA_UART_MATLAB_data_transfer.a(WaveDAC_VDAC8.o)
                              .\CortexM3\ARM_GCC_541\Debug\01_DAC_ADC_DMA_UART_MATLAB_data_transfer.a(WaveDAC.o) (WaveDAC_VDAC8_Enable)
.\CortexM3\ARM_GCC_541\Debug\01_DAC_ADC_DMA_UART_MATLAB_data_transfer.a(DMA_ADC_dma.o)
                              .\CortexM3\ARM_GCC_541\Debug\main.o (DMA_ADC_DmaInitialize)
.\CortexM3\ARM_GCC_541\Debug\01_DAC_ADC_DMA_UART_MATLAB_data_transfer.a(ISR_DMA_XFER_DONE.o)
                              .\CortexM3\ARM_GCC_541\Debug\main.o (ISR_DMA_XFER_DONE_StartEx)
.\CortexM3\ARM_GCC_541\Debug\01_DAC_ADC_DMA_UART_MATLAB_data_transfer.a(CyBootAsmGnu.o)
                              .\CortexM3\ARM_GCC_541\Debug\cyfitter_cfg.o (CyDelayCycles)
.\CortexM3\ARM_GCC_541\Debug\01_DAC_ADC_DMA_UART_MATLAB_data_transfer.a(CyFlash.o)
                              .\CortexM3\ARM_GCC_541\Debug\01_DAC_ADC_DMA_UART_MATLAB_data_transfer.a(cyPm.o) (CyFlash_SetWaitCycles)
[...]
Memory Configuration

Name             Origin             Length             Attributes
rom              0x00000000         0x00040000         xr
ram              0x1fff8000         0x00010000         xrw
*default*        0x00000000         0xffffffff

Linker script and memory map

LOAD c:/program files (x86)/cypress/psoc creator/4.2/psoc creator/import/gnu/arm/5.4.1/bin/../lib/gcc/arm-none-eabi/5.4.1/armv7-m/crti.o
LOAD c:/program files (x86)/cypress/psoc creator/4.2/psoc creator/import/gnu/arm/5.4.1/bin/../lib/gcc/arm-none-eabi/5.4.1/armv7-m/crtbegin.o
LOAD c:/program files (x86)/cypress/psoc creator/4.2/psoc creator/import/gnu/arm/5.4.1/bin/../lib/gcc/arm-none-eabi/5.4.1/../../../../arm-none-eabi/lib/armv7-m/crt0.o
START GROUP
LOAD .\CortexM3\ARM_GCC_541\Debug\main.o
LOAD .\CortexM3\ARM_GCC_541\Debug\cyfitter_cfg.o
LOAD .\CortexM3\ARM_GCC_541\Debug\cymetadata.o
LOAD .\CortexM3\ARM_GCC_541\Debug\Cm3Start.o
LOAD .\CortexM3\ARM_GCC_541\Debug\01_DAC_ADC_DMA_UART_MATLAB_data_transfer.a
LOAD C:\Program Files (x86)\Cypress\PSoC Creator\4.2\PSoC Creator\psoc\content\cycomponentlibrary\CyComponentLibrary.cylib\CortexM3\ARM_GCC_541\Debug\CyComponentLibrary.a
END GROUP
START GROUP
LOAD c:/program files (x86)/cypress/psoc creator/4.2/psoc creator/import/gnu/arm/5.4.1/bin/../lib/gcc/arm-none-eabi/5.4.1/armv7-m\libgcc.a
LOAD c:/program files (x86)/cypress/psoc creator/4.2/psoc creator/import/gnu/arm/5.4.1/bin/../lib/gcc/arm-none-eabi/5.4.1/../../../../arm-none-eabi/lib/armv7-m\libg_nano.a
LOAD c:/program files (x86)/cypress/psoc creator/4.2/psoc creator/import/gnu/arm/5.4.1/bin/../lib/gcc/arm-none-eabi/5.4.1/../../../../arm-none-eabi/lib/armv7-m\libc_nano.a
END GROUP
START GROUP
LOAD c:/program files (x86)/cypress/psoc creator/4.2/psoc creator/import/gnu/arm/5.4.1/bin/../lib/gcc/arm-none-eabi/5.4.1/armv7-m\libgcc.a
LOAD c:/program files (x86)/cypress/psoc creator/4.2/psoc creator/import/gnu/arm/5.4.1/bin/../lib/gcc/arm-none-eabi/5.4.1/../../../../arm-none-eabi/lib/armv7-m\libc_nano.a
END GROUP
LOAD c:/program files (x86)/cypress/psoc creator/4.2/psoc creator/import/gnu/arm/5.4.1/bin/../lib/gcc/arm-none-eabi/5.4.1/armv7-m/crtend.o
LOAD c:/program files (x86)/cypress/psoc creator/4.2/psoc creator/import/gnu/arm/5.4.1/bin/../lib/gcc/arm-none-eabi/5.4.1/armv7-m/crtn.o
START GROUP
LOAD c:/program files (x86)/cypress/psoc creator/4.2/psoc creator/import/gnu/arm/5.4.1/bin/../lib/gcc/arm-none-eabi/5.4.1/armv7-m\libgcc.a
LOAD c:/program files (x86)/cypress/psoc creator/4.2/psoc creator/import/gnu/arm/5.4.1/bin/../lib/gcc/arm-none-eabi/5.4.1/../../../../arm-none-eabi/lib/armv7-m\libc.a
LOAD c:/program files (x86)/cypress/psoc creator/4.2/psoc creator/import/gnu/arm/5.4.1/bin/../lib/gcc/arm-none-eabi/5.4.1/../../../../arm-none-eabi/lib/armv7-m\libnosys.a
END GROUP
                0x00000000                CY_APPL_ORIGIN = 0x0
                0x00000100                CY_FLASH_ROW_SIZE = 0x100
                0x00000020                CY_ECC_ROW_SIZE = 0x20
                0x00000000                CY_EE_IN_BTLDR = 0x0
                0x00000000                CY_APPL_LOADABLE = 0x0
                0x00000800                CY_EE_SIZE = 0x800
                0x00000001                CY_APPL_NUM = 0x1
                0x00000001                CY_APPL_MAX = 0x1
                0x00000040                CY_METADATA_SIZE = 0x40
                0x00000000                CY_APPL_LOADABLE = 0x0
                0x00000000                CY_CHECKSUM_EXCLUDE_SIZE = ALIGN (0x0, CY_FLASH_ROW_SIZE)
                [!provide]                PROVIDE (__cy_heap_start, _end)
                0x00000001                PROVIDE (__cy_region_num, ((__cy_regions_end - __cy_regions) / 0x10))
                0x20008000                PROVIDE (__cy_stack, (ORIGIN (ram) + LENGTH (ram)))
                [!provide]                PROVIDE (__cy_heap_end, (__cy_stack - 0x800))

.cybootloader   0x00000000        0x0
 *(.cybootloader)
                0x00000000                appl1_start = CY_APPL_ORIGIN?CY_APPL_ORIGIN:ALIGN (CY_FLASH_ROW_SIZE)
                0x0001ff00                appl2_start = (appl1_start + ALIGN ((((LENGTH (rom) - appl1_start) - (0x2 * CY_FLASH_ROW_SIZE)) / 0x2), CY_FLASH_ROW_SIZE))
                0x00000000                appl_start = (CY_APPL_NUM == 0x1)?appl1_start:appl2_start
                0x00000000                ecc_offset = ((appl_start / CY_FLASH_ROW_SIZE) * CY_ECC_ROW_SIZE)
                0x00000000                ee_offset = (CY_APPL_LOADABLE && ! (CY_EE_IN_BTLDR))?((CY_EE_SIZE / CY_APPL_MAX) * (CY_APPL_NUM - 0x1)):0x0
                0x00000800                ee_size = (CY_APPL_LOADABLE && ! (CY_EE_IN_BTLDR))?(CY_EE_SIZE / CY_APPL_MAX):CY_EE_SIZE
                [!provide]                PROVIDE (CY_ECC_OFFSET, ecc_offset)

.text           0x00000000     0x15f6
 CREATE_OBJECT_SYMBOLS
                0x00000000                PROVIDE (__cy_interrupt_vector, RomVectors)
 *(.romvectors)
 .romvectors    0x00000000       0x10 .\CortexM3\ARM_GCC_541\Debug\Cm3Start.o
                0x00000000                RomVectors
                0x00000001                ASSERT ((. != __cy_interrupt_vector), No interrupt vector)
                0x00000001                ASSERT (CY_APPL_ORIGIN?(SIZEOF (.cybootloader) <= CY_APPL_ORIGIN):0x1, Wrong image location)
                0x00000010                PROVIDE (__cy_reset, Reset)
 *(.text.Reset)
 .text.Reset    0x00000010       0x18 .\CortexM3\ARM_GCC_541\Debug\Cm3Start.o
                0x00000010                Reset
                0x00000001                ASSERT ((. != __cy_reset), No reset code)
 *(.dma_init)
                0x00000001                ASSERT ((((appl_start + .) <= 0x10000) || 0x1), DMA Init must be within the first 64k of flash)
 *(.text .text.* .gnu.linkonce.t.*)
 .text          0x00000028       0x5c c:/program files (x86)/cypress/psoc creator/4.2/psoc creator/import/gnu/arm/5.4.1/bin/../lib/gcc/arm-none-eabi/5.4.1/armv7-m/crtbegin.o
 .text.ISR_UART_Rx
                0x00000084       0x30 .\CortexM3\ARM_GCC_541\Debug\main.o
                0x00000084                ISR_UART_Rx
 .text.ISR_DMA_XFER_DONE
                0x000000b4       0x14 .\CortexM3\ARM_GCC_541\Debug\main.o
                0x000000b4                ISR_DMA_XFER_DONE
 .text.ISR_BUTTON
                0x000000c8       0x24 .\CortexM3\ARM_GCC_541\Debug\main.o
                0x000000c8                ISR_BUTTON
 .text.GREEN_LED
                0x000000ec       0x2c .\CortexM3\ARM_GCC_541\Debug\main.o
                0x000000ec                GREEN_LED
 .text.RED_LED  0x00000118       0x28 .\CortexM3\ARM_GCC_541\Debug\main.o
                0x00000118                RED_LED
 .text.YELLOW_LED
                0x00000140       0x3c .\CortexM3\ARM_GCC_541\Debug\main.o
                0x00000140                YELLOW_LED
 .text.DATA_COUNTER
                0x0000017c       0x14 .\CortexM3\ARM_GCC_541\Debug\main.o
                0x0000017c                DATA_COUNTER
 .text.main     0x00000190      0x130 .\CortexM3\ARM_GCC_541\Debug\main.o
                0x00000190                main
 .text.CyClockStartupError
                0x000002c0        0x4 .\CortexM3\ARM_GCC_541\Debug\cyfitter_cfg.o
 .text.cfg_write_bytes32
                0x000002c4       0x34 .\CortexM3\ARM_GCC_541\Debug\cyfitter_cfg.o
 .text.AnalogSetDefault
                0x000002f8       0x40 .\CortexM3\ARM_GCC_541\Debug\cyfitter_cfg.o
 .text.CYMEMZERO
                0x00000338        0xc .\CortexM3\ARM_GCC_541\Debug\cyfitter_cfg.o
 .text.CYCONFIGCPY
                0x00000344        0x8 .\CortexM3\ARM_GCC_541\Debug\cyfitter_cfg.o
 .text.ClockSetup
                0x0000034c      0x118 .\CortexM3\ARM_GCC_541\Debug\cyfitter_cfg.o
 .text.ADC_AMux_Set
                0x00000464       0x1c .\CortexM3\ARM_GCC_541\Debug\cyfitter_cfg.o
                0x00000464                ADC_AMux_Set
 .text.ADC_AMux_Unset
                0x00000480       0x1c .\CortexM3\ARM_GCC_541\Debug\cyfitter_cfg.o
                0x00000480                ADC_AMux_Unset
 .text.cyfitter_cfg
                0x0000049c      0x120 .\CortexM3\ARM_GCC_541\Debug\cyfitter_cfg.o
                0x0000049c                cyfitter_cfg
 .text.IntDefaultHandler
                0x000005bc       0x10 .\CortexM3\ARM_GCC_541\Debug\Cm3Start.o
                0x000005bc                IntDefaultHandler
 .text.Start_c  0x000005cc       0x4c .\CortexM3\ARM_GCC_541\Debug\Cm3Start.o
                0x000005cc                Start_c
 .text.initialize_psoc
                0x00000618       0x6c .\CortexM3\ARM_GCC_541\Debug\Cm3Start.o
                0x00000618                initialize_psoc
 .text.CyDmacConfigure
                0x00000684       0x34 .\CortexM3\ARM_GCC_541\Debug\01_DAC_ADC_DMA_UART_MATLAB_data_transfer.a(CyDmac.o)
                0x00000684                CyDmacConfigure
 .text.CyDmaChEnable
                0x000006b8       0x38 .\CortexM3\ARM_GCC_541\Debug\01_DAC_ADC_DMA_UART_MATLAB_data_transfer.a(CyDmac.o)
                0x000006b8                CyDmaChEnable
 .text.CyDmaChPriority
                0x000006f0       0x24 .\CortexM3\ARM_GCC_541\Debug\01_DAC_ADC_DMA_UART_MATLAB_data_transfer.a(CyDmac.o)
                0x000006f0                CyDmaChPriority
 .text.CyDmaChSetExtendedAddress
                0x00000714       0x34 .\CortexM3\ARM_GCC_541\Debug\01_DAC_ADC_DMA_UART_MATLAB_data_transfer.a(CyDmac.o)
                0x00000714                CyDmaChSetExtendedAddress
 .text.CyDmaChSetInitialTd
                0x00000748       0x18 .\CortexM3\ARM_GCC_541\Debug\01_DAC_ADC_DMA_UART_MATLAB_data_transfer.a(CyDmac.o)
                0x00000748                CyDmaChSetInitialTd
 .text.CyDmaChSetConfiguration
                0x00000760       0x44 .\CortexM3\ARM_GCC_541\Debug\01_DAC_ADC_DMA_UART_MATLAB_data_transfer.a(CyDmac.o)
                0x00000760                CyDmaChSetConfiguration
 .text.CyDmaTdAllocate
                0x000007a4       0x34 .\CortexM3\ARM_GCC_541\Debug\01_DAC_ADC_DMA_UART_MATLAB_data_transfer.a(CyDmac.o)
                0x000007a4                CyDmaTdAllocate
 .text.CyDmaTdSetConfiguration
                0x000007d8       0x28 .\CortexM3\ARM_GCC_541\Debug\01_DAC_ADC_DMA_UART_MATLAB_data_transfer.a(CyDmac.o)
                0x000007d8                CyDmaTdSetConfiguration
 .text.CyDmaTdSetAddress
                0x00000800       0x1c .\CortexM3\ARM_GCC_541\Debug\01_DAC_ADC_DMA_UART_MATLAB_data_transfer.a(CyDmac.o)
                0x00000800                CyDmaTdSetAddress
 .text.CyHalt   0x0000081c        0x4 .\CortexM3\ARM_GCC_541\Debug\01_DAC_ADC_DMA_UART_MATLAB_data_transfer.a(CyLib.o)
                0x0000081c                CyHalt
 .text.CyDelay  0x00000820       0x2c .\CortexM3\ARM_GCC_541\Debug\01_DAC_ADC_DMA_UART_MATLAB_data_transfer.a(CyLib.o)
                0x00000820                CyDelay
 .text.CyDelayUs
                0x0000084c       0x14 .\CortexM3\ARM_GCC_541\Debug\01_DAC_ADC_DMA_UART_MATLAB_data_transfer.a(CyLib.o)
                0x0000084c                CyDelayUs
 .text.CyIntSetVector
                0x00000860       0x28 .\CortexM3\ARM_GCC_541\Debug\01_DAC_ADC_DMA_UART_MATLAB_data_transfer.a(CyLib.o)
                0x00000860                CyIntSetVector
 .text.CyIntSetPriority
                0x00000888       0x30 .\CortexM3\ARM_GCC_541\Debug\01_DAC_ADC_DMA_UART_MATLAB_data_transfer.a(CyLib.o)
                0x00000888                CyIntSetPriority
 .text.UART_Init
                0x000008b8       0x40 .\CortexM3\ARM_GCC_541\Debug\01_DAC_ADC_DMA_UART_MATLAB_data_transfer.a(UART.o)
                0x000008b8                UART_Init
 .text.UART_Enable
                0x000008f8       0x48 .\CortexM3\ARM_GCC_541\Debug\01_DAC_ADC_DMA_UART_MATLAB_data_transfer.a(UART.o)
                0x000008f8                UART_Enable
 .text.UART_Start
                0x00000940       0x1c .\CortexM3\ARM_GCC_541\Debug\01_DAC_ADC_DMA_UART_MATLAB_data_transfer.a(UART.o)
                0x00000940                UART_Start
 .text.UART_ReadRxData
                0x0000095c        0xc .\CortexM3\ARM_GCC_541\Debug\01_DAC_ADC_DMA_UART_MATLAB_data_transfer.a(UART.o)
                0x0000095c                UART_ReadRxData
 .text.UART_ReadRxStatus
                0x00000968       0x10 .\CortexM3\ARM_GCC_541\Debug\01_DAC_ADC_DMA_UART_MATLAB_data_transfer.a(UART.o)
                0x00000968                UART_ReadRxStatus
 .text.UART_GetByte
                0x00000978       0x14 .\CortexM3\ARM_GCC_541\Debug\01_DAC_ADC_DMA_UART_MATLAB_data_transfer.a(UART.o)
                0x00000978                UART_GetByte
 .text.UART_PutChar
                0x0000098c       0x7c .\CortexM3\ARM_GCC_541\Debug\01_DAC_ADC_DMA_UART_MATLAB_data_transfer.a(UART.o)
                0x0000098c                UART_PutChar
 .text.UART_PutArray
                0x00000a08       0x28 .\CortexM3\ARM_GCC_541\Debug\01_DAC_ADC_DMA_UART_MATLAB_data_transfer.a(UART.o)
                0x00000a08                UART_PutArray
 .text.UART_TXISR
                0x00000a30       0x5c .\CortexM3\ARM_GCC_541\Debug\01_DAC_ADC_DMA_UART_MATLAB_data_transfer.a(UART_INT.o)
                0x00000a30                UART_TXISR
 .text.UART_IntClock_Start
                0x00000a8c       0x1c .\CortexM3\ARM_GCC_541\Debug\01_DAC_ADC_DMA_UART_MATLAB_data_transfer.a(UART_IntClock.o)
                0x00000a8c                UART_IntClock_Start
 .text.isr_button_SetVector
                0x00000aa8        0xc .\CortexM3\ARM_GCC_541\Debug\01_DAC_ADC_DMA_UART_MATLAB_data_transfer.a(isr_button.o)
                0x00000aa8                isr_button_SetVector
 .text.isr_button_SetPriority
                0x00000ab4       0x10 .\CortexM3\ARM_GCC_541\Debug\01_DAC_ADC_DMA_UART_MATLAB_data_transfer.a(isr_button.o)
                0x00000ab4                isr_button_SetPriority
 .text.isr_button_Enable
                0x00000ac4        0xc .\CortexM3\ARM_GCC_541\Debug\01_DAC_ADC_DMA_UART_MATLAB_data_transfer.a(isr_button.o)
                0x00000ac4                isr_button_Enable
 .text.isr_button_Disable
                0x00000ad0        0xc .\CortexM3\ARM_GCC_541\Debug\01_DAC_ADC_DMA_UART_MATLAB_data_transfer.a(isr_button.o)
                0x00000ad0                isr_button_Disable
 .text.isr_button_StartEx
                0x00000adc       0x1c .\CortexM3\ARM_GCC_541\Debug\01_DAC_ADC_DMA_UART_MATLAB_data_transfer.a(isr_button.o)
                0x00000adc                isr_button_StartEx
 .text.isr_button_ClearPending
                0x00000af8        0xc .\CortexM3\ARM_GCC_541\Debug\01_DAC_ADC_DMA_UART_MATLAB_data_transfer.a(isr_button.o)
                0x00000af8                isr_button_ClearPending
 .text.led_red_Write
                0x00000b04       0x18 .\CortexM3\ARM_GCC_541\Debug\01_DAC_ADC_DMA_UART_MATLAB_data_transfer.a(led_red.o)
                0x00000b04                led_red_Write
 .text.led_green_Write
                0x00000b1c       0x18 .\CortexM3\ARM_GCC_541\Debug\01_DAC_ADC_DMA_UART_MATLAB_data_transfer.a(led_green.o)
                0x00000b1c                led_green_Write
 .text.ISR_UART_Rx_SetVector
                0x00000b34        0xc .\CortexM3\ARM_GCC_541\Debug\01_DAC_ADC_DMA_UART_MATLAB_data_transfer.a(ISR_UART_Rx.o)
                0x00000b34                ISR_UART_Rx_SetVector
 .text.ISR_UART_Rx_SetPriority
                0x00000b40       0x10 .\CortexM3\ARM_GCC_541\Debug\01_DAC_ADC_DMA_UART_MATLAB_data_transfer.a(ISR_UART_Rx.o)
                0x00000b40                ISR_UART_Rx_SetPriority
 .text.ISR_UART_Rx_Enable
                0x00000b50        0xc .\CortexM3\ARM_GCC_541\Debug\01_DAC_ADC_DMA_UART_MATLAB_data_transfer.a(ISR_UART_Rx.o)
                0x00000b50                ISR_UART_Rx_Enable
 .text.ISR_UART_Rx_Disable
                0x00000b5c        0xc .\CortexM3\ARM_GCC_541\Debug\01_DAC_ADC_DMA_UART_MATLAB_data_transfer.a(ISR_UART_Rx.o)
                0x00000b5c                ISR_UART_Rx_Disable
 .text.ISR_UART_Rx_StartEx
                0x00000b68       0x1c .\CortexM3\ARM_GCC_541\Debug\01_DAC_ADC_DMA_UART_MATLAB_data_transfer.a(ISR_UART_Rx.o)
                0x00000b68                ISR_UART_Rx_StartEx
 .text.ISR_UART_Rx_ClearPending
                0x00000b84        0xc .\CortexM3\ARM_GCC_541\Debug\01_DAC_ADC_DMA_UART_MATLAB_data_transfer.a(ISR_UART_Rx.o)
                0x00000b84                ISR_UART_Rx_ClearPending
 .text.ADC_GainCompensation
                0x00000b90       0xdc .\CortexM3\ARM_GCC_541\Debug\01_DAC_ADC_DMA_UART_MATLAB_data_transfer.a(ADC.o)
 .text.ADC_SetDSMRef0Reg
                0x00000c6c       0x4c .\CortexM3\ARM_GCC_541\Debug\01_DAC_ADC_DMA_UART_MATLAB_data_transfer.a(ADC.o)
 .text.ADC_InitConfig
                0x00000cb8       0xe4 .\CortexM3\ARM_GCC_541\Debug\01_DAC_ADC_DMA_UART_MATLAB_data_transfer.a(ADC.o)
 .text.ADC_Init
                0x00000d9c       0xc4 .\CortexM3\ARM_GCC_541\Debug\01_DAC_ADC_DMA_UART_MATLAB_data_transfer.a(ADC.o)
                0x00000d9c                ADC_Init
 .text.ADC_Enable
                0x00000e60       0xd8 .\CortexM3\ARM_GCC_541\Debug\01_DAC_ADC_DMA_UART_MATLAB_data_transfer.a(ADC.o)
                0x00000e60                ADC_Enable
 .text.ADC_Start
                0x00000f38       0x28 .\CortexM3\ARM_GCC_541\Debug\01_DAC_ADC_DMA_UART_MATLAB_data_transfer.a(ADC.o)
                0x00000f38                ADC_Start
 .text.ADC_StartConvert
                0x00000f60       0x10 .\CortexM3\ARM_GCC_541\Debug\01_DAC_ADC_DMA_UART_MATLAB_data_transfer.a(ADC.o)
                0x00000f60                ADC_StartConvert
 .text.ADC_IsEndConversion
                0x00000f70       0x30 .\CortexM3\ARM_GCC_541\Debug\01_DAC_ADC_DMA_UART_MATLAB_data_transfer.a(ADC.o)
                0x00000f70                ADC_IsEndConversion
 .text.ADC_GetResult32
                0x00000fa0       0x6c .\CortexM3\ARM_GCC_541\Debug\01_DAC_ADC_DMA_UART_MATLAB_data_transfer.a(ADC.o)
                0x00000fa0                ADC_GetResult32
 .text.ADC_ISR1
                0x0000100c        0x4 .\CortexM3\ARM_GCC_541\Debug\01_DAC_ADC_DMA_UART_MATLAB_data_transfer.a(ADC_INT.o)
                0x0000100c                ADC_ISR1
 .text.ADC_AMux_Start
                0x00001010       0x20 .\CortexM3\ARM_GCC_541\Debug\01_DAC_ADC_DMA_UART_MATLAB_data_transfer.a(ADC_AMux.o)
                0x00001010                ADC_AMux_Start
 .text.ADC_AMux_Select
                0x00001030       0x18 .\CortexM3\ARM_GCC_541\Debug\01_DAC_ADC_DMA_UART_MATLAB_data_transfer.a(ADC_AMux.o)
                0x00001030                ADC_AMux_Select
 .text.ADC_Ext_CP_Clk_GetDividerRegister
                0x00001048        0xc .\CortexM3\ARM_GCC_541\Debug\01_DAC_ADC_DMA_UART_MATLAB_data_transfer.a(ADC_Ext_CP_Clk.o)
                0x00001048                ADC_Ext_CP_Clk_GetDividerRegister
 .text.ADC_Ext_CP_Clk_SetModeRegister
                0x00001054       0x14 .\CortexM3\ARM_GCC_541\Debug\01_DAC_ADC_DMA_UART_MATLAB_data_transfer.a(ADC_Ext_CP_Clk.o)
                0x00001054                ADC_Ext_CP_Clk_SetModeRegister
 .text.ADC_Ext_CP_Clk_GetSourceRegister
                0x00001068       0x10 .\CortexM3\ARM_GCC_541\Debug\01_DAC_ADC_DMA_UART_MATLAB_data_transfer.a(ADC_Ext_CP_Clk.o)
                0x00001068                ADC_Ext_CP_Clk_GetSourceRegister
 .text.ADC_Ext_CP_Clk_SetDividerRegister
                0x00001078       0xd8 .\CortexM3\ARM_GCC_541\Debug\01_DAC_ADC_DMA_UART_MATLAB_data_transfer.a(ADC_Ext_CP_Clk.o)
                0x00001078                ADC_Ext_CP_Clk_SetDividerRegister
 .text.ADC_theACLK_GetDividerRegister
                0x00001150        0xc .\CortexM3\ARM_GCC_541\Debug\01_DAC_ADC_DMA_UART_MATLAB_data_transfer.a(ADC_theACLK.o)
                0x00001150                ADC_theACLK_GetDividerRegister
 .text.ADC_theACLK_SetModeRegister
                0x0000115c       0x14 .\CortexM3\ARM_GCC_541\Debug\01_DAC_ADC_DMA_UART_MATLAB_data_transfer.a(ADC_theACLK.o)
                0x0000115c                ADC_theACLK_SetModeRegister
 .text.ADC_theACLK_GetSourceRegister
                0x00001170       0x10 .\CortexM3\ARM_GCC_541\Debug\01_DAC_ADC_DMA_UART_MATLAB_data_transfer.a(ADC_theACLK.o)
                0x00001170                ADC_theACLK_GetSourceRegister
 .text.ADC_theACLK_SetDividerRegister
                0x00001180       0xd8 .\CortexM3\ARM_GCC_541\Debug\01_DAC_ADC_DMA_UART_MATLAB_data_transfer.a(ADC_theACLK.o)
                0x00001180                ADC_theACLK_SetDividerRegister
 .text.led_yellow_Write
                0x00001258       0x18 .\CortexM3\ARM_GCC_541\Debug\01_DAC_ADC_DMA_UART_MATLAB_data_transfer.a(led_yellow.o)
                0x00001258                led_yellow_Write
 .text.WaveDAC_Enable
                0x00001270       0x28 .\CortexM3\ARM_GCC_541\Debug\01_DAC_ADC_DMA_UART_MATLAB_data_transfer.a(WaveDAC.o)
                0x00001270                WaveDAC_Enable
 .text.WaveDAC_Wave1Setup
                0x00001298       0x40 .\CortexM3\ARM_GCC_541\Debug\01_DAC_ADC_DMA_UART_MATLAB_data_transfer.a(WaveDAC.o)
                0x00001298                WaveDAC_Wave1Setup
 .text.WaveDAC_Wave2Setup
                0x000012d8       0x40 .\CortexM3\ARM_GCC_541\Debug\01_DAC_ADC_DMA_UART_MATLAB_data_transfer.a(WaveDAC.o)
                0x000012d8                WaveDAC_Wave2Setup
 .text.WaveDAC_Init
                0x00001318       0x40 .\CortexM3\ARM_GCC_541\Debug\01_DAC_ADC_DMA_UART_MATLAB_data_transfer.a(WaveDAC.o)
                0x00001318                WaveDAC_Init
 .text.WaveDAC_Start
                0x00001358       0x1c .\CortexM3\ARM_GCC_541\Debug\01_DAC_ADC_DMA_UART_MATLAB_data_transfer.a(WaveDAC.o)
                0x00001358                WaveDAC_Start
 .text.WaveDAC_DacClk_Start
                0x00001374       0x1c .\CortexM3\ARM_GCC_541\Debug\01_DAC_ADC_DMA_UART_MATLAB_data_transfer.a(WaveDAC_DacClk.o)
                0x00001374                WaveDAC_DacClk_Start
 .text.WaveDAC_Wave1_DMA_DmaInitialize
                0x00001390       0x3c .\CortexM3\ARM_GCC_541\Debug\01_DAC_ADC_DMA_UART_MATLAB_data_transfer.a(WaveDAC_Wave1_DMA_dma.o)
                0x00001390                WaveDAC_Wave1_DMA_DmaInitialize
 .text.WaveDAC_Wave2_DMA_DmaInitialize
                0x000013cc       0x3c .\CortexM3\ARM_GCC_541\Debug\01_DAC_ADC_DMA_UART_MATLAB_data_transfer.a(WaveDAC_Wave2_DMA_dma.o)
                0x000013cc                WaveDAC_Wave2_DMA_DmaInitialize
 .text.WaveDAC_VDAC8_Enable
                0x00001408       0x1c .\CortexM3\ARM_GCC_541\Debug\01_DAC_ADC_DMA_UART_MATLAB_data_transfer.a(WaveDAC_VDAC8.o)
                0x00001408                WaveDAC_VDAC8_Enable
 .text.WaveDAC_VDAC8_SetSpeed
                0x00001424       0x1c .\CortexM3\ARM_GCC_541\Debug\01_DAC_ADC_DMA_UART_MATLAB_data_transfer.a(WaveDAC_VDAC8.o)
                0x00001424                WaveDAC_VDAC8_SetSpeed
 .text.WaveDAC_VDAC8_SetValue
                0x00001440        0xc .\CortexM3\ARM_GCC_541\Debug\01_DAC_ADC_DMA_UART_MATLAB_data_transfer.a(WaveDAC_VDAC8.o)
                0x00001440                WaveDAC_VDAC8_SetValue
 .text.WaveDAC_VDAC8_DacTrim
                0x0000144c       0x24 .\CortexM3\ARM_GCC_541\Debug\01_DAC_ADC_DMA_UART_MATLAB_data_transfer.a(WaveDAC_VDAC8.o)
                0x0000144c                WaveDAC_VDAC8_DacTrim
 .text.WaveDAC_VDAC8_SetRange
                0x00001470       0x20 .\CortexM3\ARM_GCC_541\Debug\01_DAC_ADC_DMA_UART_MATLAB_data_transfer.a(WaveDAC_VDAC8.o)
                0x00001470                WaveDAC_VDAC8_SetRange
 .text.WaveDAC_VDAC8_Init
                0x00001490       0x2c .\CortexM3\ARM_GCC_541\Debug\01_DAC_ADC_DMA_UART_MATLAB_data_transfer.a(WaveDAC_VDAC8.o)
                0x00001490                WaveDAC_VDAC8_Init
 .text.DMA_ADC_DmaInitialize
                0x000014bc       0x3c .\CortexM3\ARM_GCC_541\Debug\01_DAC_ADC_DMA_UART_MATLAB_data_transfer.a(DMA_ADC_dma.o)
                0x000014bc                DMA_ADC_DmaInitialize
 .text.ISR_DMA_XFER_DONE_SetVector
                0x000014f8        0xc .\CortexM3\ARM_GCC_541\Debug\01_DAC_ADC_DMA_UART_MATLAB_data_transfer.a(ISR_DMA_XFER_DONE.o)
                0x000014f8                ISR_DMA_XFER_DONE_SetVector
 .text.ISR_DMA_XFER_DONE_SetPriority
                0x00001504       0x10 .\CortexM3\ARM_GCC_541\Debug\01_DAC_ADC_DMA_UART_MATLAB_data_transfer.a(ISR_DMA_XFER_DONE.o)
                0x00001504                ISR_DMA_XFER_DONE_SetPriority
 .text.ISR_DMA_XFER_DONE_Enable
                0x00001514        0xc .\CortexM3\ARM_GCC_541\Debug\01_DAC_ADC_DMA_UART_MATLAB_data_transfer.a(ISR_DMA_XFER_DONE.o)
                0x00001514                ISR_DMA_XFER_DONE_Enable
 .text.ISR_DMA_XFER_DONE_Disable
                0x00001520        0xc .\CortexM3\ARM_GCC_541\Debug\01_DAC_ADC_DMA_UART_MATLAB_data_transfer.a(ISR_DMA_XFER_DONE.o)
                0x00001520                ISR_DMA_XFER_DONE_Disable
 .text.ISR_DMA_XFER_DONE_StartEx
                0x0000152c       0x1c .\CortexM3\ARM_GCC_541\Debug\01_DAC_ADC_DMA_UART_MATLAB_data_transfer.a(ISR_DMA_XFER_DONE.o)
                0x0000152c                ISR_DMA_XFER_DONE_StartEx
 .text.ISR_DMA_XFER_DONE_ClearPending
                0x00001548        0xc .\CortexM3\ARM_GCC_541\Debug\01_DAC_ADC_DMA_UART_MATLAB_data_transfer.a(ISR_DMA_XFER_DONE.o)
                0x00001548                ISR_DMA_XFER_DONE_ClearPending
 *fill*         0x00001554        0x4 
 .text          0x00001558       0x20 .\CortexM3\ARM_GCC_541\Debug\01_DAC_ADC_DMA_UART_MATLAB_data_transfer.a(CyBootAsmGnu.o)
                0x00001558                CyDelayCycles
                0x00001568                CyEnterCriticalSection
                0x00001570                CyExitCriticalSection
 .text.__errno  0x00001578        0xc c:/program files (x86)/cypress/psoc creator/4.2/psoc creator/import/gnu/arm/5.4.1/bin/../lib/gcc/arm-none-eabi/5.4.1/../../../../arm-none-eabi/lib/armv7-m\libg_nano.a(lib_a-errno.o)
                0x00001578                __errno
 .text.__libc_init_array
                0x00001584       0x4c c:/program files (x86)/cypress/psoc creator/4.2/psoc creator/import/gnu/arm/5.4.1/bin/../lib/gcc/arm-none-eabi/5.4.1/../../../../arm-none-eabi/lib/armv7-m\libg_nano.a(lib_a-init.o)
                0x00001584                __libc_init_array
 .text.memcpy   0x000015d0       0x16 c:/program files (x86)/cypress/psoc creator/4.2/psoc creator/import/gnu/arm/5.4.1/bin/../lib/gcc/arm-none-eabi/5.4.1/../../../../arm-none-eabi/lib/armv7-m\libg_nano.a(lib_a-memcpy-stub.o)
                0x000015d0                memcpy
 .text.memset   0x000015e6       0x10 c:/program files (x86)/cypress/psoc creator/4.2/psoc creator/import/gnu/arm/5.4.1/bin/../lib/gcc/arm-none-eabi/5.4.1/../../../../arm-none-eabi/lib/armv7-m\libg_nano.a(lib_a-memset.o)
                0x000015e6                memset
 *(.plt)
 *(.gnu.warning)
 *(.glue_7t)
 .glue_7t       0x000015f6        0x0 linker stubs
 *(.glue_7)
 .glue_7        0x000015f6        0x0 linker stubs
 *(.vfp11_veneer)
 .vfp11_veneer  0x000015f6        0x0 linker stubs
 *(.bootloader)
 *(.ARM.extab* .gnu.linkonce.armextab.*)
 *(.gcc_except_table)

.v4_bx          0x000015f8        0x0
 .v4_bx         0x000015f8        0x0 linker stubs

.iplt           0x000015f8        0x0
 .iplt          0x000015f8        0x0 c:/program files (x86)/cypress/psoc creator/4.2/psoc creator/import/gnu/arm/5.4.1/bin/../lib/gcc/arm-none-eabi/5.4.1/armv7-m/crtbegin.o

.eh_frame_hdr
 *(.eh_frame_hdr)

.eh_frame       0x000015f8        0x4
 *(.eh_frame)
 .eh_frame      0x000015f8        0x0 c:/program files (x86)/cypress/psoc creator/4.2/psoc creator/import/gnu/arm/5.4.1/bin/../lib/gcc/arm-none-eabi/5.4.1/armv7-m/crtbegin.o
 .eh_frame      0x000015f8        0x4 c:/program files (x86)/cypress/psoc creator/4.2/psoc creator/import/gnu/arm/5.4.1/bin/../lib/gcc/arm-none-eabi/5.4.1/armv7-m/crtend.o
                [!provide]                PROVIDE (__exidx_start, .)

.ARM.exidx
 *(.ARM.exidx* .gnu.linkonce.armexidx.*)
                0x000015fc                __exidx_end = .

.rodata         0x000015fc      0x4c4
 *(.rodata .rodata.* .gnu.linkonce.r.*)
 .rodata        0x000015fc       0x3c .\CortexM3\ARM_GCC_541\Debug\cyfitter_cfg.o
                0x000015fc                ADC_AMux__addrTable
                0x00001604                ADC_AMux__maskTable
 .rodata        0x00001638      0x44c .\CortexM3\ARM_GCC_541\Debug\01_DAC_ADC_DMA_UART_MATLAB_data_transfer.a(WaveDAC.o)
                0x00001638                WaveDAC_wave1
                0x00001a20                WaveDAC_wave2
 .rodata.str1.1
                0x00001a84        0x2 c:/program files (x86)/cypress/psoc creator/4.2/psoc creator/import/gnu/arm/5.4.1/bin/../lib/gcc/arm-none-eabi/5.4.1/../../../../arm-none-eabi/lib/armv7-m\libg_nano.a(lib_a-impure.o)
                0x00001a88                . = ALIGN (0x4)
 *fill*         0x00001a86        0x2 
 *(.init)
 .init          0x00001a88        0x4 c:/program files (x86)/cypress/psoc creator/4.2/psoc creator/import/gnu/arm/5.4.1/bin/../lib/gcc/arm-none-eabi/5.4.1/armv7-m/crti.o
                0x00001a88                _init
 .init          0x00001a8c        0x8 c:/program files (x86)/cypress/psoc creator/4.2/psoc creator/import/gnu/arm/5.4.1/bin/../lib/gcc/arm-none-eabi/5.4.1/armv7-m/crtn.o
                0x00001a94                . = ALIGN (0x4)
                0x00001a94                __preinit_array_start = .
 *(.preinit_array)
                0x00001a94                __preinit_array_end = .
                0x00001a94                . = ALIGN (0x4)
                0x00001a94                __init_array_start = .
 *(SORT(.init_array.*))
 *(.init_array)
 .init_array    0x00001a94        0x4 c:/program files (x86)/cypress/psoc creator/4.2/psoc creator/import/gnu/arm/5.4.1/bin/../lib/gcc/arm-none-eabi/5.4.1/armv7-m/crtbegin.o
 .init_array    0x00001a98        0x4 .\CortexM3\ARM_GCC_541\Debug\Cm3Start.o
                0x00001a9c                __init_array_end = .
                0x00001a9c                . = ALIGN (0x4)
 *(.fini)
 .fini          0x00001a9c        0x4 c:/program files (x86)/cypress/psoc creator/4.2/psoc creator/import/gnu/arm/5.4.1/bin/../lib/gcc/arm-none-eabi/5.4.1/armv7-m/crti.o
                0x00001a9c                _fini
 .fini          0x00001aa0        0x8 c:/program files (x86)/cypress/psoc creator/4.2/psoc creator/import/gnu/arm/5.4.1/bin/../lib/gcc/arm-none-eabi/5.4.1/armv7-m/crtn.o
                0x00001aa8                . = ALIGN (0x4)
                0x00001aa8                __fini_array_start = .
 *(.fini_array)
 .fini_array    0x00001aa8        0x4 c:/program files (x86)/cypress/psoc creator/4.2/psoc creator/import/gnu/arm/5.4.1/bin/../lib/gcc/arm-none-eabi/5.4.1/armv7-m/crtbegin.o
 *(SORT(.fini_array.*))
                0x00001aac                __fini_array_end = .
                0x00001aac                . = ALIGN (0x4)
 *crtbegin.o(.ctors)
 *(EXCLUDE_FILE(*crtend.o) .ctors)
 *(SORT(.ctors.*))
 *crtend.o(.ctors)
                0x00001aac                . = ALIGN (0x4)
 *crtbegin.o(.dtors)
 *(EXCLUDE_FILE(*crtend.o) .dtors)
 *(SORT(.dtors.*))
 *crtend.o(.dtors)
                0x00001aac                . = ALIGN (0x4)
                0x00001aac                __cy_regions = .
                0x00001aac        0x4 LONG 0x1ac0 __cy_region_init_ram
                0x00001ab0        0x4 LONG 0x1fff80c8 __cy_region_start_data
                0x00001ab4        0x4 LONG 0x90 __cy_region_init_size_ram
                0x00001ab8        0x4 LONG 0x1850 __cy_region_zero_size_ram
                0x00001abc                __cy_regions_end = .
                0x00001ac0                . = ALIGN (0x8)
 *fill*         0x00001abc        0x4 
                0x00001ac0                _etext = .

.cy_checksum_exclude
                0x00001ac0        0x0
 *(.cy_checksum_exclude)

.ramvectors     0x1fff8000       0xc0
                0x1fff8000                __cy_region_start_ram = .
 *(.ramvectors)
 .ramvectors    0x1fff8000       0xc0 .\CortexM3\ARM_GCC_541\Debug\Cm3Start.o
                0x1fff8000                CyRamVectors

.noinit         0x1fff80c0        0x1
 *(.noinit)
 .noinit        0x1fff80c0        0x1 .\CortexM3\ARM_GCC_541\Debug\01_DAC_ADC_DMA_UART_MATLAB_data_transfer.a(CyLib.o)
                0x1fff80c0                CyResetStatus

.data           0x1fff80c8       0x90 load address 0x00001ac0
                0x1fff80c8                __cy_region_start_data = .
 *(.jcr)
 .jcr           0x1fff80c8        0x0 c:/program files (x86)/cypress/psoc creator/4.2/psoc creator/import/gnu/arm/5.4.1/bin/../lib/gcc/arm-none-eabi/5.4.1/armv7-m/crtbegin.o
 .jcr           0x1fff80c8        0x4 c:/program files (x86)/cypress/psoc creator/4.2/psoc creator/import/gnu/arm/5.4.1/bin/../lib/gcc/arm-none-eabi/5.4.1/armv7-m/crtend.o
 *(.got.plt)
 *(.got)
 *(.shdata)
 *(.data .data.* .gnu.linkonce.d.*)
 .data          0x1fff80cc        0x1 .\CortexM3\ARM_GCC_541\Debug\main.o
                0x1fff80cc                count_value
 *fill*         0x1fff80cd        0x3 
 .data          0x1fff80d0        0x8 .\CortexM3\ARM_GCC_541\Debug\01_DAC_ADC_DMA_UART_MATLAB_data_transfer.a(CyDmac.o)
 .data          0x1fff80d8       0x10 .\CortexM3\ARM_GCC_541\Debug\01_DAC_ADC_DMA_UART_MATLAB_data_transfer.a(CyLib.o)
                0x1fff80d8                cydelay_32k_ms
                0x1fff80dc                cydelay_freq_khz
                0x1fff80e0                cydelay_freq_mhz
                0x1fff80e4                cydelay_freq_hz
 .data          0x1fff80e8        0x1 .\CortexM3\ARM_GCC_541\Debug\01_DAC_ADC_DMA_UART_MATLAB_data_transfer.a(ADC.o)
                0x1fff80e8                ADC_Config
 .data          0x1fff80e9        0x1 .\CortexM3\ARM_GCC_541\Debug\01_DAC_ADC_DMA_UART_MATLAB_data_transfer.a(ADC_AMux.o)
 .data          0x1fff80ea        0x1 .\CortexM3\ARM_GCC_541\Debug\01_DAC_ADC_DMA_UART_MATLAB_data_transfer.a(WaveDAC_Wave1_DMA_dma.o)
                0x1fff80ea                WaveDAC_Wave1_DMA_DmaHandle
 .data          0x1fff80eb        0x1 .\CortexM3\ARM_GCC_541\Debug\01_DAC_ADC_DMA_UART_MATLAB_data_transfer.a(WaveDAC_Wave2_DMA_dma.o)
                0x1fff80eb                WaveDAC_Wave2_DMA_DmaHandle
 .data          0x1fff80ec        0x1 .\CortexM3\ARM_GCC_541\Debug\01_DAC_ADC_DMA_UART_MATLAB_data_transfer.a(DMA_ADC_dma.o)
                0x1fff80ec                DMA_ADC_DmaHandle
 *fill*         0x1fff80ed        0x3 
 .data.impure_data
                0x1fff80f0       0x60 c:/program files (x86)/cypress/psoc creator/4.2/psoc creator/import/gnu/arm/5.4.1/bin/../lib/gcc/arm-none-eabi/5.4.1/../../../../arm-none-eabi/lib/armv7-m\libg_nano.a(lib_a-impure.o)
 .data._impure_ptr
                0x1fff8150        0x4 c:/program files (x86)/cypress/psoc creator/4.2/psoc creator/import/gnu/arm/5.4.1/bin/../lib/gcc/arm-none-eabi/5.4.1/../../../../arm-none-eabi/lib/armv7-m\libg_nano.a(lib_a-impure.o)
                0x1fff8150                _impure_ptr
                0x1fff8158                . = ALIGN (0x8)
 *fill*         0x1fff8154        0x4 
 *(.ram)
                0x1fff8158                _edata = .

.igot.plt       0x1fff8158        0x0 load address 0x00001b50
 .igot.plt      0x1fff8158        0x0 c:/program files (x86)/cypress/psoc creator/4.2/psoc creator/import/gnu/arm/5.4.1/bin/../lib/gcc/arm-none-eabi/5.4.1/armv7-m/crtbegin.o

.bss            0x1fff8158     0x1850 load address 0x00001b50
                0x1fff8158                PROVIDE (__bss_start__, .)
 *(.shbss)
 *(.bss .bss.* .gnu.linkonce.b.*)
 .bss           0x1fff8158       0x1c c:/program files (x86)/cypress/psoc creator/4.2/psoc creator/import/gnu/arm/5.4.1/bin/../lib/gcc/arm-none-eabi/5.4.1/armv7-m/crtbegin.o
 .bss           0x1fff8174        0x4 .\CortexM3\ARM_GCC_541\Debug\main.o
                0x1fff8174                rx_buffer_flag
                0x1fff8175                data_received_flag
                0x1fff8176                dma_xfer_done_flag
                0x1fff8177                button_pressed_flag
 .bss           0x1fff8178        0x7 .\CortexM3\ARM_GCC_541\Debug\01_DAC_ADC_DMA_UART_MATLAB_data_transfer.a(UART.o)
                0x1fff8178                UART_initVar
                0x1fff817a                UART_txBufferRead
                0x1fff817c                UART_txBufferWrite
 *fill*         0x1fff817f        0x1 
 .bss           0x1fff8180        0xc .\CortexM3\ARM_GCC_541\Debug\01_DAC_ADC_DMA_UART_MATLAB_data_transfer.a(ADC.o)
                0x1fff8184                ADC_stopConversion
                0x1fff8185                ADC_convDone
                0x1fff8186                ADC_initVar
                0x1fff8187                ADC_started
                0x1fff8188                ADC_Offset
 .bss           0x1fff818c        0x5 .\CortexM3\ARM_GCC_541\Debug\01_DAC_ADC_DMA_UART_MATLAB_data_transfer.a(WaveDAC.o)
                0x1fff8190                WaveDAC_initVar
 *(COMMON)
 *fill*         0x1fff8191        0x3 
 COMMON         0x1fff8194     0x1009 .\CortexM3\ARM_GCC_541\Debug\main.o
                0x1fff8194                rx_buffer
                0x1fff8198                tx_buffer
                0x1fff8998                DMA_ADC_TD
                0x1fff899c                ADC_buffer
                0x1fff919c                DMA_ADC_Chan
 *fill*         0x1fff919d        0x3 
 COMMON         0x1fff91a0      0x800 .\CortexM3\ARM_GCC_541\Debug\01_DAC_ADC_DMA_UART_MATLAB_data_transfer.a(UART.o)
                0x1fff91a0                UART_txBuffer
 COMMON         0x1fff99a0        0x4 .\CortexM3\ARM_GCC_541\Debug\01_DAC_ADC_DMA_UART_MATLAB_data_transfer.a(ADC.o)
                0x1fff99a0                ADC_CountsPerVolt
                0x1fff99a8                . = ALIGN (0x8)
 *fill*         0x1fff99a4        0x4 
 *(.ram.b)
                0x1fff99a8                _end = .
                0x1fff99a8                __end = .
                0x1fff99a8                PROVIDE (end, .)
                0x1fff99a8                PROVIDE (__bss_end__, .)
                0x00001ac0                __cy_region_init_ram = LOADADDR (.data)
                0x00000090                __cy_region_init_size_ram = (_edata - ADDR (.data))
                0x00001850                __cy_region_zero_size_ram = (_end - _edata)

.heap           0x1fff99a8       0x80 load address 0x00001b50
                0x1fff99a8                . = _end
                0x1fff9a28                . = (. + 0x80)
 *fill*         0x1fff99a8       0x80 
                0x1fff9a28                __cy_heap_limit = .

.stack          0x20007800      0x800
                0x20007800                __cy_stack_limit = .
                0x20008000                . = (. + 0x800)
 *fill*         0x20007800      0x800 
                0x00000001                ASSERT ((__cy_stack_limit >= __cy_heap_limit), region RAM overflowed with stack)
                0x00000000                cy_checksum_exclude_size = (CY_APPL_LOADABLE == 0x1)?SIZEOF (.cy_checksum_exclude):0x0
                0x00000001                ASSERT ((cy_checksum_exclude_size <= CY_CHECKSUM_EXCLUDE_SIZE), CY_BOOT: Section .cy_checksum_exclude size exceedes specified limit.)

.cyloadermeta
 *(.cyloadermeta)

.cyloadablemeta
 *(.cyloadablemeta)

.cyconfigecc    0x80000000      0x4a8
 *(.cyconfigecc)
 .cyconfigecc   0x80000000      0x4a8 .\CortexM3\ARM_GCC_541\Debug\cymetadata.o
                0x80000000                cy_meta_configecc

.cycustnvl      0x90000000        0x4
 *(.cycustnvl)
 .cycustnvl     0x90000000        0x4 .\CortexM3\ARM_GCC_541\Debug\cymetadata.o
                0x90000000                cy_meta_custnvl

.cywolatch      0x90100000        0x4
 *(.cywolatch)
 .cywolatch     0x90100000        0x4 .\CortexM3\ARM_GCC_541\Debug\cymetadata.o
                0x90100000                cy_meta_wonvl

.cyeeprom       0x90200000        0x0
 *(.cyeeprom)
                0x00000001                ASSERT ((. <= ((0x90200000 + ee_offset) + ee_size)), .cyeeprom data will not fit in EEPROM)

.cyflashprotect
                0x90400000      0x100
 *(.cyflashprotect)
 .cyflashprotect
                0x90400000      0x100 .\CortexM3\ARM_GCC_541\Debug\cymetadata.o
                0x90400000                cy_meta_flashprotect

.cymeta         0x90500000        0xc
 *(.cymeta)
 .cymeta        0x90500000        0xc .\CortexM3\ARM_GCC_541\Debug\cymetadata.o
                0x90500000                cy_metadata

.rel.dyn        0x00001b50        0x0 load address 0x9050000c
 .rel.iplt      0x00001b50        0x0 c:/program files (x86)/cypress/psoc creator/4.2/psoc creator/import/gnu/arm/5.4.1/bin/../lib/gcc/arm-none-eabi/5.4.1/armv7-m/crtbegin.o

.stab
 *(.stab)

.stabstr
 *(.stabstr)

.debug
 *(.debug)

.line
 *(.line)

.debug_srcinfo
 *(.debug_srcinfo)

.debug_sfnames
 *(.debug_sfnames)

.debug_aranges  0x00000000      0xdd0
 *(.debug_aranges)
 .debug_aranges
                0x00000000       0x58 .\CortexM3\ARM_GCC_541\Debug\main.o
 .debug_aranges
                0x00000058       0x68 .\CortexM3\ARM_GCC_541\Debug\cyfitter_cfg.o
 .debug_aranges
                0x000000c0       0x18 .\CortexM3\ARM_GCC_541\Debug\cymetadata.o
 .debug_aranges
                0x000000d8       0x48 .\CortexM3\ARM_GCC_541\Debug\Cm3Start.o
 .debug_aranges
                0x00000120       0xd8 .\CortexM3\ARM_GCC_541\Debug\01_DAC_ADC_DMA_UART_MATLAB_data_transfer.a(CyDmac.o)
 .debug_aranges
                0x000001f8      0x2a0 .\CortexM3\ARM_GCC_541\Debug\01_DAC_ADC_DMA_UART_MATLAB_data_transfer.a(CyLib.o)
 .debug_aranges
                0x00000498       0x98 .\CortexM3\ARM_GCC_541\Debug\01_DAC_ADC_DMA_UART_MATLAB_data_transfer.a(cyPm.o)
 .debug_aranges
                0x00000530       0xf0 .\CortexM3\ARM_GCC_541\Debug\01_DAC_ADC_DMA_UART_MATLAB_data_transfer.a(UART.o)
 .debug_aranges
                0x00000620       0x20 .\CortexM3\ARM_GCC_541\Debug\01_DAC_ADC_DMA_UART_MATLAB_data_transfer.a(UART_INT.o)
 .debug_aranges
                0x00000640       0x70 .\CortexM3\ARM_GCC_541\Debug\01_DAC_ADC_DMA_UART_MATLAB_data_transfer.a(UART_IntClock.o)
 .debug_aranges
                0x000006b0       0x80 .\CortexM3\ARM_GCC_541\Debug\01_DAC_ADC_DMA_UART_MATLAB_data_transfer.a(isr_button.o)
 .debug_aranges
                0x00000730       0x38 .\CortexM3\ARM_GCC_541\Debug\01_DAC_ADC_DMA_UART_MATLAB_data_transfer.a(led_red.o)
 .debug_aranges
                0x00000768       0x38 .\CortexM3\ARM_GCC_541\Debug\01_DAC_ADC_DMA_UART_MATLAB_data_transfer.a(led_green.o)
 .debug_aranges
                0x000007a0       0x80 .\CortexM3\ARM_GCC_541\Debug\01_DAC_ADC_DMA_UART_MATLAB_data_transfer.a(ISR_UART_Rx.o)
 .debug_aranges
                0x00000820       0xe8 .\CortexM3\ARM_GCC_541\Debug\01_DAC_ADC_DMA_UART_MATLAB_data_transfer.a(ADC.o)
 .debug_aranges
                0x00000908       0x38 .\CortexM3\ARM_GCC_541\Debug\01_DAC_ADC_DMA_UART_MATLAB_data_transfer.a(ADC_INT.o)
 .debug_aranges
                0x00000940       0x30 .\CortexM3\ARM_GCC_541\Debug\01_DAC_ADC_DMA_UART_MATLAB_data_transfer.a(ADC_AMux.o)
 .debug_aranges
                0x00000970       0x70 .\CortexM3\ARM_GCC_541\Debug\01_DAC_ADC_DMA_UART_MATLAB_data_transfer.a(ADC_Ext_CP_Clk.o)
 .debug_aranges
                0x000009e0       0x80 .\CortexM3\ARM_GCC_541\Debug\01_DAC_ADC_DMA_UART_MATLAB_data_transfer.a(ADC_theACLK.o)
 .debug_aranges
                0x00000a60       0x38 .\CortexM3\ARM_GCC_541\Debug\01_DAC_ADC_DMA_UART_MATLAB_data_transfer.a(led_yellow.o)
 .debug_aranges
                0x00000a98       0x50 .\CortexM3\ARM_GCC_541\Debug\01_DAC_ADC_DMA_UART_MATLAB_data_transfer.a(WaveDAC.o)
 .debug_aranges
                0x00000ae8       0x70 .\CortexM3\ARM_GCC_541\Debug\01_DAC_ADC_DMA_UART_MATLAB_data_transfer.a(WaveDAC_DacClk.o)
 .debug_aranges
                0x00000b58       0x28 .\CortexM3\ARM_GCC_541\Debug\01_DAC_ADC_DMA_UART_MATLAB_data_transfer.a(WaveDAC_Wave1_DMA_dma.o)
 .debug_aranges
                0x00000b80       0x28 .\CortexM3\ARM_GCC_541\Debug\01_DAC_ADC_DMA_UART_MATLAB_data_transfer.a(WaveDAC_Wave2_DMA_dma.o)
 .debug_aranges
                0x00000ba8       0x58 .\CortexM3\ARM_GCC_541\Debug\01_DAC_ADC_DMA_UART_MATLAB_data_transfer.a(WaveDAC_VDAC8.o)
 .debug_aranges
                0x00000c00       0x28 .\CortexM3\ARM_GCC_541\Debug\01_DAC_ADC_DMA_UART_MATLAB_data_transfer.a(DMA_ADC_dma.o)
 .debug_aranges
                0x00000c28       0x80 .\CortexM3\ARM_GCC_541\Debug\01_DAC_ADC_DMA_UART_MATLAB_data_transfer.a(ISR_DMA_XFER_DONE.o)
 .debug_aranges
                0x00000ca8       0x20 .\CortexM3\ARM_GCC_541\Debug\01_DAC_ADC_DMA_UART_MATLAB_data_transfer.a(CyBootAsmGnu.o)
 .debug_aranges
                0x00000cc8       0x88 .\CortexM3\ARM_GCC_541\Debug\01_DAC_ADC_DMA_UART_MATLAB_data_transfer.a(CyFlash.o)
 .debug_aranges
                0x00000d50       0x80 .\CortexM3\ARM_GCC_541\Debug\01_DAC_ADC_DMA_UART_MATLAB_data_transfer.a(CySpc.o)

.debug_pubnames
 *(.debug_pubnames)

.debug_info     0x00000000     0x7aac
 *(.debug_info .gnu.linkonce.wi.*)
 .debug_info    0x00000000      0x605 .\CortexM3\ARM_GCC_541\Debug\main.o
 .debug_info    0x00000605      0x5f9 .\CortexM3\ARM_GCC_541\Debug\cyfitter_cfg.o
 .debug_info    0x00000bfe      0x136 .\CortexM3\ARM_GCC_541\Debug\cymetadata.o
 .debug_info    0x00000d34      0x3cf .\CortexM3\ARM_GCC_541\Debug\Cm3Start.o
 .debug_info    0x00001103      0x94e .\CortexM3\ARM_GCC_541\Debug\01_DAC_ADC_DMA_UART_MATLAB_data_transfer.a(CyDmac.o)
 .debug_info    0x00001a51     0x1374 .\CortexM3\ARM_GCC_541\Debug\01_DAC_ADC_DMA_UART_MATLAB_data_transfer.a(CyLib.o)
 .debug_info    0x00002dc5      0xa2a .\CortexM3\ARM_GCC_541\Debug\01_DAC_ADC_DMA_UART_MATLAB_data_transfer.a(cyPm.o)
 .debug_info    0x000037ef      0x6d7 .\CortexM3\ARM_GCC_541\Debug\01_DAC_ADC_DMA_UART_MATLAB_data_transfer.a(UART.o)
 .debug_info    0x00003ec6      0x108 .\CortexM3\ARM_GCC_541\Debug\01_DAC_ADC_DMA_UART_MATLAB_data_transfer.a(UART_INT.o)
 .debug_info    0x00003fce      0x283 .\CortexM3\ARM_GCC_541\Debug\01_DAC_ADC_DMA_UART_MATLAB_data_transfer.a(UART_IntClock.o)
 .debug_info    0x00004251      0x2d2 .\CortexM3\ARM_GCC_541\Debug\01_DAC_ADC_DMA_UART_MATLAB_data_transfer.a(isr_button.o)
 .debug_info    0x00004523      0x11f .\CortexM3\ARM_GCC_541\Debug\01_DAC_ADC_DMA_UART_MATLAB_data_transfer.a(led_red.o)
 .debug_info    0x00004642      0x11f .\CortexM3\ARM_GCC_541\Debug\01_DAC_ADC_DMA_UART_MATLAB_data_transfer.a(led_green.o)
 .debug_info    0x00004761      0x2d2 .\CortexM3\ARM_GCC_541\Debug\01_DAC_ADC_DMA_UART_MATLAB_data_transfer.a(ISR_UART_Rx.o)
 .debug_info    0x00004a33      0xa19 .\CortexM3\ARM_GCC_541\Debug\01_DAC_ADC_DMA_UART_MATLAB_data_transfer.a(ADC.o)
 .debug_info    0x0000544c       0xd3 .\CortexM3\ARM_GCC_541\Debug\01_DAC_ADC_DMA_UART_MATLAB_data_transfer.a(ADC_INT.o)
 .debug_info    0x0000551f      0x165 .\CortexM3\ARM_GCC_541\Debug\01_DAC_ADC_DMA_UART_MATLAB_data_transfer.a(ADC_AMux.o)
 .debug_info    0x00005684      0x283 .\CortexM3\ARM_GCC_541\Debug\01_DAC_ADC_DMA_UART_MATLAB_data_transfer.a(ADC_Ext_CP_Clk.o)
 .debug_info    0x00005907      0x2c4 .\CortexM3\ARM_GCC_541\Debug\01_DAC_ADC_DMA_UART_MATLAB_data_transfer.a(ADC_theACLK.o)
 .debug_info    0x00005bcb      0x11f .\CortexM3\ARM_GCC_541\Debug\01_DAC_ADC_DMA_UART_MATLAB_data_transfer.a(led_yellow.o)
 .debug_info    0x00005cea      0x519 .\CortexM3\ARM_GCC_541\Debug\01_DAC_ADC_DMA_UART_MATLAB_data_transfer.a(WaveDAC.o)
 .debug_info    0x00006203      0x283 .\CortexM3\ARM_GCC_541\Debug\01_DAC_ADC_DMA_UART_MATLAB_data_transfer.a(WaveDAC_DacClk.o)
 .debug_info    0x00006486      0x1aa .\CortexM3\ARM_GCC_541\Debug\01_DAC_ADC_DMA_UART_MATLAB_data_transfer.a(WaveDAC_Wave1_DMA_dma.o)
 .debug_info    0x00006630      0x1a7 .\CortexM3\ARM_GCC_541\Debug\01_DAC_ADC_DMA_UART_MATLAB_data_transfer.a(WaveDAC_Wave2_DMA_dma.o)
 .debug_info    0x000067d7      0x1de .\CortexM3\ARM_GCC_541\Debug\01_DAC_ADC_DMA_UART_MATLAB_data_transfer.a(WaveDAC_VDAC8.o)
 .debug_info    0x000069b5      0x1a8 .\CortexM3\ARM_GCC_541\Debug\01_DAC_ADC_DMA_UART_MATLAB_data_transfer.a(DMA_ADC_dma.o)
 .debug_info    0x00006b5d      0x2d2 .\CortexM3\ARM_GCC_541\Debug\01_DAC_ADC_DMA_UART_MATLAB_data_transfer.a(ISR_DMA_XFER_DONE.o)
 .debug_info    0x00006e2f       0xe0 .\CortexM3\ARM_GCC_541\Debug\01_DAC_ADC_DMA_UART_MATLAB_data_transfer.a(CyBootAsmGnu.o)
 .debug_info    0x00006f0f      0x64d .\CortexM3\ARM_GCC_541\Debug\01_DAC_ADC_DMA_UART_MATLAB_data_transfer.a(CyFlash.o)
 .debug_info    0x0000755c      0x550 .\CortexM3\ARM_GCC_541\Debug\01_DAC_ADC_DMA_UART_MATLAB_data_transfer.a(CySpc.o)

.debug_abbrev   0x00000000     0x22dc
 *(.debug_abbrev)
 .debug_abbrev  0x00000000      0x152 .\CortexM3\ARM_GCC_541\Debug\main.o
 .debug_abbrev  0x00000152      0x21e .\CortexM3\ARM_GCC_541\Debug\cyfitter_cfg.o
 .debug_abbrev  0x00000370       0x77 .\CortexM3\ARM_GCC_541\Debug\cymetadata.o
 .debug_abbrev  0x000003e7      0x1e8 .\CortexM3\ARM_GCC_541\Debug\Cm3Start.o
 .debug_abbrev  0x000005cf      0x1b2 .\CortexM3\ARM_GCC_541\Debug\01_DAC_ADC_DMA_UART_MATLAB_data_transfer.a(CyDmac.o)
 .debug_abbrev  0x00000781      0x254 .\CortexM3\ARM_GCC_541\Debug\01_DAC_ADC_DMA_UART_MATLAB_data_transfer.a(CyLib.o)
 .debug_abbrev  0x000009d5      0x1ab .\CortexM3\ARM_GCC_541\Debug\01_DAC_ADC_DMA_UART_MATLAB_data_transfer.a(cyPm.o)
 .debug_abbrev  0x00000b80      0x16f .\CortexM3\ARM_GCC_541\Debug\01_DAC_ADC_DMA_UART_MATLAB_data_transfer.a(UART.o)
 .debug_abbrev  0x00000cef       0x79 .\CortexM3\ARM_GCC_541\Debug\01_DAC_ADC_DMA_UART_MATLAB_data_transfer.a(UART_INT.o)
 .debug_abbrev  0x00000d68      0x139 .\CortexM3\ARM_GCC_541\Debug\01_DAC_ADC_DMA_UART_MATLAB_data_transfer.a(UART_IntClock.o)
 .debug_abbrev  0x00000ea1      0x173 .\CortexM3\ARM_GCC_541\Debug\01_DAC_ADC_DMA_UART_MATLAB_data_transfer.a(isr_button.o)
 .debug_abbrev  0x00001014       0x90 .\CortexM3\ARM_GCC_541\Debug\01_DAC_ADC_DMA_UART_MATLAB_data_transfer.a(led_red.o)
 .debug_abbrev  0x000010a4       0x90 .\CortexM3\ARM_GCC_541\Debug\01_DAC_ADC_DMA_UART_MATLAB_data_transfer.a(led_green.o)
 .debug_abbrev  0x00001134      0x173 .\CortexM3\ARM_GCC_541\Debug\01_DAC_ADC_DMA_UART_MATLAB_data_transfer.a(ISR_UART_Rx.o)
 .debug_abbrev  0x000012a7      0x1eb .\CortexM3\ARM_GCC_541\Debug\01_DAC_ADC_DMA_UART_MATLAB_data_transfer.a(ADC.o)
 .debug_abbrev  0x00001492       0x42 .\CortexM3\ARM_GCC_541\Debug\01_DAC_ADC_DMA_UART_MATLAB_data_transfer.a(ADC_INT.o)
 .debug_abbrev  0x000014d4       0xb1 .\CortexM3\ARM_GCC_541\Debug\01_DAC_ADC_DMA_UART_MATLAB_data_transfer.a(ADC_AMux.o)
 .debug_abbrev  0x00001585      0x139 .\CortexM3\ARM_GCC_541\Debug\01_DAC_ADC_DMA_UART_MATLAB_data_transfer.a(ADC_Ext_CP_Clk.o)
 .debug_abbrev  0x000016be      0x121 .\CortexM3\ARM_GCC_541\Debug\01_DAC_ADC_DMA_UART_MATLAB_data_transfer.a(ADC_theACLK.o)
 .debug_abbrev  0x000017df       0x90 .\CortexM3\ARM_GCC_541\Debug\01_DAC_ADC_DMA_UART_MATLAB_data_transfer.a(led_yellow.o)
 .debug_abbrev  0x0000186f      0x114 .\CortexM3\ARM_GCC_541\Debug\01_DAC_ADC_DMA_UART_MATLAB_data_transfer.a(WaveDAC.o)
 .debug_abbrev  0x00001983      0x139 .\CortexM3\ARM_GCC_541\Debug\01_DAC_ADC_DMA_UART_MATLAB_data_transfer.a(WaveDAC_DacClk.o)
 .debug_abbrev  0x00001abc       0xcd .\CortexM3\ARM_GCC_541\Debug\01_DAC_ADC_DMA_UART_MATLAB_data_transfer.a(WaveDAC_Wave1_DMA_dma.o)
 .debug_abbrev  0x00001b89       0xcd .\CortexM3\ARM_GCC_541\Debug\01_DAC_ADC_DMA_UART_MATLAB_data_transfer.a(WaveDAC_Wave2_DMA_dma.o)
 .debug_abbrev  0x00001c56       0xf7 .\CortexM3\ARM_GCC_541\Debug\01_DAC_ADC_DMA_UART_MATLAB_data_transfer.a(WaveDAC_VDAC8.o)
 .debug_abbrev  0x00001d4d       0xcd .\CortexM3\ARM_GCC_541\Debug\01_DAC_ADC_DMA_UART_MATLAB_data_transfer.a(DMA_ADC_dma.o)
 .debug_abbrev  0x00001e1a      0x173 .\CortexM3\ARM_GCC_541\Debug\01_DAC_ADC_DMA_UART_MATLAB_data_transfer.a(ISR_DMA_XFER_DONE.o)
 .debug_abbrev  0x00001f8d       0x14 .\CortexM3\ARM_GCC_541\Debug\01_DAC_ADC_DMA_UART_MATLAB_data_transfer.a(CyBootAsmGnu.o)
 .debug_abbrev  0x00001fa1      0x1a7 .\CortexM3\ARM_GCC_541\Debug\01_DAC_ADC_DMA_UART_MATLAB_data_transfer.a(CyFlash.o)
 .debug_abbrev  0x00002148      0x194 .\CortexM3\ARM_GCC_541\Debug\01_DAC_ADC_DMA_UART_MATLAB_data_transfer.a(CySpc.o)

.debug_line     0x00000000     0x3324
 *(.debug_line)
 .debug_line    0x00000000      0x308 .\CortexM3\ARM_GCC_541\Debug\main.o
 .debug_line    0x00000308      0x20c .\CortexM3\ARM_GCC_541\Debug\cyfitter_cfg.o
 .debug_line    0x00000514      0x141 .\CortexM3\ARM_GCC_541\Debug\cymetadata.o
 .debug_line    0x00000655      0x241 .\CortexM3\ARM_GCC_541\Debug\Cm3Start.o
 .debug_line    0x00000896      0x2e4 .\CortexM3\ARM_GCC_541\Debug\01_DAC_ADC_DMA_UART_MATLAB_data_transfer.a(CyDmac.o)
 .debug_line    0x00000b7a      0x816 .\CortexM3\ARM_GCC_541\Debug\01_DAC_ADC_DMA_UART_MATLAB_data_transfer.a(CyLib.o)
 .debug_line    0x00001390      0x367 .\CortexM3\ARM_GCC_541\Debug\01_DAC_ADC_DMA_UART_MATLAB_data_transfer.a(cyPm.o)
 .debug_line    0x000016f7      0x2f9 .\CortexM3\ARM_GCC_541\Debug\01_DAC_ADC_DMA_UART_MATLAB_data_transfer.a(UART.o)
 .debug_line    0x000019f0       0x7d .\CortexM3\ARM_GCC_541\Debug\01_DAC_ADC_DMA_UART_MATLAB_data_transfer.a(UART_INT.o)
 .debug_line    0x00001a6d      0x17c .\CortexM3\ARM_GCC_541\Debug\01_DAC_ADC_DMA_UART_MATLAB_data_transfer.a(UART_IntClock.o)
 .debug_line    0x00001be9      0x137 .\CortexM3\ARM_GCC_541\Debug\01_DAC_ADC_DMA_UART_MATLAB_data_transfer.a(isr_button.o)
 .debug_line    0x00001d20       0x94 .\CortexM3\ARM_GCC_541\Debug\01_DAC_ADC_DMA_UART_MATLAB_data_transfer.a(led_red.o)
 .debug_line    0x00001db4       0x96 .\CortexM3\ARM_GCC_541\Debug\01_DAC_ADC_DMA_UART_MATLAB_data_transfer.a(led_green.o)
 .debug_line    0x00001e4a      0x138 .\CortexM3\ARM_GCC_541\Debug\01_DAC_ADC_DMA_UART_MATLAB_data_transfer.a(ISR_UART_Rx.o)
 .debug_line    0x00001f82      0x350 .\CortexM3\ARM_GCC_541\Debug\01_DAC_ADC_DMA_UART_MATLAB_data_transfer.a(ADC.o)
 .debug_line    0x000022d2       0x80 .\CortexM3\ARM_GCC_541\Debug\01_DAC_ADC_DMA_UART_MATLAB_data_transfer.a(ADC_INT.o)
 .debug_line    0x00002352       0xac .\CortexM3\ARM_GCC_541\Debug\01_DAC_ADC_DMA_UART_MATLAB_data_transfer.a(ADC_AMux.o)
 .debug_line    0x000023fe      0x17d .\CortexM3\ARM_GCC_541\Debug\01_DAC_ADC_DMA_UART_MATLAB_data_transfer.a(ADC_Ext_CP_Clk.o)
 .debug_line    0x0000257b      0x19d .\CortexM3\ARM_GCC_541\Debug\01_DAC_ADC_DMA_UART_MATLAB_data_transfer.a(ADC_theACLK.o)
 .debug_line    0x00002718       0x97 .\CortexM3\ARM_GCC_541\Debug\01_DAC_ADC_DMA_UART_MATLAB_data_transfer.a(led_yellow.o)
 .debug_line    0x000027af      0x151 .\CortexM3\ARM_GCC_541\Debug\01_DAC_ADC_DMA_UART_MATLAB_data_transfer.a(WaveDAC.o)
 .debug_line    0x00002900      0x17d .\CortexM3\ARM_GCC_541\Debug\01_DAC_ADC_DMA_UART_MATLAB_data_transfer.a(WaveDAC_DacClk.o)
 .debug_line    0x00002a7d       0x8e .\CortexM3\ARM_GCC_541\Debug\01_DAC_ADC_DMA_UART_MATLAB_data_transfer.a(WaveDAC_Wave1_DMA_dma.o)
 .debug_line    0x00002b0b       0x8e .\CortexM3\ARM_GCC_541\Debug\01_DAC_ADC_DMA_UART_MATLAB_data_transfer.a(WaveDAC_Wave2_DMA_dma.o)
 .debug_line    0x00002b99       0xe9 .\CortexM3\ARM_GCC_541\Debug\01_DAC_ADC_DMA_UART_MATLAB_data_transfer.a(WaveDAC_VDAC8.o)
 .debug_line    0x00002c82       0x84 .\CortexM3\ARM_GCC_541\Debug\01_DAC_ADC_DMA_UART_MATLAB_data_transfer.a(DMA_ADC_dma.o)
 .debug_line    0x00002d06      0x13e .\CortexM3\ARM_GCC_541\Debug\01_DAC_ADC_DMA_UART_MATLAB_data_transfer.a(ISR_DMA_XFER_DONE.o)
 .debug_line    0x00002e44       0x66 .\CortexM3\ARM_GCC_541\Debug\01_DAC_ADC_DMA_UART_MATLAB_data_transfer.a(CyBootAsmGnu.o)
 .debug_line    0x00002eaa      0x21a .\CortexM3\ARM_GCC_541\Debug\01_DAC_ADC_DMA_UART_MATLAB_data_transfer.a(CyFlash.o)
 .debug_line    0x000030c4      0x260 .\CortexM3\ARM_GCC_541\Debug\01_DAC_ADC_DMA_UART_MATLAB_data_transfer.a(CySpc.o)

.debug_frame    0x00000000     0x218c
 *(.debug_frame)
 .debug_frame   0x00000000       0xec .\CortexM3\ARM_GCC_541\Debug\main.o
 .debug_frame   0x000000ec      0x104 .\CortexM3\ARM_GCC_541\Debug\cyfitter_cfg.o
 .debug_frame   0x000001f0       0xb8 .\CortexM3\ARM_GCC_541\Debug\Cm3Start.o
 .debug_frame   0x000002a8      0x1f8 .\CortexM3\ARM_GCC_541\Debug\01_DAC_ADC_DMA_UART_MATLAB_data_transfer.a(CyDmac.o)
 .debug_frame   0x000004a0      0x738 .\CortexM3\ARM_GCC_541\Debug\01_DAC_ADC_DMA_UART_MATLAB_data_transfer.a(CyLib.o)
 .debug_frame   0x00000bd8      0x1f8 .\CortexM3\ARM_GCC_541\Debug\01_DAC_ADC_DMA_UART_MATLAB_data_transfer.a(cyPm.o)
 .debug_frame   0x00000dd0      0x268 .\CortexM3\ARM_GCC_541\Debug\01_DAC_ADC_DMA_UART_MATLAB_data_transfer.a(UART.o)
 .debug_frame   0x00001038       0x20 .\CortexM3\ARM_GCC_541\Debug\01_DAC_ADC_DMA_UART_MATLAB_data_transfer.a(UART_INT.o)
 .debug_frame   0x00001058       0xe0 .\CortexM3\ARM_GCC_541\Debug\01_DAC_ADC_DMA_UART_MATLAB_data_transfer.a(UART_IntClock.o)
 .debug_frame   0x00001138      0x104 .\CortexM3\ARM_GCC_541\Debug\01_DAC_ADC_DMA_UART_MATLAB_data_transfer.a(isr_button.o)
 .debug_frame   0x0000123c       0x50 .\CortexM3\ARM_GCC_541\Debug\01_DAC_ADC_DMA_UART_MATLAB_data_transfer.a(led_red.o)
 .debug_frame   0x0000128c       0x50 .\CortexM3\ARM_GCC_541\Debug\01_DAC_ADC_DMA_UART_MATLAB_data_transfer.a(led_green.o)
 .debug_frame   0x000012dc      0x104 .\CortexM3\ARM_GCC_541\Debug\01_DAC_ADC_DMA_UART_MATLAB_data_transfer.a(ISR_UART_Rx.o)
 .debug_frame   0x000013e0      0x284 .\CortexM3\ARM_GCC_541\Debug\01_DAC_ADC_DMA_UART_MATLAB_data_transfer.a(ADC.o)
 .debug_frame   0x00001664       0x50 .\CortexM3\ARM_GCC_541\Debug\01_DAC_ADC_DMA_UART_MATLAB_data_transfer.a(ADC_INT.o)
 .debug_frame   0x000016b4       0x64 .\CortexM3\ARM_GCC_541\Debug\01_DAC_ADC_DMA_UART_MATLAB_data_transfer.a(ADC_AMux.o)
 .debug_frame   0x00001718       0xe0 .\CortexM3\ARM_GCC_541\Debug\01_DAC_ADC_DMA_UART_MATLAB_data_transfer.a(ADC_Ext_CP_Clk.o)
 .debug_frame   0x000017f8      0x100 .\CortexM3\ARM_GCC_541\Debug\01_DAC_ADC_DMA_UART_MATLAB_data_transfer.a(ADC_theACLK.o)
 .debug_frame   0x000018f8       0x50 .\CortexM3\ARM_GCC_541\Debug\01_DAC_ADC_DMA_UART_MATLAB_data_transfer.a(led_yellow.o)
 .debug_frame   0x00001948       0xe0 .\CortexM3\ARM_GCC_541\Debug\01_DAC_ADC_DMA_UART_MATLAB_data_transfer.a(WaveDAC.o)
 .debug_frame   0x00001a28       0xe0 .\CortexM3\ARM_GCC_541\Debug\01_DAC_ADC_DMA_UART_MATLAB_data_transfer.a(WaveDAC_DacClk.o)
 .debug_frame   0x00001b08       0x54 .\CortexM3\ARM_GCC_541\Debug\01_DAC_ADC_DMA_UART_MATLAB_data_transfer.a(WaveDAC_Wave1_DMA_dma.o)
 .debug_frame   0x00001b5c       0x54 .\CortexM3\ARM_GCC_541\Debug\01_DAC_ADC_DMA_UART_MATLAB_data_transfer.a(WaveDAC_Wave2_DMA_dma.o)
 .debug_frame   0x00001bb0       0xb4 .\CortexM3\ARM_GCC_541\Debug\01_DAC_ADC_DMA_UART_MATLAB_data_transfer.a(WaveDAC_VDAC8.o)
 .debug_frame   0x00001c64       0x54 .\CortexM3\ARM_GCC_541\Debug\01_DAC_ADC_DMA_UART_MATLAB_data_transfer.a(DMA_ADC_dma.o)
 .debug_frame   0x00001cb8      0x104 .\CortexM3\ARM_GCC_541\Debug\01_DAC_ADC_DMA_UART_MATLAB_data_transfer.a(ISR_DMA_XFER_DONE.o)
 .debug_frame   0x00001dbc      0x194 .\CortexM3\ARM_GCC_541\Debug\01_DAC_ADC_DMA_UART_MATLAB_data_transfer.a(CyFlash.o)
 .debug_frame   0x00001f50      0x180 .\CortexM3\ARM_GCC_541\Debug\01_DAC_ADC_DMA_UART_MATLAB_data_transfer.a(CySpc.o)
 .debug_frame   0x000020d0       0x20 c:/program files (x86)/cypress/psoc creator/4.2/psoc creator/import/gnu/arm/5.4.1/bin/../lib/gcc/arm-none-eabi/5.4.1/../../../../arm-none-eabi/lib/armv7-m\libg_nano.a(lib_a-errno.o)
 .debug_frame   0x000020f0       0x28 c:/program files (x86)/cypress/psoc creator/4.2/psoc creator/import/gnu/arm/5.4.1/bin/../lib/gcc/arm-none-eabi/5.4.1/../../../../arm-none-eabi/lib/armv7-m\libg_nano.a(lib_a-exit.o)
 .debug_frame   0x00002118       0x2c c:/program files (x86)/cypress/psoc creator/4.2/psoc creator/import/gnu/arm/5.4.1/bin/../lib/gcc/arm-none-eabi/5.4.1/../../../../arm-none-eabi/lib/armv7-m\libg_nano.a(lib_a-init.o)
 .debug_frame   0x00002144       0x28 c:/program files (x86)/cypress/psoc creator/4.2/psoc creator/import/gnu/arm/5.4.1/bin/../lib/gcc/arm-none-eabi/5.4.1/../../../../arm-none-eabi/lib/armv7-m\libg_nano.a(lib_a-memcpy-stub.o)
 .debug_frame   0x0000216c       0x20 c:/program files (x86)/cypress/psoc creator/4.2/psoc creator/import/gnu/arm/5.4.1/bin/../lib/gcc/arm-none-eabi/5.4.1/../../../../arm-none-eabi/lib/armv7-m\libg_nano.a(lib_a-memset.o)

.debug_str      0x00000000     0x2d44
 *(.debug_str)
 .debug_str     0x00000000      0x47b .\CortexM3\ARM_GCC_541\Debug\main.o
                                0x4cb (size before relaxing)
 .debug_str     0x0000047b      0x1b4 .\CortexM3\ARM_GCC_541\Debug\cyfitter_cfg.o
                                0x3ab (size before relaxing)
 .debug_str     0x0000062f       0x75 .\CortexM3\ARM_GCC_541\Debug\cymetadata.o
                                0x234 (size before relaxing)
 .debug_str     0x000006a4      0x154 .\CortexM3\ARM_GCC_541\Debug\Cm3Start.o
                                0x36a (size before relaxing)
 .debug_str     0x000007f8      0x32e .\CortexM3\ARM_GCC_541\Debug\01_DAC_ADC_DMA_UART_MATLAB_data_transfer.a(CyDmac.o)
                                0x59a (size before relaxing)
 .debug_str     0x00000b26      0x7f1 .\CortexM3\ARM_GCC_541\Debug\01_DAC_ADC_DMA_UART_MATLAB_data_transfer.a(CyLib.o)
                                0xa97 (size before relaxing)
 .debug_str     0x00001317      0x365 .\CortexM3\ARM_GCC_541\Debug\01_DAC_ADC_DMA_UART_MATLAB_data_transfer.a(cyPm.o)
                                0x783 (size before relaxing)
 .debug_str     0x0000167c      0x2d5 .\CortexM3\ARM_GCC_541\Debug\01_DAC_ADC_DMA_UART_MATLAB_data_transfer.a(UART.o)
                                0x546 (size before relaxing)
 .debug_str     0x00001951       0x2d .\CortexM3\ARM_GCC_541\Debug\01_DAC_ADC_DMA_UART_MATLAB_data_transfer.a(UART_INT.o)
                                0x23d (size before relaxing)
 .debug_str     0x0000197e      0x183 .\CortexM3\ARM_GCC_541\Debug\01_DAC_ADC_DMA_UART_MATLAB_data_transfer.a(UART_IntClock.o)
                                0x386 (size before relaxing)
 .debug_str     0x00001b01      0x101 .\CortexM3\ARM_GCC_541\Debug\01_DAC_ADC_DMA_UART_MATLAB_data_transfer.a(isr_button.o)
                                0x33c (size before relaxing)
 .debug_str     0x00001c02       0x62 .\CortexM3\ARM_GCC_541\Debug\01_DAC_ADC_DMA_UART_MATLAB_data_transfer.a(led_red.o)
                                0x23c (size before relaxing)
 .debug_str     0x00001c64       0x5f .\CortexM3\ARM_GCC_541\Debug\01_DAC_ADC_DMA_UART_MATLAB_data_transfer.a(led_green.o)
                                0x246 (size before relaxing)
 .debug_str     0x00001cc3      0x10d .\CortexM3\ARM_GCC_541\Debug\01_DAC_ADC_DMA_UART_MATLAB_data_transfer.a(ISR_UART_Rx.o)
                                0x34a (size before relaxing)
 .debug_str     0x00001dd0      0x31f .\CortexM3\ARM_GCC_541\Debug\01_DAC_ADC_DMA_UART_MATLAB_data_transfer.a(ADC.o)
                                0x619 (size before relaxing)
 .debug_str     0x000020ef       0x45 .\CortexM3\ARM_GCC_541\Debug\01_DAC_ADC_DMA_UART_MATLAB_data_transfer.a(ADC_INT.o)
                                0x210 (size before relaxing)
 .debug_str     0x00002134       0x5f .\CortexM3\ARM_GCC_541\Debug\01_DAC_ADC_DMA_UART_MATLAB_data_transfer.a(ADC_AMux.o)
                                0x24f (size before relaxing)
 .debug_str     0x00002193      0x12a .\CortexM3\ARM_GCC_541\Debug\01_DAC_ADC_DMA_UART_MATLAB_data_transfer.a(ADC_Ext_CP_Clk.o)
                                0x392 (size before relaxing)
 .debug_str     0x000022bd      0x14f .\CortexM3\ARM_GCC_541\Debug\01_DAC_ADC_DMA_UART_MATLAB_data_transfer.a(ADC_theACLK.o)
                                0x3b1 (size before relaxing)
 .debug_str     0x0000240c       0x63 .\CortexM3\ARM_GCC_541\Debug\01_DAC_ADC_DMA_UART_MATLAB_data_transfer.a(led_yellow.o)
                                0x24b (size before relaxing)
 .debug_str     0x0000246f      0x216 .\CortexM3\ARM_GCC_541\Debug\01_DAC_ADC_DMA_UART_MATLAB_data_transfer.a(WaveDAC.o)
                                0x46e (size before relaxing)
 .debug_str     0x00002685      0x142 .\CortexM3\ARM_GCC_541\Debug\01_DAC_ADC_DMA_UART_MATLAB_data_transfer.a(WaveDAC_DacClk.o)
                                0x392 (size before relaxing)
 .debug_str     0x000027c7       0xa3 .\CortexM3\ARM_GCC_541\Debug\01_DAC_ADC_DMA_UART_MATLAB_data_transfer.a(WaveDAC_Wave1_DMA_dma.o)
                                0x2ec (size before relaxing)
 .debug_str     0x0000286a       0x68 .\CortexM3\ARM_GCC_541\Debug\01_DAC_ADC_DMA_UART_MATLAB_data_transfer.a(WaveDAC_Wave2_DMA_dma.o)
                                0x2ec (size before relaxing)
 .debug_str     0x000028d2       0x73 .\CortexM3\ARM_GCC_541\Debug\01_DAC_ADC_DMA_UART_MATLAB_data_transfer.a(WaveDAC_VDAC8.o)
                                0x2bf (size before relaxing)
 .debug_str     0x00002945       0x4a .\CortexM3\ARM_GCC_541\Debug\01_DAC_ADC_DMA_UART_MATLAB_data_transfer.a(DMA_ADC_dma.o)
                                0x2c4 (size before relaxing)
 .debug_str     0x0000298f      0x155 .\CortexM3\ARM_GCC_541\Debug\01_DAC_ADC_DMA_UART_MATLAB_data_transfer.a(ISR_DMA_XFER_DONE.o)
                                0x39e (size before relaxing)
 .debug_str     0x00002ae4      0x1b4 .\CortexM3\ARM_GCC_541\Debug\01_DAC_ADC_DMA_UART_MATLAB_data_transfer.a(CyFlash.o)
                                0x410 (size before relaxing)
 .debug_str     0x00002c98       0xac .\CortexM3\ARM_GCC_541\Debug\01_DAC_ADC_DMA_UART_MATLAB_data_transfer.a(CySpc.o)
                                0x388 (size before relaxing)

.debug_loc      0x00000000     0x3933
 *(.debug_loc)
 .debug_loc     0x00000000       0x7d .\CortexM3\ARM_GCC_541\Debug\main.o
 .debug_loc     0x0000007d      0x219 .\CortexM3\ARM_GCC_541\Debug\cyfitter_cfg.o
 .debug_loc     0x00000296      0x144 .\CortexM3\ARM_GCC_541\Debug\Cm3Start.o
 .debug_loc     0x000003da      0xb8e .\CortexM3\ARM_GCC_541\Debug\01_DAC_ADC_DMA_UART_MATLAB_data_transfer.a(CyDmac.o)
 .debug_loc     0x00000f68      0xa11 .\CortexM3\ARM_GCC_541\Debug\01_DAC_ADC_DMA_UART_MATLAB_data_transfer.a(CyLib.o)
 .debug_loc     0x00001979      0x1e4 .\CortexM3\ARM_GCC_541\Debug\01_DAC_ADC_DMA_UART_MATLAB_data_transfer.a(cyPm.o)
 .debug_loc     0x00001b5d      0x276 .\CortexM3\ARM_GCC_541\Debug\01_DAC_ADC_DMA_UART_MATLAB_data_transfer.a(UART.o)
 .debug_loc     0x00001dd3      0x128 .\CortexM3\ARM_GCC_541\Debug\01_DAC_ADC_DMA_UART_MATLAB_data_transfer.a(UART_IntClock.o)
 .debug_loc     0x00001efb       0x56 .\CortexM3\ARM_GCC_541\Debug\01_DAC_ADC_DMA_UART_MATLAB_data_transfer.a(isr_button.o)
 .debug_loc     0x00001f51       0x42 .\CortexM3\ARM_GCC_541\Debug\01_DAC_ADC_DMA_UART_MATLAB_data_transfer.a(led_red.o)
 .debug_loc     0x00001f93       0x42 .\CortexM3\ARM_GCC_541\Debug\01_DAC_ADC_DMA_UART_MATLAB_data_transfer.a(led_green.o)
 .debug_loc     0x00001fd5       0x56 .\CortexM3\ARM_GCC_541\Debug\01_DAC_ADC_DMA_UART_MATLAB_data_transfer.a(ISR_UART_Rx.o)
 .debug_loc     0x0000202b      0x68c .\CortexM3\ARM_GCC_541\Debug\01_DAC_ADC_DMA_UART_MATLAB_data_transfer.a(ADC.o)
 .debug_loc     0x000026b7       0x6c .\CortexM3\ARM_GCC_541\Debug\01_DAC_ADC_DMA_UART_MATLAB_data_transfer.a(ADC_AMux.o)
 .debug_loc     0x00002723      0x12c .\CortexM3\ARM_GCC_541\Debug\01_DAC_ADC_DMA_UART_MATLAB_data_transfer.a(ADC_Ext_CP_Clk.o)
 .debug_loc     0x0000284f      0x14d .\CortexM3\ARM_GCC_541\Debug\01_DAC_ADC_DMA_UART_MATLAB_data_transfer.a(ADC_theACLK.o)
 .debug_loc     0x0000299c       0x42 .\CortexM3\ARM_GCC_541\Debug\01_DAC_ADC_DMA_UART_MATLAB_data_transfer.a(led_yellow.o)
 .debug_loc     0x000029de      0x11b .\CortexM3\ARM_GCC_541\Debug\01_DAC_ADC_DMA_UART_MATLAB_data_transfer.a(WaveDAC.o)
 .debug_loc     0x00002af9      0x128 .\CortexM3\ARM_GCC_541\Debug\01_DAC_ADC_DMA_UART_MATLAB_data_transfer.a(WaveDAC_DacClk.o)
 .debug_loc     0x00002c21       0x84 .\CortexM3\ARM_GCC_541\Debug\01_DAC_ADC_DMA_UART_MATLAB_data_transfer.a(WaveDAC_Wave1_DMA_dma.o)
 .debug_loc     0x00002ca5       0x84 .\CortexM3\ARM_GCC_541\Debug\01_DAC_ADC_DMA_UART_MATLAB_data_transfer.a(WaveDAC_Wave2_DMA_dma.o)
 .debug_loc     0x00002d29       0x79 .\CortexM3\ARM_GCC_541\Debug\01_DAC_ADC_DMA_UART_MATLAB_data_transfer.a(WaveDAC_VDAC8.o)
 .debug_loc     0x00002da2       0x84 .\CortexM3\ARM_GCC_541\Debug\01_DAC_ADC_DMA_UART_MATLAB_data_transfer.a(DMA_ADC_dma.o)
 .debug_loc     0x00002e26       0x56 .\CortexM3\ARM_GCC_541\Debug\01_DAC_ADC_DMA_UART_MATLAB_data_transfer.a(ISR_DMA_XFER_DONE.o)
 .debug_loc     0x00002e7c      0x3b2 .\CortexM3\ARM_GCC_541\Debug\01_DAC_ADC_DMA_UART_MATLAB_data_transfer.a(CyFlash.o)
 .debug_loc     0x0000322e      0x705 .\CortexM3\ARM_GCC_541\Debug\01_DAC_ADC_DMA_UART_MATLAB_data_transfer.a(CySpc.o)

.debug_macinfo
 *(.debug_macinfo)

.debug_ranges   0x00000000      0xc08
 *(.debug_ranges)
 .debug_ranges  0x00000000       0x78 .\CortexM3\ARM_GCC_541\Debug\main.o
 .debug_ranges  0x00000078       0x58 .\CortexM3\ARM_GCC_541\Debug\cyfitter_cfg.o
 .debug_ranges  0x000000d0       0x38 .\CortexM3\ARM_GCC_541\Debug\Cm3Start.o
 .debug_ranges  0x00000108       0xc8 .\CortexM3\ARM_GCC_541\Debug\01_DAC_ADC_DMA_UART_MATLAB_data_transfer.a(CyDmac.o)
 .debug_ranges  0x000001d0      0x290 .\CortexM3\ARM_GCC_541\Debug\01_DAC_ADC_DMA_UART_MATLAB_data_transfer.a(CyLib.o)
 .debug_ranges  0x00000460       0x88 .\CortexM3\ARM_GCC_541\Debug\01_DAC_ADC_DMA_UART_MATLAB_data_transfer.a(cyPm.o)
 .debug_ranges  0x000004e8       0xe0 .\CortexM3\ARM_GCC_541\Debug\01_DAC_ADC_DMA_UART_MATLAB_data_transfer.a(UART.o)
 .debug_ranges  0x000005c8       0x10 .\CortexM3\ARM_GCC_541\Debug\01_DAC_ADC_DMA_UART_MATLAB_data_transfer.a(UART_INT.o)
 .debug_ranges  0x000005d8       0x60 .\CortexM3\ARM_GCC_541\Debug\01_DAC_ADC_DMA_UART_MATLAB_data_transfer.a(UART_IntClock.o)
 .debug_ranges  0x00000638       0x70 .\CortexM3\ARM_GCC_541\Debug\01_DAC_ADC_DMA_UART_MATLAB_data_transfer.a(isr_button.o)
 .debug_ranges  0x000006a8       0x28 .\CortexM3\ARM_GCC_541\Debug\01_DAC_ADC_DMA_UART_MATLAB_data_transfer.a(led_red.o)
 .debug_ranges  0x000006d0       0x28 .\CortexM3\ARM_GCC_541\Debug\01_DAC_ADC_DMA_UART_MATLAB_data_transfer.a(led_green.o)
 .debug_ranges  0x000006f8       0x70 .\CortexM3\ARM_GCC_541\Debug\01_DAC_ADC_DMA_UART_MATLAB_data_transfer.a(ISR_UART_Rx.o)
 .debug_ranges  0x00000768       0xd8 .\CortexM3\ARM_GCC_541\Debug\01_DAC_ADC_DMA_UART_MATLAB_data_transfer.a(ADC.o)
 .debug_ranges  0x00000840       0x28 .\CortexM3\ARM_GCC_541\Debug\01_DAC_ADC_DMA_UART_MATLAB_data_transfer.a(ADC_INT.o)
 .debug_ranges  0x00000868       0x20 .\CortexM3\ARM_GCC_541\Debug\01_DAC_ADC_DMA_UART_MATLAB_data_transfer.a(ADC_AMux.o)
 .debug_ranges  0x00000888       0x60 .\CortexM3\ARM_GCC_541\Debug\01_DAC_ADC_DMA_UART_MATLAB_data_transfer.a(ADC_Ext_CP_Clk.o)
 .debug_ranges  0x000008e8       0x70 .\CortexM3\ARM_GCC_541\Debug\01_DAC_ADC_DMA_UART_MATLAB_data_transfer.a(ADC_theACLK.o)
 .debug_ranges  0x00000958       0x28 .\CortexM3\ARM_GCC_541\Debug\01_DAC_ADC_DMA_UART_MATLAB_data_transfer.a(led_yellow.o)
 .debug_ranges  0x00000980       0x40 .\CortexM3\ARM_GCC_541\Debug\01_DAC_ADC_DMA_UART_MATLAB_data_transfer.a(WaveDAC.o)
 .debug_ranges  0x000009c0       0x60 .\CortexM3\ARM_GCC_541\Debug\01_DAC_ADC_DMA_UART_MATLAB_data_transfer.a(WaveDAC_DacClk.o)
 .debug_ranges  0x00000a20       0x18 .\CortexM3\ARM_GCC_541\Debug\01_DAC_ADC_DMA_UART_MATLAB_data_transfer.a(WaveDAC_Wave1_DMA_dma.o)
 .debug_ranges  0x00000a38       0x18 .\CortexM3\ARM_GCC_541\Debug\01_DAC_ADC_DMA_UART_MATLAB_data_transfer.a(WaveDAC_Wave2_DMA_dma.o)
 .debug_ranges  0x00000a50       0x48 .\CortexM3\ARM_GCC_541\Debug\01_DAC_ADC_DMA_UART_MATLAB_data_transfer.a(WaveDAC_VDAC8.o)
 .debug_ranges  0x00000a98       0x18 .\CortexM3\ARM_GCC_541\Debug\01_DAC_ADC_DMA_UART_MATLAB_data_transfer.a(DMA_ADC_dma.o)
 .debug_ranges  0x00000ab0       0x70 .\CortexM3\ARM_GCC_541\Debug\01_DAC_ADC_DMA_UART_MATLAB_data_transfer.a(ISR_DMA_XFER_DONE.o)
 .debug_ranges  0x00000b20       0x78 .\CortexM3\ARM_GCC_541\Debug\01_DAC_ADC_DMA_UART_MATLAB_data_transfer.a(CyFlash.o)
 .debug_ranges  0x00000b98       0x70 .\CortexM3\ARM_GCC_541\Debug\01_DAC_ADC_DMA_UART_MATLAB_data_transfer.a(CySpc.o)

.comment        0x00000000       0x6e
 .comment       0x00000000       0x6e .\CortexM3\ARM_GCC_541\Debug\main.o
                                 0x6f (size before relaxing)
 .comment       0x0000006e       0x6f .\CortexM3\ARM_GCC_541\Debug\cyfitter_cfg.o
 .comment       0x0000006e       0x6f .\CortexM3\ARM_GCC_541\Debug\cymetadata.o
 .comment       0x0000006e       0x6f .\CortexM3\ARM_GCC_541\Debug\Cm3Start.o
 .comment       0x0000006e       0x6f .\CortexM3\ARM_GCC_541\Debug\01_DAC_ADC_DMA_UART_MATLAB_data_transfer.a(CyDmac.o)
 .comment       0x0000006e       0x6f .\CortexM3\ARM_GCC_541\Debug\01_DAC_ADC_DMA_UART_MATLAB_data_transfer.a(CyLib.o)
 .comment       0x0000006e       0x6f .\CortexM3\ARM_GCC_541\Debug\01_DAC_ADC_DMA_UART_MATLAB_data_transfer.a(cyPm.o)
 .comment       0x0000006e       0x6f .\CortexM3\ARM_GCC_541\Debug\01_DAC_ADC_DMA_UART_MATLAB_data_transfer.a(UART.o)
 .comment       0x0000006e       0x6f .\CortexM3\ARM_GCC_541\Debug\01_DAC_ADC_DMA_UART_MATLAB_data_transfer.a(UART_INT.o)
 .comment       0x0000006e       0x6f .\CortexM3\ARM_GCC_541\Debug\01_DAC_ADC_DMA_UART_MATLAB_data_transfer.a(UART_IntClock.o)
 .comment       0x0000006e       0x6f .\CortexM3\ARM_GCC_541\Debug\01_DAC_ADC_DMA_UART_MATLAB_data_transfer.a(isr_button.o)
 .comment       0x0000006e       0x6f .\CortexM3\ARM_GCC_541\Debug\01_DAC_ADC_DMA_UART_MATLAB_data_transfer.a(led_red.o)
 .comment       0x0000006e       0x6f .\CortexM3\ARM_GCC_541\Debug\01_DAC_ADC_DMA_UART_MATLAB_data_transfer.a(led_green.o)
 .comment       0x0000006e       0x6f .\CortexM3\ARM_GCC_541\Debug\01_DAC_ADC_DMA_UART_MATLAB_data_transfer.a(ISR_UART_Rx.o)
 .comment       0x0000006e       0x6f .\CortexM3\ARM_GCC_541\Debug\01_DAC_ADC_DMA_UART_MATLAB_data_transfer.a(ADC.o)
 .comment       0x0000006e       0x6f .\CortexM3\ARM_GCC_541\Debug\01_DAC_ADC_DMA_UART_MATLAB_data_transfer.a(ADC_INT.o)
 .comment       0x0000006e       0x6f .\CortexM3\ARM_GCC_541\Debug\01_DAC_ADC_DMA_UART_MATLAB_data_transfer.a(ADC_AMux.o)
 .comment       0x0000006e       0x6f .\CortexM3\ARM_GCC_541\Debug\01_DAC_ADC_DMA_UART_MATLAB_data_transfer.a(ADC_Ext_CP_Clk.o)
 .comment       0x0000006e       0x6f .\CortexM3\ARM_GCC_541\Debug\01_DAC_ADC_DMA_UART_MATLAB_data_transfer.a(ADC_theACLK.o)
 .comment       0x0000006e       0x6f .\CortexM3\ARM_GCC_541\Debug\01_DAC_ADC_DMA_UART_MATLAB_data_transfer.a(led_yellow.o)
 .comment       0x0000006e       0x6f .\CortexM3\ARM_GCC_541\Debug\01_DAC_ADC_DMA_UART_MATLAB_data_transfer.a(WaveDAC.o)
 .comment       0x0000006e       0x6f .\CortexM3\ARM_GCC_541\Debug\01_DAC_ADC_DMA_UART_MATLAB_data_transfer.a(WaveDAC_DacClk.o)
 .comment       0x0000006e       0x6f .\CortexM3\ARM_GCC_541\Debug\01_DAC_ADC_DMA_UART_MATLAB_data_transfer.a(WaveDAC_Wave1_DMA_dma.o)
 .comment       0x0000006e       0x6f .\CortexM3\ARM_GCC_541\Debug\01_DAC_ADC_DMA_UART_MATLAB_data_transfer.a(WaveDAC_Wave2_DMA_dma.o)
 .comment       0x0000006e       0x6f .\CortexM3\ARM_GCC_541\Debug\01_DAC_ADC_DMA_UART_MATLAB_data_transfer.a(WaveDAC_VDAC8.o)
 .comment       0x0000006e       0x6f .\CortexM3\ARM_GCC_541\Debug\01_DAC_ADC_DMA_UART_MATLAB_data_transfer.a(DMA_ADC_dma.o)
 .comment       0x0000006e       0x6f .\CortexM3\ARM_GCC_541\Debug\01_DAC_ADC_DMA_UART_MATLAB_data_transfer.a(ISR_DMA_XFER_DONE.o)
 .comment       0x0000006e       0x6f .\CortexM3\ARM_GCC_541\Debug\01_DAC_ADC_DMA_UART_MATLAB_data_transfer.a(CyFlash.o)
 .comment       0x0000006e       0x6f .\CortexM3\ARM_GCC_541\Debug\01_DAC_ADC_DMA_UART_MATLAB_data_transfer.a(CySpc.o)

.debug_weaknames
 *(.debug_weaknames)

.debug_funcnames
 *(.debug_funcnames)

.debug_typenames
 *(.debug_typenames)

.debug_varnames
 *(.debug_varnames)

.note.gnu.arm.ident
 *(.note.gnu.arm.ident)

.ARM.attributes
                0x00000000       0x29
 *(.ARM.attributes)
 .ARM.attributes
                0x00000000       0x1d c:/program files (x86)/cypress/psoc creator/4.2/psoc creator/import/gnu/arm/5.4.1/bin/../lib/gcc/arm-none-eabi/5.4.1/armv7-m/crti.o
 .ARM.attributes
                0x0000001d       0x2d c:/program files (x86)/cypress/psoc creator/4.2/psoc creator/import/gnu/arm/5.4.1/bin/../lib/gcc/arm-none-eabi/5.4.1/armv7-m/crtbegin.o
 .ARM.attributes
                0x0000004a       0x1b c:/program files (x86)/cypress/psoc creator/4.2/psoc creator/import/gnu/arm/5.4.1/bin/../lib/gcc/arm-none-eabi/5.4.1/../../../../arm-none-eabi/lib/armv7-m/crt0.o
 .ARM.attributes
                0x00000065       0x33 .\CortexM3\ARM_GCC_541\Debug\main.o
 .ARM.attributes
                0x00000098       0x33 .\CortexM3\ARM_GCC_541\Debug\cyfitter_cfg.o
 .ARM.attributes
                0x000000cb       0x33 .\CortexM3\ARM_GCC_541\Debug\cymetadata.o
 .ARM.attributes
                0x000000fe       0x33 .\CortexM3\ARM_GCC_541\Debug\Cm3Start.o
 .ARM.attributes
                0x00000131       0x33 .\CortexM3\ARM_GCC_541\Debug\01_DAC_ADC_DMA_UART_MATLAB_data_transfer.a(CyDmac.o)
 .ARM.attributes
                0x00000164       0x33 .\CortexM3\ARM_GCC_541\Debug\01_DAC_ADC_DMA_UART_MATLAB_data_transfer.a(CyLib.o)
 .ARM.attributes
                0x00000197       0x33 .\CortexM3\ARM_GCC_541\Debug\01_DAC_ADC_DMA_UART_MATLAB_data_transfer.a(cyPm.o)
 .ARM.attributes
                0x000001ca       0x33 .\CortexM3\ARM_GCC_541\Debug\01_DAC_ADC_DMA_UART_MATLAB_data_transfer.a(UART.o)
 .ARM.attributes
                0x000001fd       0x33 .\CortexM3\ARM_GCC_541\Debug\01_DAC_ADC_DMA_UART_MATLAB_data_transfer.a(UART_INT.o)
 .ARM.attributes
                0x00000230       0x33 .\CortexM3\ARM_GCC_541\Debug\01_DAC_ADC_DMA_UART_MATLAB_data_transfer.a(UART_IntClock.o)
 .ARM.attributes
                0x00000263       0x33 .\CortexM3\ARM_GCC_541\Debug\01_DAC_ADC_DMA_UART_MATLAB_data_transfer.a(isr_button.o)
 .ARM.attributes
                0x00000296       0x33 .\CortexM3\ARM_GCC_541\Debug\01_DAC_ADC_DMA_UART_MATLAB_data_transfer.a(led_red.o)
 .ARM.attributes
                0x000002c9       0x33 .\CortexM3\ARM_GCC_541\Debug\01_DAC_ADC_DMA_UART_MATLAB_data_transfer.a(led_green.o)
 .ARM.attributes
                0x000002fc       0x33 .\CortexM3\ARM_GCC_541\Debug\01_DAC_ADC_DMA_UART_MATLAB_data_transfer.a(ISR_UART_Rx.o)
 .ARM.attributes
                0x0000032f       0x33 .\CortexM3\ARM_GCC_541\Debug\01_DAC_ADC_DMA_UART_MATLAB_data_transfer.a(ADC.o)
 .ARM.attributes
                0x00000362       0x33 .\CortexM3\ARM_GCC_541\Debug\01_DAC_ADC_DMA_UART_MATLAB_data_transfer.a(ADC_INT.o)
 .ARM.attributes
                0x00000395       0x33 .\CortexM3\ARM_GCC_541\Debug\01_DAC_ADC_DMA_UART_MATLAB_data_transfer.a(ADC_AMux.o)
 .ARM.attributes
                0x000003c8       0x33 .\CortexM3\ARM_GCC_541\Debug\01_DAC_ADC_DMA_UART_MATLAB_data_transfer.a(ADC_Ext_CP_Clk.o)
 .ARM.attributes
                0x000003fb       0x33 .\CortexM3\ARM_GCC_541\Debug\01_DAC_ADC_DMA_UART_MATLAB_data_transfer.a(ADC_theACLK.o)
 .ARM.attributes
                0x0000042e       0x33 .\CortexM3\ARM_GCC_541\Debug\01_DAC_ADC_DMA_UART_MATLAB_data_transfer.a(led_yellow.o)
 .ARM.attributes
                0x00000461       0x33 .\CortexM3\ARM_GCC_541\Debug\01_DAC_ADC_DMA_UART_MATLAB_data_transfer.a(WaveDAC.o)
 .ARM.attributes
                0x00000494       0x33 .\CortexM3\ARM_GCC_541\Debug\01_DAC_ADC_DMA_UART_MATLAB_data_transfer.a(WaveDAC_DacClk.o)
 .ARM.attributes
                0x000004c7       0x33 .\CortexM3\ARM_GCC_541\Debug\01_DAC_ADC_DMA_UART_MATLAB_data_transfer.a(WaveDAC_Wave1_DMA_dma.o)
 .ARM.attributes
                0x000004fa       0x33 .\CortexM3\ARM_GCC_541\Debug\01_DAC_ADC_DMA_UART_MATLAB_data_transfer.a(WaveDAC_Wave2_DMA_dma.o)
 .ARM.attributes
                0x0000052d       0x33 .\CortexM3\ARM_GCC_541\Debug\01_DAC_ADC_DMA_UART_MATLAB_data_transfer.a(WaveDAC_VDAC8.o)
 .ARM.attributes
                0x00000560       0x33 .\CortexM3\ARM_GCC_541\Debug\01_DAC_ADC_DMA_UART_MATLAB_data_transfer.a(DMA_ADC_dma.o)
 .ARM.attributes
                0x00000593       0x33 .\CortexM3\ARM_GCC_541\Debug\01_DAC_ADC_DMA_UART_MATLAB_data_transfer.a(ISR_DMA_XFER_DONE.o)
 .ARM.attributes
                0x000005c6       0x21 .\CortexM3\ARM_GCC_541\Debug\01_DAC_ADC_DMA_UART_MATLAB_data_transfer.a(CyBootAsmGnu.o)
 .ARM.attributes
                0x000005e7       0x33 .\CortexM3\ARM_GCC_541\Debug\01_DAC_ADC_DMA_UART_MATLAB_data_transfer.a(CyFlash.o)
 .ARM.attributes
                0x0000061a       0x33 .\CortexM3\ARM_GCC_541\Debug\01_DAC_ADC_DMA_UART_MATLAB_data_transfer.a(CySpc.o)
 .ARM.attributes
                0x0000064d       0x1d c:/program files (x86)/cypress/psoc creator/4.2/psoc creator/import/gnu/arm/5.4.1/bin/../lib/gcc/arm-none-eabi/5.4.1/armv7-m\libgcc.a(_arm_addsubdf3.o)
 .ARM.attributes
                0x0000066a       0x1d c:/program files (x86)/cypress/psoc creator/4.2/psoc creator/import/gnu/arm/5.4.1/bin/../lib/gcc/arm-none-eabi/5.4.1/armv7-m\libgcc.a(_arm_cmpdf2.o)
 .ARM.attributes
                0x00000687       0x1d c:/program files (x86)/cypress/psoc creator/4.2/psoc creator/import/gnu/arm/5.4.1/bin/../lib/gcc/arm-none-eabi/5.4.1/armv7-m\libgcc.a(_arm_addsubsf3.o)
 .ARM.attributes
                0x000006a4       0x1d c:/program files (x86)/cypress/psoc creator/4.2/psoc creator/import/gnu/arm/5.4.1/bin/../lib/gcc/arm-none-eabi/5.4.1/armv7-m\libgcc.a(_arm_muldivsf3.o)
 .ARM.attributes
                0x000006c1       0x1d c:/program files (x86)/cypress/psoc creator/4.2/psoc creator/import/gnu/arm/5.4.1/bin/../lib/gcc/arm-none-eabi/5.4.1/armv7-m\libgcc.a(_arm_fixunssfsi.o)
 .ARM.attributes
                0x000006de       0x2d c:/program files (x86)/cypress/psoc creator/4.2/psoc creator/import/gnu/arm/5.4.1/bin/../lib/gcc/arm-none-eabi/5.4.1/../../../../arm-none-eabi/lib/armv7-m\libg_nano.a(lib_a-errno.o)
 .ARM.attributes
                0x0000070b       0x2d c:/program files (x86)/cypress/psoc creator/4.2/psoc creator/import/gnu/arm/5.4.1/bin/../lib/gcc/arm-none-eabi/5.4.1/../../../../arm-none-eabi/lib/armv7-m\libg_nano.a(lib_a-exit.o)
 .ARM.attributes
                0x00000738       0x2d c:/program files (x86)/cypress/psoc creator/4.2/psoc creator/import/gnu/arm/5.4.1/bin/../lib/gcc/arm-none-eabi/5.4.1/../../../../arm-none-eabi/lib/armv7-m\libg_nano.a(lib_a-impure.o)
 .ARM.attributes
                0x00000765       0x2d c:/program files (x86)/cypress/psoc creator/4.2/psoc creator/import/gnu/arm/5.4.1/bin/../lib/gcc/arm-none-eabi/5.4.1/../../../../arm-none-eabi/lib/armv7-m\libg_nano.a(lib_a-init.o)
 .ARM.attributes
                0x00000792       0x2d c:/program files (x86)/cypress/psoc creator/4.2/psoc creator/import/gnu/arm/5.4.1/bin/../lib/gcc/arm-none-eabi/5.4.1/../../../../arm-none-eabi/lib/armv7-m\libg_nano.a(lib_a-memcpy-stub.o)
 .ARM.attributes
                0x000007bf       0x2d c:/program files (x86)/cypress/psoc creator/4.2/psoc creator/import/gnu/arm/5.4.1/bin/../lib/gcc/arm-none-eabi/5.4.1/../../../../arm-none-eabi/lib/armv7-m\libg_nano.a(lib_a-memset.o)
 .ARM.attributes
                0x000007ec       0x2d c:/program files (x86)/cypress/psoc creator/4.2/psoc creator/import/gnu/arm/5.4.1/bin/../lib/gcc/arm-none-eabi/5.4.1/armv7-m/crtend.o
 .ARM.attributes
                0x00000819       0x1d c:/program files (x86)/cypress/psoc creator/4.2/psoc creator/import/gnu/arm/5.4.1/bin/../lib/gcc/arm-none-eabi/5.4.1/armv7-m/crtn.o

/DISCARD/
 *(.note.GNU-stack)
OUTPUT(D:\h_da\Lecturs\SS-20-Systytem Driven Hardware Design\freeSoC2\ADC_2_UART_DMA_Transfer\Workspace01\01_DAC_ADC_DMA_UART_MATLAB_data_transfer.cydsn\CortexM3\ARM_GCC_541\Debug\01_DAC_ADC_DMA_UART_MATLAB_data_transfer.elf elf32-littlearm)
